../raydio103/drivers/st7920.c:26:6:delay_us	0	static
../raydio103/drivers/st7920.c:36:6:ST7920_SendCmd	24	static
../raydio103/drivers/st7920.c:52:6:ST7920_SendData	24	static
../raydio103/drivers/st7920.c:71:6:ST7920_SendData2	16	static
../raydio103/drivers/st7920.c:124:6:ST7920_SendString	8	static
../raydio103/drivers/st7920.c:154:6:ST7920_GraphicMode	8	static
../raydio103/drivers/st7920.c:177:6:gotoXY	8	static
../raydio103/drivers/st7920.c:186:6:ST7920_DrawBitmap	32	static
../raydio103/drivers/st7920.c:243:6:GLCD_Buf_Clear	0	static
../raydio103/drivers/st7920.c:252:6:ST7920_Update	8	static
../raydio103/drivers/st7920.c:263:6:ST7920_Switch	8	static
../raydio103/drivers/st7920.c:269:6:ST7920_Clear	16	static
../raydio103/drivers/st7920.c:322:6:ST7920_Init	8	static
../raydio103/drivers/st7920.c:357:6:SetPixel	4	static
../raydio103/drivers/st7920.c:372:6:ClearPixel	4	static
../raydio103/drivers/st7920.c:387:6:TogglePixel	8	static
../raydio103/drivers/st7920.c:401:6:DrawLine	48	static
../raydio103/drivers/st7920.c:432:6:DrawRectangle	24	static
../raydio103/drivers/st7920.c:463:6:DrawFilledRectangle	24	static
../raydio103/drivers/st7920.c:495:6:DrawCircle	56	static
../raydio103/drivers/st7920.c:532:6:DrawFilledCircle	56	static
../raydio103/drivers/st7920.c:598:6:DrawTriangle	32	static
../raydio103/drivers/st7920.c:607:6:DrawFilledTriangle	56	static
../raydio103/drivers/st7920.c:668:6:ClearLine	48	static
../raydio103/drivers/st7920.c:565:6:ClearFilledCircle	56	static
../raydio103/drivers/st7920.c:695:6:ToggleLine	48	static
../raydio103/drivers/st7920.c:734:6:GLCD_Font_New	20	static
../raydio103/drivers/st7920.c:831:6:GLCD_Font_Print	8	static
../raydio103/drivers/st7920.c:854:6:GLCD_ICON_Print	8	static
../raydio103/drivers/st7920.c:866:6:ToggleRectangle	24	static
../raydio103/drivers/st7920.c:895:6:GLCD_Test	0	static
