../raydio103/drivers/st7920.c:26:6:delay_us	0	static
../raydio103/drivers/st7920.c:36:6:ST7920_SendCmd	24	static
../raydio103/drivers/st7920.c:52:6:ST7920_SendData	24	static
../raydio103/drivers/st7920.c:68:6:ST7920_GraphicMode	8	static
../raydio103/drivers/st7920.c:91:6:gotoXY	8	static
../raydio103/drivers/st7920.c:100:6:ST7920_DrawBitmap	24	static
../raydio103/drivers/st7920.c:157:6:GLCD_Buf_Clear	0	static
../raydio103/drivers/st7920.c:166:6:ST7920_Update	8	static
../raydio103/drivers/st7920.c:173:6:ST7920_Switch	8	static
../raydio103/drivers/st7920.c:179:6:ST7920_Clear	16	static
../raydio103/drivers/st7920.c:232:6:ST7920_Init	8	static
../raydio103/drivers/st7920.c:264:6:SetPixel	4	static
../raydio103/drivers/st7920.c:279:6:ClearPixel	4	static
../raydio103/drivers/st7920.c:332:6:gfxDrawPoints	8	static
../raydio103/drivers/st7920.c:349:6:gfxDrawSmeter	8	static
../raydio103/drivers/st7920.c:398:6:gfxDrawFFT	4	static
../raydio103/drivers/st7920.c:483:6:GLCD_Font_PrintNew	48	static
../raydio103/drivers/st7920.c:426:6:gfxDemoDraw	24	static
../raydio103/drivers/st7920.c:462:6:gfxDemo	8	static
../raydio103/drivers/st7920.c:516:6:GLCD_Font_Print	8	static
../raydio103/drivers/st7920.c:540:6:GLCD_ICON_Print	8	static
../raydio103/drivers/st7920.c:552:6:ToggleRectangle	24	static
../raydio103/drivers/st7920.c:581:6:GLCD_Test	0	static
