../raydio103/drivers/ST7920_SPI.c:30:6:setFontMinWd	16	static
../raydio103/drivers/ST7920_SPI.c:31:8:setCharMinWd	16	static
../raydio103/drivers/ST7920_SPI.c:32:8:setDigitMinWd	16	static
../raydio103/drivers/ST7920_SPI.c:33:8:setIsNumberFun	16	static
../raydio103/drivers/ST7920_SPI.c:37:8:setCR	16	static
../raydio103/drivers/ST7920_SPI.c:39:8:setInvert	16	static
../raydio103/drivers/ST7920_SPI.c:42:8:spiSelect	8	static
../raydio103/drivers/ST7920_SPI.c:46:8:spiDeselect	8	static
../raydio103/drivers/ST7920_SPI.c:50:6:init	8	static
../raydio103/drivers/ST7920_SPI.c:68:6:sendCmd	24	static
../raydio103/drivers/ST7920_SPI.c:92:6:sendData	24	static
../raydio103/drivers/ST7920_SPI.c:107:6:gotoXY	16	static
../raydio103/drivers/ST7920_SPI.c:118:6:setGfxMode	16	static
../raydio103/drivers/ST7920_SPI.c:129:6:sleep	16	static
../raydio103/drivers/ST7920_SPI.c:136:6:switchBuf	16	static
../raydio103/drivers/ST7920_SPI.c:146:6:display	32	static
../raydio103/drivers/ST7920_SPI.c:177:6:copy	40	static
../raydio103/drivers/ST7920_SPI.c:207:6:cls	8	static
../raydio103/drivers/ST7920_SPI.c:214:6:drawPixel	16	static
../raydio103/drivers/ST7920_SPI.c:224:6:drawLine	48	static
../raydio103/drivers/ST7920_SPI.c:241:6:drawLineH	32	static
../raydio103/drivers/ST7920_SPI.c:247:6:drawLineV	32	static
../raydio103/drivers/ST7920_SPI.c:254:6:drawLineVfast	32	static
../raydio103/drivers/ST7920_SPI.c:269:6:drawLineVfastD	32	static
../raydio103/drivers/ST7920_SPI.c:289:6:drawLineHfast	40	static
../raydio103/drivers/ST7920_SPI.c:321:6:drawLineHfastD	40	static
../raydio103/drivers/ST7920_SPI.c:352:6:drawRect	32	static
../raydio103/drivers/ST7920_SPI.c:364:6:drawRectD	32	static
../raydio103/drivers/ST7920_SPI.c:375:6:fillRect	32	static
../raydio103/drivers/ST7920_SPI.c:384:6:fillRectD	32	static
../raydio103/drivers/ST7920_SPI.c:393:6:drawCircle	48	static
../raydio103/drivers/ST7920_SPI.c:422:6:fillCircle	40	static
../raydio103/drivers/ST7920_SPI.c:448:6:fillCircleD	40	static
../raydio103/drivers/ST7920_SPI.c:498:6:setDither	16	static
../raydio103/drivers/ST7920_SPI.c:516:5:drawBitmap	56	static
../raydio103/drivers/ST7920_SPI.c:536:5:drawBitmap2	40	static
../raydio103/drivers/ST7920_SPI.c:545:6:setFont	16	static
../raydio103/drivers/ST7920_SPI.c:560:5:charWidth	40	static
../raydio103/drivers/ST7920_SPI.c:583:5:strWidth	24	static
../raydio103/drivers/ST7920_SPI.c:590:5:printChar	72	static
../raydio103/drivers/ST7920_SPI.c:632:5:printStr	56	static
../raydio103/drivers/ST7920_SPI.c:659:6:printTxt	16	static
../raydio103/drivers/ST7920_SPI.c:666:6:printTxt2	16	static
../raydio103/drivers/ST7920_SPI.c:673:6:isNumber	16	static
../raydio103/drivers/ST7920_SPI.c:678:6:isNumberExt	16	static
../raydio103/drivers/ST7920_SPI.c:683:15:convertPolish	24	static
