../raydio103/trash/ST7920_SPI.c:673:6:isNumber	0	static
../raydio103/trash/ST7920_SPI.c:30:6:setFontMinWd	0	static
../raydio103/trash/ST7920_SPI.c:31:8:setCharMinWd	0	static
../raydio103/trash/ST7920_SPI.c:32:8:setDigitMinWd	0	static
../raydio103/trash/ST7920_SPI.c:33:8:setIsNumberFun	0	static
../raydio103/trash/ST7920_SPI.c:37:8:setCR	0	static
../raydio103/trash/ST7920_SPI.c:39:8:setInvert	0	static
../raydio103/trash/ST7920_SPI.c:42:8:spiSelect	8	static
../raydio103/trash/ST7920_SPI.c:46:8:spiDeselect	8	static
../raydio103/trash/ST7920_SPI.c:68:6:sendCmd	16	static
../raydio103/trash/ST7920_SPI.c:92:6:sendData	16	static
../raydio103/trash/ST7920_SPI.c:107:6:gotoXY	8	static
../raydio103/trash/ST7920_SPI.c:118:6:setGfxMode	8	static
../raydio103/trash/ST7920_SPI.c:50:6:init	8	static
../raydio103/trash/ST7920_SPI.c:129:6:sleep	8	static
../raydio103/trash/ST7920_SPI.c:136:6:switchBuf	8	static
../raydio103/trash/ST7920_SPI.c:146:6:display	24	static
../raydio103/trash/ST7920_SPI.c:177:6:copy	56	static
../raydio103/trash/ST7920_SPI.c:207:6:cls	8	static
../raydio103/trash/ST7920_SPI.c:214:6:drawPixel	0	static
../raydio103/trash/ST7920_SPI.c:224:6:drawLine	48	static
../raydio103/trash/ST7920_SPI.c:241:6:drawLineH	24	static
../raydio103/trash/ST7920_SPI.c:247:6:drawLineV	24	static
../raydio103/trash/ST7920_SPI.c:254:6:drawLineVfast	16	static
../raydio103/trash/ST7920_SPI.c:269:6:drawLineVfastD	16	static
../raydio103/trash/ST7920_SPI.c:289:6:drawLineHfast	12	static
../raydio103/trash/ST7920_SPI.c:321:6:drawLineHfastD	20	static
../raydio103/trash/ST7920_SPI.c:352:6:drawRect	32	static
../raydio103/trash/ST7920_SPI.c:364:6:drawRectD	32	static
../raydio103/trash/ST7920_SPI.c:375:6:fillRect	32	static
../raydio103/trash/ST7920_SPI.c:384:6:fillRectD	32	static
../raydio103/trash/ST7920_SPI.c:393:6:drawCircle	64	static
../raydio103/trash/ST7920_SPI.c:422:6:fillCircle	64	static
../raydio103/trash/ST7920_SPI.c:448:6:fillCircleD	64	static
../raydio103/trash/ST7920_SPI.c:498:6:setDither	0	static
../raydio103/trash/ST7920_SPI.c:516:5:drawBitmap	56	static
../raydio103/trash/ST7920_SPI.c:536:5:drawBitmap2	32	static
../raydio103/trash/ST7920_SPI.c:545:6:setFont	8	static
../raydio103/trash/ST7920_SPI.c:659:6:printTxt	16	static
../raydio103/trash/ST7920_SPI.c:666:6:printTxt2	16	static
../raydio103/trash/ST7920_SPI.c:683:15:convertPolish	0	static
../raydio103/trash/ST7920_SPI.c:560:5:charWidth	24	static
../raydio103/trash/ST7920_SPI.c:583:5:strWidth	16	static
../raydio103/trash/ST7920_SPI.c:590:5:printChar	56	static
../raydio103/trash/ST7920_SPI.c:632:5:printStr	32	static
