Archive member included to satisfy reference by file (symbol)

D:\raydio103\raydio103\Drivers\CMSIS\Lib\GCC\libarm_cortexM3l_math.a(arm_copy_q31.o)
                              ./raydio103/src/fft.o (arm_copy_q31)
D:\raydio103\raydio103\Drivers\CMSIS\Lib\GCC\libarm_cortexM3l_math.a(arm_cfft_q31.o)
                              ./raydio103/src/fft.o (arm_cfft_q31)
D:\raydio103\raydio103\Drivers\CMSIS\Lib\GCC\libarm_cortexM3l_math.a(arm_bitreversal2.o)
                              D:\raydio103\raydio103\Drivers\CMSIS\Lib\GCC\libarm_cortexM3l_math.a(arm_cfft_q31.o) (arm_bitreversal_32)
D:\raydio103\raydio103\Drivers\CMSIS\Lib\GCC\libarm_cortexM3l_math.a(arm_cfft_radix4_q31.o)
                              D:\raydio103\raydio103\Drivers\CMSIS\Lib\GCC\libarm_cortexM3l_math.a(arm_cfft_q31.o) (arm_radix4_butterfly_q31)
D:\raydio103\raydio103\Drivers\CMSIS\Lib\GCC\libarm_cortexM3l_math.a(arm_fir_q31.o)
                              ./raydio103/src/dsp.o (arm_fir_q31)
D:\raydio103\raydio103\Drivers\CMSIS\Lib\GCC\libarm_cortexM3l_math.a(arm_fir_init_q31.o)
                              ./raydio103/src/dsp.o (arm_fir_init_q31)
D:\raydio103\raydio103\Drivers\CMSIS\Lib\GCC\libarm_cortexM3l_math.a(arm_cmplx_mag_q31.o)
                              ./raydio103/src/fft.o (arm_cmplx_mag_q31)
D:\raydio103\raydio103\Drivers\CMSIS\Lib\GCC\libarm_cortexM3l_math.a(arm_sqrt_q31.o)
                              D:\raydio103\raydio103\Drivers\CMSIS\Lib\GCC\libarm_cortexM3l_math.a(arm_cmplx_mag_q31.o) (arm_sqrt_q31)
D:\raydio103\raydio103\Drivers\CMSIS\Lib\GCC\libarm_cortexM3l_math.a(arm_scale_q31.o)
                              ./raydio103/src/fft.o (arm_scale_q31)
D:\raydio103\raydio103\Drivers\CMSIS\Lib\GCC\libarm_cortexM3l_math.a(arm_bitreversal.o)
                              D:\raydio103\raydio103\Drivers\CMSIS\Lib\GCC\libarm_cortexM3l_math.a(arm_cfft_radix4_q31.o) (arm_bitreversal_q31)
d:/st/stm32cubeide_1.6.1/stm32cubeide/plugins/com.st.stm32cube.ide.mcu.externaltools.gnu-tools-for-stm32.10.3-2021.10.win32_1.0.0.202111181127/tools/bin/../lib/gcc/arm-none-eabi/10.3.1/../../../../arm-none-eabi/lib/thumb/v7-m/nofp\libc_nano.a(lib_a-errno.o)
                              ./Core/Src/syscalls.o (__errno)
d:/st/stm32cubeide_1.6.1/stm32cubeide/plugins/com.st.stm32cube.ide.mcu.externaltools.gnu-tools-for-stm32.10.3-2021.10.win32_1.0.0.202111181127/tools/bin/../lib/gcc/arm-none-eabi/10.3.1/../../../../arm-none-eabi/lib/thumb/v7-m/nofp\libc_nano.a(lib_a-exit.o)
                              d:/st/stm32cubeide_1.6.1/stm32cubeide/plugins/com.st.stm32cube.ide.mcu.externaltools.gnu-tools-for-stm32.10.3-2021.10.win32_1.0.0.202111181127/tools/bin/../lib/gcc/arm-none-eabi/10.3.1/../../../../arm-none-eabi/lib/thumb/v7-m/nofp/crt0.o (exit)
d:/st/stm32cubeide_1.6.1/stm32cubeide/plugins/com.st.stm32cube.ide.mcu.externaltools.gnu-tools-for-stm32.10.3-2021.10.win32_1.0.0.202111181127/tools/bin/../lib/gcc/arm-none-eabi/10.3.1/../../../../arm-none-eabi/lib/thumb/v7-m/nofp\libc_nano.a(lib_a-impure.o)
                              d:/st/stm32cubeide_1.6.1/stm32cubeide/plugins/com.st.stm32cube.ide.mcu.externaltools.gnu-tools-for-stm32.10.3-2021.10.win32_1.0.0.202111181127/tools/bin/../lib/gcc/arm-none-eabi/10.3.1/../../../../arm-none-eabi/lib/thumb/v7-m/nofp\libc_nano.a(lib_a-exit.o) (_global_impure_ptr)
d:/st/stm32cubeide_1.6.1/stm32cubeide/plugins/com.st.stm32cube.ide.mcu.externaltools.gnu-tools-for-stm32.10.3-2021.10.win32_1.0.0.202111181127/tools/bin/../lib/gcc/arm-none-eabi/10.3.1/../../../../arm-none-eabi/lib/thumb/v7-m/nofp\libc_nano.a(lib_a-init.o)
                              d:/st/stm32cubeide_1.6.1/stm32cubeide/plugins/com.st.stm32cube.ide.mcu.externaltools.gnu-tools-for-stm32.10.3-2021.10.win32_1.0.0.202111181127/tools/bin/../lib/gcc/arm-none-eabi/10.3.1/../../../../arm-none-eabi/lib/thumb/v7-m/nofp/crt0.o (__libc_init_array)
d:/st/stm32cubeide_1.6.1/stm32cubeide/plugins/com.st.stm32cube.ide.mcu.externaltools.gnu-tools-for-stm32.10.3-2021.10.win32_1.0.0.202111181127/tools/bin/../lib/gcc/arm-none-eabi/10.3.1/../../../../arm-none-eabi/lib/thumb/v7-m/nofp\libc_nano.a(lib_a-memset.o)
                              d:/st/stm32cubeide_1.6.1/stm32cubeide/plugins/com.st.stm32cube.ide.mcu.externaltools.gnu-tools-for-stm32.10.3-2021.10.win32_1.0.0.202111181127/tools/bin/../lib/gcc/arm-none-eabi/10.3.1/../../../../arm-none-eabi/lib/thumb/v7-m/nofp/crt0.o (memset)
d:/st/stm32cubeide_1.6.1/stm32cubeide/plugins/com.st.stm32cube.ide.mcu.externaltools.gnu-tools-for-stm32.10.3-2021.10.win32_1.0.0.202111181127/tools/bin/../lib/gcc/arm-none-eabi/10.3.1/../../../../arm-none-eabi/lib/thumb/v7-m/nofp\libc_nano.a(lib_a-nano-vfprintf_float.o)
                              (_printf_float)
d:/st/stm32cubeide_1.6.1/stm32cubeide/plugins/com.st.stm32cube.ide.mcu.externaltools.gnu-tools-for-stm32.10.3-2021.10.win32_1.0.0.202111181127/tools/bin/../lib/gcc/arm-none-eabi/10.3.1/../../../../arm-none-eabi/lib/thumb/v7-m/nofp\libc_nano.a(lib_a-nano-vfprintf_i.o)
[...]
Memory Configuration

Name             Origin             Length             Attributes
RAM              0x0000000020000000 0x0000000000005000 xrw
FLASH            0x0000000008000000 0x0000000000010000 xr
*default*        0x0000000000000000 0xffffffffffffffff

Linker script and memory map

LOAD d:/st/stm32cubeide_1.6.1/stm32cubeide/plugins/com.st.stm32cube.ide.mcu.externaltools.gnu-tools-for-stm32.10.3-2021.10.win32_1.0.0.202111181127/tools/bin/../lib/gcc/arm-none-eabi/10.3.1/thumb/v7-m/nofp/crti.o
LOAD d:/st/stm32cubeide_1.6.1/stm32cubeide/plugins/com.st.stm32cube.ide.mcu.externaltools.gnu-tools-for-stm32.10.3-2021.10.win32_1.0.0.202111181127/tools/bin/../lib/gcc/arm-none-eabi/10.3.1/thumb/v7-m/nofp/crtbegin.o
LOAD d:/st/stm32cubeide_1.6.1/stm32cubeide/plugins/com.st.stm32cube.ide.mcu.externaltools.gnu-tools-for-stm32.10.3-2021.10.win32_1.0.0.202111181127/tools/bin/../lib/gcc/arm-none-eabi/10.3.1/../../../../arm-none-eabi/lib/thumb/v7-m/nofp/crt0.o
LOAD ./Core/Src/main.o
LOAD ./Core/Src/stm32f1xx_hal_msp.o
LOAD ./Core/Src/stm32f1xx_it.o
LOAD ./Core/Src/syscalls.o
LOAD ./Core/Src/sysmem.o
LOAD ./Core/Src/system_stm32f1xx.o
LOAD ./Core/Startup/startup_stm32f103c8tx.o
LOAD ./Drivers/STM32F1xx_HAL_Driver/Src/stm32f1xx_hal.o
LOAD ./Drivers/STM32F1xx_HAL_Driver/Src/stm32f1xx_hal_adc.o
LOAD ./Drivers/STM32F1xx_HAL_Driver/Src/stm32f1xx_hal_adc_ex.o
LOAD ./Drivers/STM32F1xx_HAL_Driver/Src/stm32f1xx_hal_cortex.o
LOAD ./Drivers/STM32F1xx_HAL_Driver/Src/stm32f1xx_hal_dma.o
LOAD ./Drivers/STM32F1xx_HAL_Driver/Src/stm32f1xx_hal_exti.o
LOAD ./Drivers/STM32F1xx_HAL_Driver/Src/stm32f1xx_hal_flash.o
LOAD ./Drivers/STM32F1xx_HAL_Driver/Src/stm32f1xx_hal_flash_ex.o
LOAD ./Drivers/STM32F1xx_HAL_Driver/Src/stm32f1xx_hal_gpio.o
LOAD ./Drivers/STM32F1xx_HAL_Driver/Src/stm32f1xx_hal_gpio_ex.o
LOAD ./Drivers/STM32F1xx_HAL_Driver/Src/stm32f1xx_hal_pwr.o
LOAD ./Drivers/STM32F1xx_HAL_Driver/Src/stm32f1xx_hal_rcc.o
LOAD ./Drivers/STM32F1xx_HAL_Driver/Src/stm32f1xx_hal_rcc_ex.o
LOAD ./Drivers/STM32F1xx_HAL_Driver/Src/stm32f1xx_hal_spi.o
LOAD ./Drivers/STM32F1xx_HAL_Driver/Src/stm32f1xx_hal_tim.o
LOAD ./Drivers/STM32F1xx_HAL_Driver/Src/stm32f1xx_hal_tim_ex.o
LOAD ./raydio103/drivers/st7920.o
LOAD ./raydio103/src/dsp.o
LOAD ./raydio103/src/fft.o
LOAD D:\raydio103\raydio103\Drivers\CMSIS\Lib\GCC\libarm_cortexM3l_math.a
START GROUP
LOAD d:/st/stm32cubeide_1.6.1/stm32cubeide/plugins/com.st.stm32cube.ide.mcu.externaltools.gnu-tools-for-stm32.10.3-2021.10.win32_1.0.0.202111181127/tools/bin/../lib/gcc/arm-none-eabi/10.3.1/../../../../arm-none-eabi/lib/thumb/v7-m/nofp\libc_nano.a
LOAD d:/st/stm32cubeide_1.6.1/stm32cubeide/plugins/com.st.stm32cube.ide.mcu.externaltools.gnu-tools-for-stm32.10.3-2021.10.win32_1.0.0.202111181127/tools/bin/../lib/gcc/arm-none-eabi/10.3.1/../../../../arm-none-eabi/lib/thumb/v7-m/nofp\libm.a
END GROUP
START GROUP
LOAD d:/st/stm32cubeide_1.6.1/stm32cubeide/plugins/com.st.stm32cube.ide.mcu.externaltools.gnu-tools-for-stm32.10.3-2021.10.win32_1.0.0.202111181127/tools/bin/../lib/gcc/arm-none-eabi/10.3.1/thumb/v7-m/nofp\libgcc.a
LOAD d:/st/stm32cubeide_1.6.1/stm32cubeide/plugins/com.st.stm32cube.ide.mcu.externaltools.gnu-tools-for-stm32.10.3-2021.10.win32_1.0.0.202111181127/tools/bin/../lib/gcc/arm-none-eabi/10.3.1/../../../../arm-none-eabi/lib/thumb/v7-m/nofp\libc_nano.a
END GROUP
START GROUP
LOAD d:/st/stm32cubeide_1.6.1/stm32cubeide/plugins/com.st.stm32cube.ide.mcu.externaltools.gnu-tools-for-stm32.10.3-2021.10.win32_1.0.0.202111181127/tools/bin/../lib/gcc/arm-none-eabi/10.3.1/thumb/v7-m/nofp\libgcc.a
LOAD d:/st/stm32cubeide_1.6.1/stm32cubeide/plugins/com.st.stm32cube.ide.mcu.externaltools.gnu-tools-for-stm32.10.3-2021.10.win32_1.0.0.202111181127/tools/bin/../lib/gcc/arm-none-eabi/10.3.1/../../../../arm-none-eabi/lib/thumb/v7-m/nofp\libc_nano.a
LOAD d:/st/stm32cubeide_1.6.1/stm32cubeide/plugins/com.st.stm32cube.ide.mcu.externaltools.gnu-tools-for-stm32.10.3-2021.10.win32_1.0.0.202111181127/tools/bin/../lib/gcc/arm-none-eabi/10.3.1/../../../../arm-none-eabi/lib/thumb/v7-m/nofp\libnosys.a
END GROUP
START GROUP
LOAD d:/st/stm32cubeide_1.6.1/stm32cubeide/plugins/com.st.stm32cube.ide.mcu.externaltools.gnu-tools-for-stm32.10.3-2021.10.win32_1.0.0.202111181127/tools/bin/../lib/gcc/arm-none-eabi/10.3.1/thumb/v7-m/nofp\libgcc.a
LOAD d:/st/stm32cubeide_1.6.1/stm32cubeide/plugins/com.st.stm32cube.ide.mcu.externaltools.gnu-tools-for-stm32.10.3-2021.10.win32_1.0.0.202111181127/tools/bin/../lib/gcc/arm-none-eabi/10.3.1/../../../../arm-none-eabi/lib/thumb/v7-m/nofp\libc_nano.a
LOAD d:/st/stm32cubeide_1.6.1/stm32cubeide/plugins/com.st.stm32cube.ide.mcu.externaltools.gnu-tools-for-stm32.10.3-2021.10.win32_1.0.0.202111181127/tools/bin/../lib/gcc/arm-none-eabi/10.3.1/../../../../arm-none-eabi/lib/thumb/v7-m/nofp\libnosys.a
END GROUP
LOAD d:/st/stm32cubeide_1.6.1/stm32cubeide/plugins/com.st.stm32cube.ide.mcu.externaltools.gnu-tools-for-stm32.10.3-2021.10.win32_1.0.0.202111181127/tools/bin/../lib/gcc/arm-none-eabi/10.3.1/thumb/v7-m/nofp/crtend.o
LOAD d:/st/stm32cubeide_1.6.1/stm32cubeide/plugins/com.st.stm32cube.ide.mcu.externaltools.gnu-tools-for-stm32.10.3-2021.10.win32_1.0.0.202111181127/tools/bin/../lib/gcc/arm-none-eabi/10.3.1/thumb/v7-m/nofp/crtn.o
                0x0000000020005000                _estack = (ORIGIN (RAM) + LENGTH (RAM))
                0x0000000000000200                _Min_Heap_Size = 0x200
                0x0000000000000400                _Min_Stack_Size = 0x400

.isr_vector     0x0000000008000000      0x10c
                0x0000000008000000                . = ALIGN (0x4)
 *(.isr_vector)
 .isr_vector    0x0000000008000000      0x10c ./Core/Startup/startup_stm32f103c8tx.o
                0x0000000008000000                g_pfnVectors
                0x000000000800010c                . = ALIGN (0x4)

.text           0x0000000008000110     0x79a8
                0x0000000008000110                . = ALIGN (0x4)
 *(.text)
 .text          0x0000000008000110       0x40 d:/st/stm32cubeide_1.6.1/stm32cubeide/plugins/com.st.stm32cube.ide.mcu.externaltools.gnu-tools-for-stm32.10.3-2021.10.win32_1.0.0.202111181127/tools/bin/../lib/gcc/arm-none-eabi/10.3.1/thumb/v7-m/nofp/crtbegin.o
 .text          0x0000000008000150       0xc0 D:\raydio103\raydio103\Drivers\CMSIS\Lib\GCC\libarm_cortexM3l_math.a(arm_bitreversal2.o)
                0x0000000008000150                arm_bitreversal_32
                0x00000000080001ba                arm_bitreversal_16
 .text          0x0000000008000210       0x10 d:/st/stm32cubeide_1.6.1/stm32cubeide/plugins/com.st.stm32cube.ide.mcu.externaltools.gnu-tools-for-stm32.10.3-2021.10.win32_1.0.0.202111181127/tools/bin/../lib/gcc/arm-none-eabi/10.3.1/../../../../arm-none-eabi/lib/thumb/v7-m/nofp\libc_nano.a(lib_a-strlen.o)
                0x0000000008000210                strlen
 .text          0x0000000008000220      0x168 d:/st/stm32cubeide_1.6.1/stm32cubeide/plugins/com.st.stm32cube.ide.mcu.externaltools.gnu-tools-for-stm32.10.3-2021.10.win32_1.0.0.202111181127/tools/bin/../lib/gcc/arm-none-eabi/10.3.1/thumb/v7-m/nofp\libgcc.a(_arm_mulsf3.o)
                0x0000000008000220                __aeabi_fmul
                0x0000000008000220                __mulsf3
 .text          0x0000000008000388      0x378 d:/st/stm32cubeide_1.6.1/stm32cubeide/plugins/com.st.stm32cube.ide.mcu.externaltools.gnu-tools-for-stm32.10.3-2021.10.win32_1.0.0.202111181127/tools/bin/../lib/gcc/arm-none-eabi/10.3.1/thumb/v7-m/nofp\libgcc.a(_arm_addsubdf3.o)
                0x0000000008000388                __aeabi_drsub
                0x0000000008000390                __aeabi_dsub
                0x0000000008000390                __subdf3
                0x0000000008000394                __aeabi_dadd
                0x0000000008000394                __adddf3
                0x000000000800060c                __floatunsidf
                0x000000000800060c                __aeabi_ui2d
                0x000000000800062c                __floatsidf
                0x000000000800062c                __aeabi_i2d
                0x0000000008000650                __aeabi_f2d
                0x0000000008000650                __extendsfdf2
                0x0000000008000694                __floatundidf
                0x0000000008000694                __aeabi_ul2d
                0x00000000080006a4                __floatdidf
                0x00000000080006a4                __aeabi_l2d
 .text          0x0000000008000700      0x424 d:/st/stm32cubeide_1.6.1/stm32cubeide/plugins/com.st.stm32cube.ide.mcu.externaltools.gnu-tools-for-stm32.10.3-2021.10.win32_1.0.0.202111181127/tools/bin/../lib/gcc/arm-none-eabi/10.3.1/thumb/v7-m/nofp\libgcc.a(_arm_muldivdf3.o)
                0x0000000008000700                __aeabi_dmul
                0x0000000008000700                __muldf3
                0x0000000008000954                __divdf3
                0x0000000008000954                __aeabi_ddiv
 .text          0x0000000008000b24      0x110 d:/st/stm32cubeide_1.6.1/stm32cubeide/plugins/com.st.stm32cube.ide.mcu.externaltools.gnu-tools-for-stm32.10.3-2021.10.win32_1.0.0.202111181127/tools/bin/../lib/gcc/arm-none-eabi/10.3.1/thumb/v7-m/nofp\libgcc.a(_arm_cmpdf2.o)
                0x0000000008000b24                __gtdf2
                0x0000000008000b24                __gedf2
                0x0000000008000b2c                __ltdf2
                0x0000000008000b2c                __ledf2
                0x0000000008000b34                __nedf2
                0x0000000008000b34                __eqdf2
                0x0000000008000b34                __cmpdf2
                0x0000000008000bb0                __aeabi_cdrcmple
                0x0000000008000bc0                __aeabi_cdcmpeq
                0x0000000008000bc0                __aeabi_cdcmple
                0x0000000008000bd0                __aeabi_dcmpeq
                0x0000000008000be4                __aeabi_dcmplt
                0x0000000008000bf8                __aeabi_dcmple
                0x0000000008000c0c                __aeabi_dcmpge
                0x0000000008000c20                __aeabi_dcmpgt
 .text          0x0000000008000c34       0x2c d:/st/stm32cubeide_1.6.1/stm32cubeide/plugins/com.st.stm32cube.ide.mcu.externaltools.gnu-tools-for-stm32.10.3-2021.10.win32_1.0.0.202111181127/tools/bin/../lib/gcc/arm-none-eabi/10.3.1/thumb/v7-m/nofp\libgcc.a(_arm_unorddf2.o)
                0x0000000008000c34                __unorddf2
                0x0000000008000c34                __aeabi_dcmpun
 .text          0x0000000008000c60       0x50 d:/st/stm32cubeide_1.6.1/stm32cubeide/plugins/com.st.stm32cube.ide.mcu.externaltools.gnu-tools-for-stm32.10.3-2021.10.win32_1.0.0.202111181127/tools/bin/../lib/gcc/arm-none-eabi/10.3.1/thumb/v7-m/nofp\libgcc.a(_arm_fixdfsi.o)
                0x0000000008000c60                __aeabi_d2iz
                0x0000000008000c60                __fixdfsi
 .text          0x0000000008000cb0      0x21c d:/st/stm32cubeide_1.6.1/stm32cubeide/plugins/com.st.stm32cube.ide.mcu.externaltools.gnu-tools-for-stm32.10.3-2021.10.win32_1.0.0.202111181127/tools/bin/../lib/gcc/arm-none-eabi/10.3.1/thumb/v7-m/nofp\libgcc.a(_arm_addsubsf3.o)
                0x0000000008000cb0                __aeabi_frsub
                0x0000000008000cb8                __subsf3
                0x0000000008000cb8                __aeabi_fsub
                0x0000000008000cbc                __aeabi_fadd
                0x0000000008000cbc                __addsf3
                0x0000000008000e1c                __aeabi_ui2f
                0x0000000008000e1c                __floatunsisf
                0x0000000008000e24                __aeabi_i2f
                0x0000000008000e24                __floatsisf
                0x0000000008000e40                __aeabi_ul2f
                0x0000000008000e40                __floatundisf
                0x0000000008000e50                __aeabi_l2f
                0x0000000008000e50                __floatdisf
 .text          0x0000000008000ecc       0x4c d:/st/stm32cubeide_1.6.1/stm32cubeide/plugins/com.st.stm32cube.ide.mcu.externaltools.gnu-tools-for-stm32.10.3-2021.10.win32_1.0.0.202111181127/tools/bin/../lib/gcc/arm-none-eabi/10.3.1/thumb/v7-m/nofp\libgcc.a(_arm_fixsfsi.o)
                0x0000000008000ecc                __aeabi_f2iz
                0x0000000008000ecc                __fixsfsi
 *(.text*)
 .text.MX_GPIO_Init
                0x0000000008000f18       0xe0 ./Core/Src/main.o
 .text.MX_DMA_Init
                0x0000000008000ff8       0x44 ./Core/Src/main.o
 .text.everythingElse
                0x000000000800103c       0x14 ./Core/Src/main.o
                0x000000000800103c                everythingElse
 .text.Error_Handler
                0x0000000008001050        0x4 ./Core/Src/main.o
                0x0000000008001050                Error_Handler
 .text.MX_ADC1_Init
                0x0000000008001054       0x70 ./Core/Src/main.o
 .text.MX_TIM1_Init
                0x00000000080010c4       0xf8 ./Core/Src/main.o
 .text.MX_SPI1_Init
                0x00000000080011bc       0x44 ./Core/Src/main.o
 .text.MX_TIM3_Init
                0x0000000008001200       0xc0 ./Core/Src/main.o
 .text.SystemClock_Config
                0x00000000080012c0       0x84 ./Core/Src/main.o
                0x00000000080012c0                SystemClock_Config
 .text.main     0x0000000008001344       0x74 ./Core/Src/main.o
                0x0000000008001344                main
 .text.HAL_MspInit
                0x00000000080013b8       0x44 ./Core/Src/stm32f1xx_hal_msp.o
                0x00000000080013b8                HAL_MspInit
 .text.HAL_ADC_MspInit
                0x00000000080013fc       0x9c ./Core/Src/stm32f1xx_hal_msp.o
                0x00000000080013fc                HAL_ADC_MspInit
 .text.HAL_SPI_MspInit
                0x0000000008001498       0x64 ./Core/Src/stm32f1xx_hal_msp.o
                0x0000000008001498                HAL_SPI_MspInit
 .text.HAL_TIM_Base_MspInit
                0x00000000080014fc       0x94 ./Core/Src/stm32f1xx_hal_msp.o
                0x00000000080014fc                HAL_TIM_Base_MspInit
 .text.HAL_TIM_MspPostInit
                0x0000000008001590       0x50 ./Core/Src/stm32f1xx_hal_msp.o
                0x0000000008001590                HAL_TIM_MspPostInit
 .text.NMI_Handler
                0x00000000080015e0        0x2 ./Core/Src/stm32f1xx_it.o
                0x00000000080015e0                NMI_Handler
 .text.HardFault_Handler
                0x00000000080015e2        0x2 ./Core/Src/stm32f1xx_it.o
                0x00000000080015e2                HardFault_Handler
 .text.MemManage_Handler
                0x00000000080015e4        0x2 ./Core/Src/stm32f1xx_it.o
                0x00000000080015e4                MemManage_Handler
 .text.BusFault_Handler
                0x00000000080015e6        0x2 ./Core/Src/stm32f1xx_it.o
                0x00000000080015e6                BusFault_Handler
 .text.UsageFault_Handler
                0x00000000080015e8        0x2 ./Core/Src/stm32f1xx_it.o
                0x00000000080015e8                UsageFault_Handler
 .text.SVC_Handler
                0x00000000080015ea        0x2 ./Core/Src/stm32f1xx_it.o
                0x00000000080015ea                SVC_Handler
 .text.DebugMon_Handler
                0x00000000080015ec        0x2 ./Core/Src/stm32f1xx_it.o
                0x00000000080015ec                DebugMon_Handler
 .text.PendSV_Handler
                0x00000000080015ee        0x2 ./Core/Src/stm32f1xx_it.o
                0x00000000080015ee                PendSV_Handler
 .text.SysTick_Handler
                0x00000000080015f0        0x8 ./Core/Src/stm32f1xx_it.o
                0x00000000080015f0                SysTick_Handler
 .text.DMA1_Channel1_IRQHandler
                0x00000000080015f8       0x10 ./Core/Src/stm32f1xx_it.o
                0x00000000080015f8                DMA1_Channel1_IRQHandler
 .text.DMA1_Channel6_IRQHandler
                0x0000000008001608       0x10 ./Core/Src/stm32f1xx_it.o
                0x0000000008001608                DMA1_Channel6_IRQHandler
 .text._getpid  0x0000000008001618        0x4 ./Core/Src/syscalls.o
                0x0000000008001618                _getpid
 .text._kill    0x000000000800161c       0x10 ./Core/Src/syscalls.o
                0x000000000800161c                _kill
 .text._exit    0x000000000800162c        0xc ./Core/Src/syscalls.o
                0x000000000800162c                _exit
 .text._read    0x0000000008001638       0x20 ./Core/Src/syscalls.o
                0x0000000008001638                _read
 .text._write   0x0000000008001658       0x1c ./Core/Src/syscalls.o
                0x0000000008001658                _write
 .text._close   0x0000000008001674        0x6 ./Core/Src/syscalls.o
                0x0000000008001674                _close
 .text._fstat   0x000000000800167a        0xa ./Core/Src/syscalls.o
                0x000000000800167a                _fstat
 .text._isatty  0x0000000008001684        0x4 ./Core/Src/syscalls.o
                0x0000000008001684                _isatty
 .text._lseek   0x0000000008001688        0x4 ./Core/Src/syscalls.o
                0x0000000008001688                _lseek
 .text._sbrk    0x000000000800168c       0x48 ./Core/Src/sysmem.o
                0x000000000800168c                _sbrk
 .text.SystemInit
                0x00000000080016d4        0x2 ./Core/Src/system_stm32f1xx.o
                0x00000000080016d4                SystemInit
 *fill*         0x00000000080016d6        0x2 
 .text.Reset_Handler
                0x00000000080016d8       0x48 ./Core/Startup/startup_stm32f103c8tx.o
                0x00000000080016d8                Reset_Handler
 .text.Default_Handler
                0x0000000008001720        0x2 ./Core/Startup/startup_stm32f103c8tx.o
                0x0000000008001720                RTC_Alarm_IRQHandler
                0x0000000008001720                EXTI2_IRQHandler
                0x0000000008001720                TIM1_CC_IRQHandler
                0x0000000008001720                PVD_IRQHandler
                0x0000000008001720                EXTI3_IRQHandler
                0x0000000008001720                EXTI0_IRQHandler
                0x0000000008001720                I2C2_EV_IRQHandler
                0x0000000008001720                ADC1_2_IRQHandler
                0x0000000008001720                SPI1_IRQHandler
                0x0000000008001720                TAMPER_IRQHandler
                0x0000000008001720                DMA1_Channel4_IRQHandler
                0x0000000008001720                USART3_IRQHandler
                0x0000000008001720                RTC_IRQHandler
                0x0000000008001720                DMA1_Channel7_IRQHandler
                0x0000000008001720                CAN1_RX1_IRQHandler
                0x0000000008001720                TIM4_IRQHandler
                0x0000000008001720                I2C1_EV_IRQHandler
                0x0000000008001720                TIM3_IRQHandler
                0x0000000008001720                RCC_IRQHandler
                0x0000000008001720                TIM1_TRG_COM_IRQHandler
                0x0000000008001720                Default_Handler
                0x0000000008001720                EXTI15_10_IRQHandler
                0x0000000008001720                EXTI9_5_IRQHandler
                0x0000000008001720                SPI2_IRQHandler
                0x0000000008001720                DMA1_Channel5_IRQHandler
                0x0000000008001720                EXTI4_IRQHandler
                0x0000000008001720                USB_LP_CAN1_RX0_IRQHandler
                0x0000000008001720                USB_HP_CAN1_TX_IRQHandler
                0x0000000008001720                DMA1_Channel3_IRQHandler
                0x0000000008001720                TIM1_UP_IRQHandler
                0x0000000008001720                WWDG_IRQHandler
                0x0000000008001720                TIM2_IRQHandler
                0x0000000008001720                TIM1_BRK_IRQHandler
                0x0000000008001720                EXTI1_IRQHandler
                0x0000000008001720                USART2_IRQHandler
                0x0000000008001720                I2C2_ER_IRQHandler
                0x0000000008001720                DMA1_Channel2_IRQHandler
                0x0000000008001720                CAN1_SCE_IRQHandler
                0x0000000008001720                FLASH_IRQHandler
                0x0000000008001720                USART1_IRQHandler
                0x0000000008001720                I2C1_ER_IRQHandler
                0x0000000008001720                USBWakeUp_IRQHandler
 *fill*         0x0000000008001722        0x2 
 .text.HAL_InitTick
                0x0000000008001724       0x4c ./Drivers/STM32F1xx_HAL_Driver/Src/stm32f1xx_hal.o
                0x0000000008001724                HAL_InitTick
 .text.HAL_Init
                0x0000000008001770       0x24 ./Drivers/STM32F1xx_HAL_Driver/Src/stm32f1xx_hal.o
                0x0000000008001770                HAL_Init
 .text.HAL_IncTick
                0x0000000008001794       0x18 ./Drivers/STM32F1xx_HAL_Driver/Src/stm32f1xx_hal.o
                0x0000000008001794                HAL_IncTick
 .text.HAL_GetTick
                0x00000000080017ac        0xc ./Drivers/STM32F1xx_HAL_Driver/Src/stm32f1xx_hal.o
                0x00000000080017ac                HAL_GetTick
 .text.HAL_Delay
                0x00000000080017b8       0x28 ./Drivers/STM32F1xx_HAL_Driver/Src/stm32f1xx_hal.o
                0x00000000080017b8                HAL_Delay
 .text.ADC_DMAConvCplt
                0x00000000080017e0       0x52 ./Drivers/STM32F1xx_HAL_Driver/Src/stm32f1xx_hal_adc.o
                0x00000000080017e0                ADC_DMAConvCplt
 .text.ADC_DMAHalfConvCplt
                0x0000000008001832        0xa ./Drivers/STM32F1xx_HAL_Driver/Src/stm32f1xx_hal_adc.o
                0x0000000008001832                ADC_DMAHalfConvCplt
 .text.HAL_ADC_ErrorCallback
                0x000000000800183c        0x2 ./Drivers/STM32F1xx_HAL_Driver/Src/stm32f1xx_hal_adc.o
                0x000000000800183c                HAL_ADC_ErrorCallback
 .text.ADC_DMAError
                0x000000000800183e       0x1a ./Drivers/STM32F1xx_HAL_Driver/Src/stm32f1xx_hal_adc.o
                0x000000000800183e                ADC_DMAError
 .text.HAL_ADC_ConfigChannel
                0x0000000008001858      0x144 ./Drivers/STM32F1xx_HAL_Driver/Src/stm32f1xx_hal_adc.o
                0x0000000008001858                HAL_ADC_ConfigChannel
 .text.ADC_Enable
                0x000000000800199c       0x88 ./Drivers/STM32F1xx_HAL_Driver/Src/stm32f1xx_hal_adc.o
                0x000000000800199c                ADC_Enable
 .text.HAL_ADC_Start_DMA
                0x0000000008001a24      0x130 ./Drivers/STM32F1xx_HAL_Driver/Src/stm32f1xx_hal_adc.o
                0x0000000008001a24                HAL_ADC_Start_DMA
 .text.ADC_ConversionStop_Disable
                0x0000000008001b54       0x56 ./Drivers/STM32F1xx_HAL_Driver/Src/stm32f1xx_hal_adc.o
                0x0000000008001b54                ADC_ConversionStop_Disable
 *fill*         0x0000000008001baa        0x2 
 .text.HAL_ADC_Init
                0x0000000008001bac      0x108 ./Drivers/STM32F1xx_HAL_Driver/Src/stm32f1xx_hal_adc.o
                0x0000000008001bac                HAL_ADC_Init
 .text.HAL_NVIC_SetPriorityGrouping
                0x0000000008001cb4       0x24 ./Drivers/STM32F1xx_HAL_Driver/Src/stm32f1xx_hal_cortex.o
                0x0000000008001cb4                HAL_NVIC_SetPriorityGrouping
 .text.HAL_NVIC_SetPriority
                0x0000000008001cd8       0x70 ./Drivers/STM32F1xx_HAL_Driver/Src/stm32f1xx_hal_cortex.o
                0x0000000008001cd8                HAL_NVIC_SetPriority
 .text.HAL_NVIC_EnableIRQ
                0x0000000008001d48       0x1c ./Drivers/STM32F1xx_HAL_Driver/Src/stm32f1xx_hal_cortex.o
                0x0000000008001d48                HAL_NVIC_EnableIRQ
 .text.HAL_SYSTICK_Config
                0x0000000008001d64       0x28 ./Drivers/STM32F1xx_HAL_Driver/Src/stm32f1xx_hal_cortex.o
                0x0000000008001d64                HAL_SYSTICK_Config
 .text.DMA_SetConfig
                0x0000000008001d8c       0x2c ./Drivers/STM32F1xx_HAL_Driver/Src/stm32f1xx_hal_dma.o
 .text.HAL_DMA_Init
                0x0000000008001db8       0x6c ./Drivers/STM32F1xx_HAL_Driver/Src/stm32f1xx_hal_dma.o
                0x0000000008001db8                HAL_DMA_Init
 .text.HAL_DMA_Start_IT
                0x0000000008001e24       0x74 ./Drivers/STM32F1xx_HAL_Driver/Src/stm32f1xx_hal_dma.o
                0x0000000008001e24                HAL_DMA_Start_IT
 .text.HAL_DMA_IRQHandler
                0x0000000008001e98      0x144 ./Drivers/STM32F1xx_HAL_Driver/Src/stm32f1xx_hal_dma.o
                0x0000000008001e98                HAL_DMA_IRQHandler
 .text.HAL_GPIO_Init
                0x0000000008001fdc      0x224 ./Drivers/STM32F1xx_HAL_Driver/Src/stm32f1xx_hal_gpio.o
                0x0000000008001fdc                HAL_GPIO_Init
 .text.HAL_GPIO_WritePin
                0x0000000008002200        0xc ./Drivers/STM32F1xx_HAL_Driver/Src/stm32f1xx_hal_gpio.o
                0x0000000008002200                HAL_GPIO_WritePin
 .text.RCC_Delay
                0x000000000800220c       0x2c ./Drivers/STM32F1xx_HAL_Driver/Src/stm32f1xx_hal_rcc.o
 .text.HAL_RCC_OscConfig
                0x0000000008002238      0x410 ./Drivers/STM32F1xx_HAL_Driver/Src/stm32f1xx_hal_rcc.o
                0x0000000008002238                HAL_RCC_OscConfig
 .text.HAL_RCC_GetSysClockFreq
                0x0000000008002648       0x70 ./Drivers/STM32F1xx_HAL_Driver/Src/stm32f1xx_hal_rcc.o
                0x0000000008002648                HAL_RCC_GetSysClockFreq
 .text.HAL_RCC_ClockConfig
                0x00000000080026b8      0x16c ./Drivers/STM32F1xx_HAL_Driver/Src/stm32f1xx_hal_rcc.o
                0x00000000080026b8                HAL_RCC_ClockConfig
 .text.HAL_RCCEx_PeriphCLKConfig
                0x0000000008002824      0x118 ./Drivers/STM32F1xx_HAL_Driver/Src/stm32f1xx_hal_rcc_ex.o
                0x0000000008002824                HAL_RCCEx_PeriphCLKConfig
 .text.SPI_WaitFlagStateUntilTimeout
                0x000000000800293c       0xd4 ./Drivers/STM32F1xx_HAL_Driver/Src/stm32f1xx_hal_spi.o
 .text.SPI_EndRxTxTransaction
                0x0000000008002a10       0x24 ./Drivers/STM32F1xx_HAL_Driver/Src/stm32f1xx_hal_spi.o
 .text.HAL_SPI_Init
                0x0000000008002a34       0xb6 ./Drivers/STM32F1xx_HAL_Driver/Src/stm32f1xx_hal_spi.o
                0x0000000008002a34                HAL_SPI_Init
 .text.HAL_SPI_Transmit
                0x0000000008002aea      0x1b8 ./Drivers/STM32F1xx_HAL_Driver/Src/stm32f1xx_hal_spi.o
                0x0000000008002aea                HAL_SPI_Transmit
 *fill*         0x0000000008002ca2        0x2 
 .text.TIM_OC1_SetConfig
                0x0000000008002ca4       0x5c ./Drivers/STM32F1xx_HAL_Driver/Src/stm32f1xx_hal_tim.o
 .text.TIM_OC3_SetConfig
                0x0000000008002d00       0x64 ./Drivers/STM32F1xx_HAL_Driver/Src/stm32f1xx_hal_tim.o
 .text.TIM_OC4_SetConfig
                0x0000000008002d64       0x48 ./Drivers/STM32F1xx_HAL_Driver/Src/stm32f1xx_hal_tim.o
 .text.TIM_TI1_ConfigInputStage
                0x0000000008002dac       0x24 ./Drivers/STM32F1xx_HAL_Driver/Src/stm32f1xx_hal_tim.o
 .text.TIM_TI2_ConfigInputStage
                0x0000000008002dd0       0x26 ./Drivers/STM32F1xx_HAL_Driver/Src/stm32f1xx_hal_tim.o
 .text.TIM_ITRx_SetConfig
                0x0000000008002df6       0x10 ./Drivers/STM32F1xx_HAL_Driver/Src/stm32f1xx_hal_tim.o
 *fill*         0x0000000008002e06        0x2 
 .text.HAL_TIM_Base_Start
                0x0000000008002e08       0x5c ./Drivers/STM32F1xx_HAL_Driver/Src/stm32f1xx_hal_tim.o
                0x0000000008002e08                HAL_TIM_Base_Start
 .text.HAL_TIM_PWM_MspInit
                0x0000000008002e64        0x2 ./Drivers/STM32F1xx_HAL_Driver/Src/stm32f1xx_hal_tim.o
                0x0000000008002e64                HAL_TIM_PWM_MspInit
 .text.TIM_DMADelayPulseCplt
                0x0000000008002e66       0x70 ./Drivers/STM32F1xx_HAL_Driver/Src/stm32f1xx_hal_tim.o
 .text.TIM_DMADelayPulseHalfCplt
                0x0000000008002ed6       0x3e ./Drivers/STM32F1xx_HAL_Driver/Src/stm32f1xx_hal_tim.o
                0x0000000008002ed6                TIM_DMADelayPulseHalfCplt
 .text.HAL_TIM_ErrorCallback
                0x0000000008002f14        0x2 ./Drivers/STM32F1xx_HAL_Driver/Src/stm32f1xx_hal_tim.o
                0x0000000008002f14                HAL_TIM_ErrorCallback
 .text.TIM_DMAError
                0x0000000008002f16       0x5c ./Drivers/STM32F1xx_HAL_Driver/Src/stm32f1xx_hal_tim.o
                0x0000000008002f16                TIM_DMAError
 *fill*         0x0000000008002f72        0x2 
 .text.TIM_Base_SetConfig
                0x0000000008002f74       0x74 ./Drivers/STM32F1xx_HAL_Driver/Src/stm32f1xx_hal_tim.o
                0x0000000008002f74                TIM_Base_SetConfig
 .text.HAL_TIM_Base_Init
                0x0000000008002fe8       0x58 ./Drivers/STM32F1xx_HAL_Driver/Src/stm32f1xx_hal_tim.o
                0x0000000008002fe8                HAL_TIM_Base_Init
 .text.HAL_TIM_PWM_Init
                0x0000000008003040       0x58 ./Drivers/STM32F1xx_HAL_Driver/Src/stm32f1xx_hal_tim.o
                0x0000000008003040                HAL_TIM_PWM_Init
 .text.TIM_OC2_SetConfig
                0x0000000008003098       0x64 ./Drivers/STM32F1xx_HAL_Driver/Src/stm32f1xx_hal_tim.o
                0x0000000008003098                TIM_OC2_SetConfig
 .text.HAL_TIM_PWM_ConfigChannel
                0x00000000080030fc       0xd0 ./Drivers/STM32F1xx_HAL_Driver/Src/stm32f1xx_hal_tim.o
                0x00000000080030fc                HAL_TIM_PWM_ConfigChannel
 .text.TIM_ETR_SetConfig
                0x00000000080031cc       0x18 ./Drivers/STM32F1xx_HAL_Driver/Src/stm32f1xx_hal_tim.o
                0x00000000080031cc                TIM_ETR_SetConfig
 .text.HAL_TIM_ConfigClockSource
                0x00000000080031e4       0xda ./Drivers/STM32F1xx_HAL_Driver/Src/stm32f1xx_hal_tim.o
                0x00000000080031e4                HAL_TIM_ConfigClockSource
 .text.TIM_SlaveTimer_SetConfig
                0x00000000080032be       0x8e ./Drivers/STM32F1xx_HAL_Driver/Src/stm32f1xx_hal_tim.o
 .text.HAL_TIM_SlaveConfigSynchro
                0x000000000800334c       0x52 ./Drivers/STM32F1xx_HAL_Driver/Src/stm32f1xx_hal_tim.o
                0x000000000800334c                HAL_TIM_SlaveConfigSynchro
 .text.TIM_CCxChannelCmd
                0x000000000800339e       0x1e ./Drivers/STM32F1xx_HAL_Driver/Src/stm32f1xx_hal_tim.o
                0x000000000800339e                TIM_CCxChannelCmd
 .text.HAL_TIM_PWM_Start
                0x00000000080033bc       0xdc ./Drivers/STM32F1xx_HAL_Driver/Src/stm32f1xx_hal_tim.o
                0x00000000080033bc                HAL_TIM_PWM_Start
 .text.HAL_TIM_PWM_Start_DMA
                0x0000000008003498      0x23c ./Drivers/STM32F1xx_HAL_Driver/Src/stm32f1xx_hal_tim.o
                0x0000000008003498                HAL_TIM_PWM_Start_DMA
 .text.HAL_TIMEx_MasterConfigSynchronization
                0x00000000080036d4       0x6c ./Drivers/STM32F1xx_HAL_Driver/Src/stm32f1xx_hal_tim_ex.o
                0x00000000080036d4                HAL_TIMEx_MasterConfigSynchronization
 .text.HAL_TIMEx_ConfigBreakDeadTime
                0x0000000008003740       0x52 ./Drivers/STM32F1xx_HAL_Driver/Src/stm32f1xx_hal_tim_ex.o
                0x0000000008003740                HAL_TIMEx_ConfigBreakDeadTime
 *fill*         0x0000000008003792        0x2 
 .text.ST7920_SendCmd
                0x0000000008003794       0x58 ./raydio103/drivers/st7920.o
                0x0000000008003794                ST7920_SendCmd
 .text.ST7920_SendData
                0x00000000080037ec       0x58 ./raydio103/drivers/st7920.o
                0x00000000080037ec                ST7920_SendData
 .text.ST7920_GraphicMode
                0x0000000008003844       0x50 ./raydio103/drivers/st7920.o
                0x0000000008003844                ST7920_GraphicMode
 .text.ST7920_DrawBitmap
                0x0000000008003894      0x14c ./raydio103/drivers/st7920.o
                0x0000000008003894                ST7920_DrawBitmap
 .text.GLCD_Buf_Clear
                0x00000000080039e0       0x1c ./raydio103/drivers/st7920.o
                0x00000000080039e0                GLCD_Buf_Clear
 .text.ST7920_Update
                0x00000000080039fc       0x18 ./raydio103/drivers/st7920.o
                0x00000000080039fc                ST7920_Update
 .text.ST7920_Clear
                0x0000000008003a14       0x70 ./raydio103/drivers/st7920.o
                0x0000000008003a14                ST7920_Clear
 .text.ST7920_Init
                0x0000000008003a84       0x5e ./raydio103/drivers/st7920.o
                0x0000000008003a84                ST7920_Init
 *fill*         0x0000000008003ae2        0x2 
 .text.SetPixel
                0x0000000008003ae4       0x84 ./raydio103/drivers/st7920.o
                0x0000000008003ae4                SetPixel
 .text.GLCD_Font_Print
                0x0000000008003b68       0x48 ./raydio103/drivers/st7920.o
                0x0000000008003b68                GLCD_Font_Print
 .text.dspInit  0x0000000008003bb0       0x48 ./raydio103/src/dsp.o
                0x0000000008003bb0                dspInit
 .text.dspStart
                0x0000000008003bf8       0x40 ./raydio103/src/dsp.o
                0x0000000008003bf8                dspStart
 .text.dspPrepareInput
                0x0000000008003c38       0x5c ./raydio103/src/dsp.o
                0x0000000008003c38                dspPrepareInput
 .text.dspPrepareOutput
                0x0000000008003c94       0x44 ./raydio103/src/dsp.o
                0x0000000008003c94                dspPrepareOutput
 .text.dspProc  0x0000000008003cd8       0x6c ./raydio103/src/dsp.o
                0x0000000008003cd8                dspProc
 .text.HAL_ADC_ConvHalfCpltCallback
                0x0000000008003d44        0x2 ./raydio103/src/dsp.o
                0x0000000008003d44                HAL_ADC_ConvHalfCpltCallback
 .text.HAL_ADC_ConvCpltCallback
                0x0000000008003d46        0x2 ./raydio103/src/dsp.o
                0x0000000008003d46                HAL_ADC_ConvCpltCallback
 .text.HAL_TIM_PWM_PulseFinishedHalfCpltCallback
                0x0000000008003d48       0x30 ./raydio103/src/dsp.o
                0x0000000008003d48                HAL_TIM_PWM_PulseFinishedHalfCpltCallback
 .text.HAL_TIM_PWM_PulseFinishedCallback
                0x0000000008003d78       0x2c ./raydio103/src/dsp.o
                0x0000000008003d78                HAL_TIM_PWM_PulseFinishedCallback
 .text.fftInit  0x0000000008003da4        0x2 ./raydio103/src/fft.o
                0x0000000008003da4                fftInit
 *fill*         0x0000000008003da6        0x2 
 .text.fftProcess
                0x0000000008003da8       0x4c ./raydio103/src/fft.o
                0x0000000008003da8                fftProcess
 .text.arm_copy_q31
                0x0000000008003df4       0x68 D:\raydio103\raydio103\Drivers\CMSIS\Lib\GCC\libarm_cortexM3l_math.a(arm_copy_q31.o)
                0x0000000008003df4                arm_copy_q31
 .text.arm_cfft_radix4by2_q31
                0x0000000008003e5c      0x140 D:\raydio103\raydio103\Drivers\CMSIS\Lib\GCC\libarm_cortexM3l_math.a(arm_cfft_q31.o)
                0x0000000008003e5c                arm_cfft_radix4by2_q31
 .text.arm_cfft_radix4by2_inverse_q31
                0x0000000008003f9c      0x14c D:\raydio103\raydio103\Drivers\CMSIS\Lib\GCC\libarm_cortexM3l_math.a(arm_cfft_q31.o)
                0x0000000008003f9c                arm_cfft_radix4by2_inverse_q31
 .text.arm_cfft_q31
                0x00000000080040e8       0xbc D:\raydio103\raydio103\Drivers\CMSIS\Lib\GCC\libarm_cortexM3l_math.a(arm_cfft_q31.o)
                0x00000000080040e8                arm_cfft_q31
 .text.arm_radix4_butterfly_q31
                0x00000000080041a4      0x41c D:\raydio103\raydio103\Drivers\CMSIS\Lib\GCC\libarm_cortexM3l_math.a(arm_cfft_radix4_q31.o)
                0x00000000080041a4                arm_radix4_butterfly_q31
 .text.arm_radix4_butterfly_inverse_q31
                0x00000000080045c0      0x404 D:\raydio103\raydio103\Drivers\CMSIS\Lib\GCC\libarm_cortexM3l_math.a(arm_cfft_radix4_q31.o)
                0x00000000080045c0                arm_radix4_butterfly_inverse_q31
 .text.arm_fir_q31
                0x00000000080049c4      0x2a0 D:\raydio103\raydio103\Drivers\CMSIS\Lib\GCC\libarm_cortexM3l_math.a(arm_fir_q31.o)
                0x00000000080049c4                arm_fir_q31
 .text.arm_fir_init_q31
                0x0000000008004c64       0x24 D:\raydio103\raydio103\Drivers\CMSIS\Lib\GCC\libarm_cortexM3l_math.a(arm_fir_init_q31.o)
                0x0000000008004c64                arm_fir_init_q31
 .text.arm_cmplx_mag_q31
                0x0000000008004c88       0xf4 D:\raydio103\raydio103\Drivers\CMSIS\Lib\GCC\libarm_cortexM3l_math.a(arm_cmplx_mag_q31.o)
                0x0000000008004c88                arm_cmplx_mag_q31
 .text.arm_sqrt_q31
                0x0000000008004d7c       0xf8 D:\raydio103\raydio103\Drivers\CMSIS\Lib\GCC\libarm_cortexM3l_math.a(arm_sqrt_q31.o)
                0x0000000008004d7c                arm_sqrt_q31
 .text.arm_scale_q31
                0x0000000008004e74      0x1ac D:\raydio103\raydio103\Drivers\CMSIS\Lib\GCC\libarm_cortexM3l_math.a(arm_scale_q31.o)
                0x0000000008004e74                arm_scale_q31
 .text.__errno  0x0000000008005020        0xc d:/st/stm32cubeide_1.6.1/stm32cubeide/plugins/com.st.stm32cube.ide.mcu.externaltools.gnu-tools-for-stm32.10.3-2021.10.win32_1.0.0.202111181127/tools/bin/../lib/gcc/arm-none-eabi/10.3.1/../../../../arm-none-eabi/lib/thumb/v7-m/nofp\libc_nano.a(lib_a-errno.o)
                0x0000000008005020                __errno
 .text.__libc_init_array
                0x000000000800502c       0x48 d:/st/stm32cubeide_1.6.1/stm32cubeide/plugins/com.st.stm32cube.ide.mcu.externaltools.gnu-tools-for-stm32.10.3-2021.10.win32_1.0.0.202111181127/tools/bin/../lib/gcc/arm-none-eabi/10.3.1/../../../../arm-none-eabi/lib/thumb/v7-m/nofp\libc_nano.a(lib_a-init.o)
                0x000000000800502c                __libc_init_array
 .text.memset   0x0000000008005074       0x10 d:/st/stm32cubeide_1.6.1/stm32cubeide/plugins/com.st.stm32cube.ide.mcu.externaltools.gnu-tools-for-stm32.10.3-2021.10.win32_1.0.0.202111181127/tools/bin/../lib/gcc/arm-none-eabi/10.3.1/../../../../arm-none-eabi/lib/thumb/v7-m/nofp\libc_nano.a(lib_a-memset.o)
                0x0000000008005074                memset
 .text.__cvt    0x0000000008005084       0xbe d:/st/stm32cubeide_1.6.1/stm32cubeide/plugins/com.st.stm32cube.ide.mcu.externaltools.gnu-tools-for-stm32.10.3-2021.10.win32_1.0.0.202111181127/tools/bin/../lib/gcc/arm-none-eabi/10.3.1/../../../../arm-none-eabi/lib/thumb/v7-m/nofp\libc_nano.a(lib_a-nano-vfprintf_float.o)
                0x0000000008005084                __cvt
 .text.__exponent
                0x0000000008005142       0x7c d:/st/stm32cubeide_1.6.1/stm32cubeide/plugins/com.st.stm32cube.ide.mcu.externaltools.gnu-tools-for-stm32.10.3-2021.10.win32_1.0.0.202111181127/tools/bin/../lib/gcc/arm-none-eabi/10.3.1/../../../../arm-none-eabi/lib/thumb/v7-m/nofp\libc_nano.a(lib_a-nano-vfprintf_float.o)
                0x0000000008005142                __exponent
 *fill*         0x00000000080051be        0x2 
 .text._printf_float
                0x00000000080051c0      0x458 d:/st/stm32cubeide_1.6.1/stm32cubeide/plugins/com.st.stm32cube.ide.mcu.externaltools.gnu-tools-for-stm32.10.3-2021.10.win32_1.0.0.202111181127/tools/bin/../lib/gcc/arm-none-eabi/10.3.1/../../../../arm-none-eabi/lib/thumb/v7-m/nofp\libc_nano.a(lib_a-nano-vfprintf_float.o)
                0x00000000080051c0                _printf_float
 .text._printf_common
                0x0000000008005618       0xde d:/st/stm32cubeide_1.6.1/stm32cubeide/plugins/com.st.stm32cube.ide.mcu.externaltools.gnu-tools-for-stm32.10.3-2021.10.win32_1.0.0.202111181127/tools/bin/../lib/gcc/arm-none-eabi/10.3.1/../../../../arm-none-eabi/lib/thumb/v7-m/nofp\libc_nano.a(lib_a-nano-vfprintf_i.o)
                0x0000000008005618                _printf_common
 *fill*         0x00000000080056f6        0x2 
 .text._printf_i
                0x00000000080056f8      0x24c d:/st/stm32cubeide_1.6.1/stm32cubeide/plugins/com.st.stm32cube.ide.mcu.externaltools.gnu-tools-for-stm32.10.3-2021.10.win32_1.0.0.202111181127/tools/bin/../lib/gcc/arm-none-eabi/10.3.1/../../../../arm-none-eabi/lib/thumb/v7-m/nofp\libc_nano.a(lib_a-nano-vfprintf_i.o)
                0x00000000080056f8                _printf_i
 .text.quorem   0x0000000008005944      0x118 d:/st/stm32cubeide_1.6.1/stm32cubeide/plugins/com.st.stm32cube.ide.mcu.externaltools.gnu-tools-for-stm32.10.3-2021.10.win32_1.0.0.202111181127/tools/bin/../lib/gcc/arm-none-eabi/10.3.1/../../../../arm-none-eabi/lib/thumb/v7-m/nofp\libc_nano.a(lib_a-dtoa.o)
 *fill*         0x0000000008005a5c        0x4 
 .text._dtoa_r  0x0000000008005a60      0xbdc d:/st/stm32cubeide_1.6.1/stm32cubeide/plugins/com.st.stm32cube.ide.mcu.externaltools.gnu-tools-for-stm32.10.3-2021.10.win32_1.0.0.202111181127/tools/bin/../lib/gcc/arm-none-eabi/10.3.1/../../../../arm-none-eabi/lib/thumb/v7-m/nofp\libc_nano.a(lib_a-dtoa.o)
                0x0000000008005a60                _dtoa_r
 .text._localeconv_r
                0x000000000800663c        0x8 d:/st/stm32cubeide_1.6.1/stm32cubeide/plugins/com.st.stm32cube.ide.mcu.externaltools.gnu-tools-for-stm32.10.3-2021.10.win32_1.0.0.202111181127/tools/bin/../lib/gcc/arm-none-eabi/10.3.1/../../../../arm-none-eabi/lib/thumb/v7-m/nofp\libc_nano.a(lib_a-localeconv.o)
                0x000000000800663c                _localeconv_r
 .text.malloc   0x0000000008006644       0x10 d:/st/stm32cubeide_1.6.1/stm32cubeide/plugins/com.st.stm32cube.ide.mcu.externaltools.gnu-tools-for-stm32.10.3-2021.10.win32_1.0.0.202111181127/tools/bin/../lib/gcc/arm-none-eabi/10.3.1/../../../../arm-none-eabi/lib/thumb/v7-m/nofp\libc_nano.a(lib_a-malloc.o)
                0x0000000008006644                malloc
 .text.memchr   0x0000000008006654       0x1c d:/st/stm32cubeide_1.6.1/stm32cubeide/plugins/com.st.stm32cube.ide.mcu.externaltools.gnu-tools-for-stm32.10.3-2021.10.win32_1.0.0.202111181127/tools/bin/../lib/gcc/arm-none-eabi/10.3.1/../../../../arm-none-eabi/lib/thumb/v7-m/nofp\libc_nano.a(lib_a-memchr-stub.o)
                0x0000000008006654                memchr
 .text.memcpy   0x0000000008006670       0x1c d:/st/stm32cubeide_1.6.1/stm32cubeide/plugins/com.st.stm32cube.ide.mcu.externaltools.gnu-tools-for-stm32.10.3-2021.10.win32_1.0.0.202111181127/tools/bin/../lib/gcc/arm-none-eabi/10.3.1/../../../../arm-none-eabi/lib/thumb/v7-m/nofp\libc_nano.a(lib_a-memcpy-stub.o)
                0x0000000008006670                memcpy
 .text._Balloc  0x000000000800668c       0x80 d:/st/stm32cubeide_1.6.1/stm32cubeide/plugins/com.st.stm32cube.ide.mcu.externaltools.gnu-tools-for-stm32.10.3-2021.10.win32_1.0.0.202111181127/tools/bin/../lib/gcc/arm-none-eabi/10.3.1/../../../../arm-none-eabi/lib/thumb/v7-m/nofp\libc_nano.a(lib_a-mprec.o)
                0x000000000800668c                _Balloc
 .text._Bfree   0x000000000800670c       0x44 d:/st/stm32cubeide_1.6.1/stm32cubeide/plugins/com.st.stm32cube.ide.mcu.externaltools.gnu-tools-for-stm32.10.3-2021.10.win32_1.0.0.202111181127/tools/bin/../lib/gcc/arm-none-eabi/10.3.1/../../../../arm-none-eabi/lib/thumb/v7-m/nofp\libc_nano.a(lib_a-mprec.o)
                0x000000000800670c                _Bfree
 .text.__multadd
                0x0000000008006750       0x8c d:/st/stm32cubeide_1.6.1/stm32cubeide/plugins/com.st.stm32cube.ide.mcu.externaltools.gnu-tools-for-stm32.10.3-2021.10.win32_1.0.0.202111181127/tools/bin/../lib/gcc/arm-none-eabi/10.3.1/../../../../arm-none-eabi/lib/thumb/v7-m/nofp\libc_nano.a(lib_a-mprec.o)
                0x0000000008006750                __multadd
 .text.__hi0bits
                0x00000000080067dc       0x40 d:/st/stm32cubeide_1.6.1/stm32cubeide/plugins/com.st.stm32cube.ide.mcu.externaltools.gnu-tools-for-stm32.10.3-2021.10.win32_1.0.0.202111181127/tools/bin/../lib/gcc/arm-none-eabi/10.3.1/../../../../arm-none-eabi/lib/thumb/v7-m/nofp\libc_nano.a(lib_a-mprec.o)
                0x00000000080067dc                __hi0bits
 .text.__lo0bits
                0x000000000800681c       0x5a d:/st/stm32cubeide_1.6.1/stm32cubeide/plugins/com.st.stm32cube.ide.mcu.externaltools.gnu-tools-for-stm32.10.3-2021.10.win32_1.0.0.202111181127/tools/bin/../lib/gcc/arm-none-eabi/10.3.1/../../../../arm-none-eabi/lib/thumb/v7-m/nofp\libc_nano.a(lib_a-mprec.o)
                0x000000000800681c                __lo0bits
 *fill*         0x0000000008006876        0x2 
 .text.__i2b    0x0000000008006878       0x2c d:/st/stm32cubeide_1.6.1/stm32cubeide/plugins/com.st.stm32cube.ide.mcu.externaltools.gnu-tools-for-stm32.10.3-2021.10.win32_1.0.0.202111181127/tools/bin/../lib/gcc/arm-none-eabi/10.3.1/../../../../arm-none-eabi/lib/thumb/v7-m/nofp\libc_nano.a(lib_a-mprec.o)
                0x0000000008006878                __i2b
 .text.__multiply
                0x00000000080068a4      0x150 d:/st/stm32cubeide_1.6.1/stm32cubeide/plugins/com.st.stm32cube.ide.mcu.externaltools.gnu-tools-for-stm32.10.3-2021.10.win32_1.0.0.202111181127/tools/bin/../lib/gcc/arm-none-eabi/10.3.1/../../../../arm-none-eabi/lib/thumb/v7-m/nofp\libc_nano.a(lib_a-mprec.o)
                0x00000000080068a4                __multiply
 .text.__pow5mult
                0x00000000080069f4       0xb4 d:/st/stm32cubeide_1.6.1/stm32cubeide/plugins/com.st.stm32cube.ide.mcu.externaltools.gnu-tools-for-stm32.10.3-2021.10.win32_1.0.0.202111181127/tools/bin/../lib/gcc/arm-none-eabi/10.3.1/../../../../arm-none-eabi/lib/thumb/v7-m/nofp\libc_nano.a(lib_a-mprec.o)
                0x00000000080069f4                __pow5mult
 .text.__lshift
                0x0000000008006aa8       0xe0 d:/st/stm32cubeide_1.6.1/stm32cubeide/plugins/com.st.stm32cube.ide.mcu.externaltools.gnu-tools-for-stm32.10.3-2021.10.win32_1.0.0.202111181127/tools/bin/../lib/gcc/arm-none-eabi/10.3.1/../../../../arm-none-eabi/lib/thumb/v7-m/nofp\libc_nano.a(lib_a-mprec.o)
                0x0000000008006aa8                __lshift
 .text.__mcmp   0x0000000008006b88       0x36 d:/st/stm32cubeide_1.6.1/stm32cubeide/plugins/com.st.stm32cube.ide.mcu.externaltools.gnu-tools-for-stm32.10.3-2021.10.win32_1.0.0.202111181127/tools/bin/../lib/gcc/arm-none-eabi/10.3.1/../../../../arm-none-eabi/lib/thumb/v7-m/nofp\libc_nano.a(lib_a-mprec.o)
                0x0000000008006b88                __mcmp
 *fill*         0x0000000008006bbe        0x2 
 .text.__mdiff  0x0000000008006bc0      0x118 d:/st/stm32cubeide_1.6.1/stm32cubeide/plugins/com.st.stm32cube.ide.mcu.externaltools.gnu-tools-for-stm32.10.3-2021.10.win32_1.0.0.202111181127/tools/bin/../lib/gcc/arm-none-eabi/10.3.1/../../../../arm-none-eabi/lib/thumb/v7-m/nofp\libc_nano.a(lib_a-mprec.o)
                0x0000000008006bc0                __mdiff
 .text.__d2b    0x0000000008006cd8       0xb8 d:/st/stm32cubeide_1.6.1/stm32cubeide/plugins/com.st.stm32cube.ide.mcu.externaltools.gnu-tools-for-stm32.10.3-2021.10.win32_1.0.0.202111181127/tools/bin/../lib/gcc/arm-none-eabi/10.3.1/../../../../arm-none-eabi/lib/thumb/v7-m/nofp\libc_nano.a(lib_a-mprec.o)
                0x0000000008006cd8                __d2b
 .text._calloc_r
                0x0000000008006d90       0x28 d:/st/stm32cubeide_1.6.1/stm32cubeide/plugins/com.st.stm32cube.ide.mcu.externaltools.gnu-tools-for-stm32.10.3-2021.10.win32_1.0.0.202111181127/tools/bin/../lib/gcc/arm-none-eabi/10.3.1/../../../../arm-none-eabi/lib/thumb/v7-m/nofp\libc_nano.a(lib_a-nano-callocr.o)
                0x0000000008006d90                _calloc_r
 .text._free_r  0x0000000008006db8       0x90 d:/st/stm32cubeide_1.6.1/stm32cubeide/plugins/com.st.stm32cube.ide.mcu.externaltools.gnu-tools-for-stm32.10.3-2021.10.win32_1.0.0.202111181127/tools/bin/../lib/gcc/arm-none-eabi/10.3.1/../../../../arm-none-eabi/lib/thumb/v7-m/nofp\libc_nano.a(lib_a-nano-freer.o)
                0x0000000008006db8                _free_r
 .text.sbrk_aligned
                0x0000000008006e48       0x40 d:/st/stm32cubeide_1.6.1/stm32cubeide/plugins/com.st.stm32cube.ide.mcu.externaltools.gnu-tools-for-stm32.10.3-2021.10.win32_1.0.0.202111181127/tools/bin/../lib/gcc/arm-none-eabi/10.3.1/../../../../arm-none-eabi/lib/thumb/v7-m/nofp\libc_nano.a(lib_a-nano-mallocr.o)
 .text._malloc_r
                0x0000000008006e88       0xe8 d:/st/stm32cubeide_1.6.1/stm32cubeide/plugins/com.st.stm32cube.ide.mcu.externaltools.gnu-tools-for-stm32.10.3-2021.10.win32_1.0.0.202111181127/tools/bin/../lib/gcc/arm-none-eabi/10.3.1/../../../../arm-none-eabi/lib/thumb/v7-m/nofp\libc_nano.a(lib_a-nano-mallocr.o)
                0x0000000008006e88                _malloc_r
 .text._sbrk_r  0x0000000008006f70       0x20 d:/st/stm32cubeide_1.6.1/stm32cubeide/plugins/com.st.stm32cube.ide.mcu.externaltools.gnu-tools-for-stm32.10.3-2021.10.win32_1.0.0.202111181127/tools/bin/../lib/gcc/arm-none-eabi/10.3.1/../../../../arm-none-eabi/lib/thumb/v7-m/nofp\libc_nano.a(lib_a-sbrkr.o)
                0x0000000008006f70                _sbrk_r
 .text.__assert_func
                0x0000000008006f90       0x3c d:/st/stm32cubeide_1.6.1/stm32cubeide/plugins/com.st.stm32cube.ide.mcu.externaltools.gnu-tools-for-stm32.10.3-2021.10.win32_1.0.0.202111181127/tools/bin/../lib/gcc/arm-none-eabi/10.3.1/../../../../arm-none-eabi/lib/thumb/v7-m/nofp\libc_nano.a(lib_a-assert.o)
                0x0000000008006f90                __assert_func
 .text.fprintf  0x0000000008006fcc       0x24 d:/st/stm32cubeide_1.6.1/stm32cubeide/plugins/com.st.stm32cube.ide.mcu.externaltools.gnu-tools-for-stm32.10.3-2021.10.win32_1.0.0.202111181127/tools/bin/../lib/gcc/arm-none-eabi/10.3.1/../../../../arm-none-eabi/lib/thumb/v7-m/nofp\libc_nano.a(lib_a-fprintf.o)
                0x0000000008006fcc                fiprintf
                0x0000000008006fcc                fprintf
 .text.__ascii_mbtowc
                0x0000000008006ff0       0x24 d:/st/stm32cubeide_1.6.1/stm32cubeide/plugins/com.st.stm32cube.ide.mcu.externaltools.gnu-tools-for-stm32.10.3-2021.10.win32_1.0.0.202111181127/tools/bin/../lib/gcc/arm-none-eabi/10.3.1/../../../../arm-none-eabi/lib/thumb/v7-m/nofp\libc_nano.a(lib_a-mbtowc_r.o)
                0x0000000008006ff0                __ascii_mbtowc
 .text.__malloc_lock
                0x0000000008007014        0xc d:/st/stm32cubeide_1.6.1/stm32cubeide/plugins/com.st.stm32cube.ide.mcu.externaltools.gnu-tools-for-stm32.10.3-2021.10.win32_1.0.0.202111181127/tools/bin/../lib/gcc/arm-none-eabi/10.3.1/../../../../arm-none-eabi/lib/thumb/v7-m/nofp\libc_nano.a(lib_a-mlock.o)
                0x0000000008007014                __malloc_lock
 .text.__malloc_unlock
                0x0000000008007020        0xc d:/st/stm32cubeide_1.6.1/stm32cubeide/plugins/com.st.stm32cube.ide.mcu.externaltools.gnu-tools-for-stm32.10.3-2021.10.win32_1.0.0.202111181127/tools/bin/../lib/gcc/arm-none-eabi/10.3.1/../../../../arm-none-eabi/lib/thumb/v7-m/nofp\libc_nano.a(lib_a-mlock.o)
                0x0000000008007020                __malloc_unlock
 .text.__sfputc_r
                0x000000000800702c       0x2a d:/st/stm32cubeide_1.6.1/stm32cubeide/plugins/com.st.stm32cube.ide.mcu.externaltools.gnu-tools-for-stm32.10.3-2021.10.win32_1.0.0.202111181127/tools/bin/../lib/gcc/arm-none-eabi/10.3.1/../../../../arm-none-eabi/lib/thumb/v7-m/nofp\libc_nano.a(lib_a-nano-vfprintf.o)
 .text.__sfputs_r
                0x0000000008007056       0x24 d:/st/stm32cubeide_1.6.1/stm32cubeide/plugins/com.st.stm32cube.ide.mcu.externaltools.gnu-tools-for-stm32.10.3-2021.10.win32_1.0.0.202111181127/tools/bin/../lib/gcc/arm-none-eabi/10.3.1/../../../../arm-none-eabi/lib/thumb/v7-m/nofp\libc_nano.a(lib_a-nano-vfprintf.o)
                0x0000000008007056                __sfputs_r
 *fill*         0x000000000800707a        0x2 
 .text._vfprintf_r
                0x000000000800707c      0x260 d:/st/stm32cubeide_1.6.1/stm32cubeide/plugins/com.st.stm32cube.ide.mcu.externaltools.gnu-tools-for-stm32.10.3-2021.10.win32_1.0.0.202111181127/tools/bin/../lib/gcc/arm-none-eabi/10.3.1/../../../../arm-none-eabi/lib/thumb/v7-m/nofp\libc_nano.a(lib_a-nano-vfprintf.o)
                0x000000000800707c                _vfprintf_r
                0x000000000800707c                _vfiprintf_r
 .text.__swbuf_r
                0x00000000080072dc       0xa4 d:/st/stm32cubeide_1.6.1/stm32cubeide/plugins/com.st.stm32cube.ide.mcu.externaltools.gnu-tools-for-stm32.10.3-2021.10.win32_1.0.0.202111181127/tools/bin/../lib/gcc/arm-none-eabi/10.3.1/../../../../arm-none-eabi/lib/thumb/v7-m/nofp\libc_nano.a(lib_a-wbuf.o)
                0x00000000080072dc                __swbuf_r
 .text.__ascii_wctomb
                0x0000000008007380       0x1a d:/st/stm32cubeide_1.6.1/stm32cubeide/plugins/com.st.stm32cube.ide.mcu.externaltools.gnu-tools-for-stm32.10.3-2021.10.win32_1.0.0.202111181127/tools/bin/../lib/gcc/arm-none-eabi/10.3.1/../../../../arm-none-eabi/lib/thumb/v7-m/nofp\libc_nano.a(lib_a-wctomb_r.o)
                0x0000000008007380                __ascii_wctomb
 *fill*         0x000000000800739a        0x2 
 .text.__swsetup_r
                0x000000000800739c       0xdc d:/st/stm32cubeide_1.6.1/stm32cubeide/plugins/com.st.stm32cube.ide.mcu.externaltools.gnu-tools-for-stm32.10.3-2021.10.win32_1.0.0.202111181127/tools/bin/../lib/gcc/arm-none-eabi/10.3.1/../../../../arm-none-eabi/lib/thumb/v7-m/nofp\libc_nano.a(lib_a-wsetup.o)
                0x000000000800739c                __swsetup_r
 .text.abort    0x0000000008007478        0xe d:/st/stm32cubeide_1.6.1/stm32cubeide/plugins/com.st.stm32cube.ide.mcu.externaltools.gnu-tools-for-stm32.10.3-2021.10.win32_1.0.0.202111181127/tools/bin/../lib/gcc/arm-none-eabi/10.3.1/../../../../arm-none-eabi/lib/thumb/v7-m/nofp\libc_nano.a(lib_a-abort.o)
                0x0000000008007478                abort
 *fill*         0x0000000008007486        0x2 
 .text.__sflush_r
                0x0000000008007488      0x104 d:/st/stm32cubeide_1.6.1/stm32cubeide/plugins/com.st.stm32cube.ide.mcu.externaltools.gnu-tools-for-stm32.10.3-2021.10.win32_1.0.0.202111181127/tools/bin/../lib/gcc/arm-none-eabi/10.3.1/../../../../arm-none-eabi/lib/thumb/v7-m/nofp\libc_nano.a(lib_a-fflush.o)
                0x0000000008007488                __sflush_r
 .text._fflush_r
                0x000000000800758c       0x78 d:/st/stm32cubeide_1.6.1/stm32cubeide/plugins/com.st.stm32cube.ide.mcu.externaltools.gnu-tools-for-stm32.10.3-2021.10.win32_1.0.0.202111181127/tools/bin/../lib/gcc/arm-none-eabi/10.3.1/../../../../arm-none-eabi/lib/thumb/v7-m/nofp\libc_nano.a(lib_a-fflush.o)
                0x000000000800758c                _fflush_r
 .text.std      0x0000000008007604       0x48 d:/st/stm32cubeide_1.6.1/stm32cubeide/plugins/com.st.stm32cube.ide.mcu.externaltools.gnu-tools-for-stm32.10.3-2021.10.win32_1.0.0.202111181127/tools/bin/../lib/gcc/arm-none-eabi/10.3.1/../../../../arm-none-eabi/lib/thumb/v7-m/nofp\libc_nano.a(lib_a-findfp.o)
 .text._cleanup_r
                0x000000000800764c        0xc d:/st/stm32cubeide_1.6.1/stm32cubeide/plugins/com.st.stm32cube.ide.mcu.externaltools.gnu-tools-for-stm32.10.3-2021.10.win32_1.0.0.202111181127/tools/bin/../lib/gcc/arm-none-eabi/10.3.1/../../../../arm-none-eabi/lib/thumb/v7-m/nofp\libc_nano.a(lib_a-findfp.o)
                0x000000000800764c                _cleanup_r
 .text.__sfmoreglue
                0x0000000008007658       0x2c d:/st/stm32cubeide_1.6.1/stm32cubeide/plugins/com.st.stm32cube.ide.mcu.externaltools.gnu-tools-for-stm32.10.3-2021.10.win32_1.0.0.202111181127/tools/bin/../lib/gcc/arm-none-eabi/10.3.1/../../../../arm-none-eabi/lib/thumb/v7-m/nofp\libc_nano.a(lib_a-findfp.o)
                0x0000000008007658                __sfmoreglue
 .text.__sfp_lock_acquire
                0x0000000008007684        0xc d:/st/stm32cubeide_1.6.1/stm32cubeide/plugins/com.st.stm32cube.ide.mcu.externaltools.gnu-tools-for-stm32.10.3-2021.10.win32_1.0.0.202111181127/tools/bin/../lib/gcc/arm-none-eabi/10.3.1/../../../../arm-none-eabi/lib/thumb/v7-m/nofp\libc_nano.a(lib_a-findfp.o)
                0x0000000008007684                __sfp_lock_acquire
 .text.__sfp_lock_release
                0x0000000008007690        0xc d:/st/stm32cubeide_1.6.1/stm32cubeide/plugins/com.st.stm32cube.ide.mcu.externaltools.gnu-tools-for-stm32.10.3-2021.10.win32_1.0.0.202111181127/tools/bin/../lib/gcc/arm-none-eabi/10.3.1/../../../../arm-none-eabi/lib/thumb/v7-m/nofp\libc_nano.a(lib_a-findfp.o)
                0x0000000008007690                __sfp_lock_release
 .text.__sinit_lock_acquire
                0x000000000800769c        0xc d:/st/stm32cubeide_1.6.1/stm32cubeide/plugins/com.st.stm32cube.ide.mcu.externaltools.gnu-tools-for-stm32.10.3-2021.10.win32_1.0.0.202111181127/tools/bin/../lib/gcc/arm-none-eabi/10.3.1/../../../../arm-none-eabi/lib/thumb/v7-m/nofp\libc_nano.a(lib_a-findfp.o)
                0x000000000800769c                __sinit_lock_acquire
 .text.__sinit_lock_release
                0x00000000080076a8        0xc d:/st/stm32cubeide_1.6.1/stm32cubeide/plugins/com.st.stm32cube.ide.mcu.externaltools.gnu-tools-for-stm32.10.3-2021.10.win32_1.0.0.202111181127/tools/bin/../lib/gcc/arm-none-eabi/10.3.1/../../../../arm-none-eabi/lib/thumb/v7-m/nofp\libc_nano.a(lib_a-findfp.o)
                0x00000000080076a8                __sinit_lock_release
 .text.__sinit  0x00000000080076b4       0x70 d:/st/stm32cubeide_1.6.1/stm32cubeide/plugins/com.st.stm32cube.ide.mcu.externaltools.gnu-tools-for-stm32.10.3-2021.10.win32_1.0.0.202111181127/tools/bin/../lib/gcc/arm-none-eabi/10.3.1/../../../../arm-none-eabi/lib/thumb/v7-m/nofp\libc_nano.a(lib_a-findfp.o)
                0x00000000080076b4                __sinit
 .text.__sfp    0x0000000008007724       0x8c d:/st/stm32cubeide_1.6.1/stm32cubeide/plugins/com.st.stm32cube.ide.mcu.externaltools.gnu-tools-for-stm32.10.3-2021.10.win32_1.0.0.202111181127/tools/bin/../lib/gcc/arm-none-eabi/10.3.1/../../../../arm-none-eabi/lib/thumb/v7-m/nofp\libc_nano.a(lib_a-findfp.o)
                0x0000000008007724                __sfp
 .text._fwalk_reent
                0x00000000080077b0       0x3e d:/st/stm32cubeide_1.6.1/stm32cubeide/plugins/com.st.stm32cube.ide.mcu.externaltools.gnu-tools-for-stm32.10.3-2021.10.win32_1.0.0.202111181127/tools/bin/../lib/gcc/arm-none-eabi/10.3.1/../../../../arm-none-eabi/lib/thumb/v7-m/nofp\libc_nano.a(lib_a-fwalk.o)
                0x00000000080077b0                _fwalk_reent
 .text.__retarget_lock_init_recursive
                0x00000000080077ee        0x2 d:/st/stm32cubeide_1.6.1/stm32cubeide/plugins/com.st.stm32cube.ide.mcu.externaltools.gnu-tools-for-stm32.10.3-2021.10.win32_1.0.0.202111181127/tools/bin/../lib/gcc/arm-none-eabi/10.3.1/../../../../arm-none-eabi/lib/thumb/v7-m/nofp\libc_nano.a(lib_a-lock.o)
                0x00000000080077ee                __retarget_lock_init_recursive
 .text.__retarget_lock_acquire_recursive
                0x00000000080077f0        0x2 d:/st/stm32cubeide_1.6.1/stm32cubeide/plugins/com.st.stm32cube.ide.mcu.externaltools.gnu-tools-for-stm32.10.3-2021.10.win32_1.0.0.202111181127/tools/bin/../lib/gcc/arm-none-eabi/10.3.1/../../../../arm-none-eabi/lib/thumb/v7-m/nofp\libc_nano.a(lib_a-lock.o)
                0x00000000080077f0                __retarget_lock_acquire_recursive
 .text.__retarget_lock_release_recursive
                0x00000000080077f2        0x2 d:/st/stm32cubeide_1.6.1/stm32cubeide/plugins/com.st.stm32cube.ide.mcu.externaltools.gnu-tools-for-stm32.10.3-2021.10.win32_1.0.0.202111181127/tools/bin/../lib/gcc/arm-none-eabi/10.3.1/../../../../arm-none-eabi/lib/thumb/v7-m/nofp\libc_nano.a(lib_a-lock.o)
                0x00000000080077f2                __retarget_lock_release_recursive
 .text.__swhatbuf_r
                0x00000000080077f4       0x4a d:/st/stm32cubeide_1.6.1/stm32cubeide/plugins/com.st.stm32cube.ide.mcu.externaltools.gnu-tools-for-stm32.10.3-2021.10.win32_1.0.0.202111181127/tools/bin/../lib/gcc/arm-none-eabi/10.3.1/../../../../arm-none-eabi/lib/thumb/v7-m/nofp\libc_nano.a(lib_a-makebuf.o)
                0x00000000080077f4                __swhatbuf_r
 *fill*         0x000000000800783e        0x2 
 .text.__smakebuf_r
                0x0000000008007840       0x80 d:/st/stm32cubeide_1.6.1/stm32cubeide/plugins/com.st.stm32cube.ide.mcu.externaltools.gnu-tools-for-stm32.10.3-2021.10.win32_1.0.0.202111181127/tools/bin/../lib/gcc/arm-none-eabi/10.3.1/../../../../arm-none-eabi/lib/thumb/v7-m/nofp\libc_nano.a(lib_a-makebuf.o)
                0x0000000008007840                __smakebuf_r
 .text._raise_r
                0x00000000080078c0       0x50 d:/st/stm32cubeide_1.6.1/stm32cubeide/plugins/com.st.stm32cube.ide.mcu.externaltools.gnu-tools-for-stm32.10.3-2021.10.win32_1.0.0.202111181127/tools/bin/../lib/gcc/arm-none-eabi/10.3.1/../../../../arm-none-eabi/lib/thumb/v7-m/nofp\libc_nano.a(lib_a-signal.o)
                0x00000000080078c0                _raise_r
 .text.raise    0x0000000008007910       0x10 d:/st/stm32cubeide_1.6.1/stm32cubeide/plugins/com.st.stm32cube.ide.mcu.externaltools.gnu-tools-for-stm32.10.3-2021.10.win32_1.0.0.202111181127/tools/bin/../lib/gcc/arm-none-eabi/10.3.1/../../../../arm-none-eabi/lib/thumb/v7-m/nofp\libc_nano.a(lib_a-signal.o)
                0x0000000008007910                raise
 .text._kill_r  0x0000000008007920       0x24 d:/st/stm32cubeide_1.6.1/stm32cubeide/plugins/com.st.stm32cube.ide.mcu.externaltools.gnu-tools-for-stm32.10.3-2021.10.win32_1.0.0.202111181127/tools/bin/../lib/gcc/arm-none-eabi/10.3.1/../../../../arm-none-eabi/lib/thumb/v7-m/nofp\libc_nano.a(lib_a-signalr.o)
                0x0000000008007920                _kill_r
 .text._getpid_r
                0x0000000008007944        0x4 d:/st/stm32cubeide_1.6.1/stm32cubeide/plugins/com.st.stm32cube.ide.mcu.externaltools.gnu-tools-for-stm32.10.3-2021.10.win32_1.0.0.202111181127/tools/bin/../lib/gcc/arm-none-eabi/10.3.1/../../../../arm-none-eabi/lib/thumb/v7-m/nofp\libc_nano.a(lib_a-signalr.o)
                0x0000000008007944                _getpid_r
 .text.__sread  0x0000000008007948       0x22 d:/st/stm32cubeide_1.6.1/stm32cubeide/plugins/com.st.stm32cube.ide.mcu.externaltools.gnu-tools-for-stm32.10.3-2021.10.win32_1.0.0.202111181127/tools/bin/../lib/gcc/arm-none-eabi/10.3.1/../../../../arm-none-eabi/lib/thumb/v7-m/nofp\libc_nano.a(lib_a-stdio.o)
                0x0000000008007948                __sread
 .text.__swrite
                0x000000000800796a       0x38 d:/st/stm32cubeide_1.6.1/stm32cubeide/plugins/com.st.stm32cube.ide.mcu.externaltools.gnu-tools-for-stm32.10.3-2021.10.win32_1.0.0.202111181127/tools/bin/../lib/gcc/arm-none-eabi/10.3.1/../../../../arm-none-eabi/lib/thumb/v7-m/nofp\libc_nano.a(lib_a-stdio.o)
                0x000000000800796a                __swrite
 .text.__sseek  0x00000000080079a2       0x24 d:/st/stm32cubeide_1.6.1/stm32cubeide/plugins/com.st.stm32cube.ide.mcu.externaltools.gnu-tools-for-stm32.10.3-2021.10.win32_1.0.0.202111181127/tools/bin/../lib/gcc/arm-none-eabi/10.3.1/../../../../arm-none-eabi/lib/thumb/v7-m/nofp\libc_nano.a(lib_a-stdio.o)
                0x00000000080079a2                __sseek
 .text.__sclose
                0x00000000080079c6        0x8 d:/st/stm32cubeide_1.6.1/stm32cubeide/plugins/com.st.stm32cube.ide.mcu.externaltools.gnu-tools-for-stm32.10.3-2021.10.win32_1.0.0.202111181127/tools/bin/../lib/gcc/arm-none-eabi/10.3.1/../../../../arm-none-eabi/lib/thumb/v7-m/nofp\libc_nano.a(lib_a-stdio.o)
                0x00000000080079c6                __sclose
 *fill*         0x00000000080079ce        0x2 
 .text._write_r
                0x00000000080079d0       0x24 d:/st/stm32cubeide_1.6.1/stm32cubeide/plugins/com.st.stm32cube.ide.mcu.externaltools.gnu-tools-for-stm32.10.3-2021.10.win32_1.0.0.202111181127/tools/bin/../lib/gcc/arm-none-eabi/10.3.1/../../../../arm-none-eabi/lib/thumb/v7-m/nofp\libc_nano.a(lib_a-writer.o)
                0x00000000080079d0                _write_r
 .text._close_r
                0x00000000080079f4       0x20 d:/st/stm32cubeide_1.6.1/stm32cubeide/plugins/com.st.stm32cube.ide.mcu.externaltools.gnu-tools-for-stm32.10.3-2021.10.win32_1.0.0.202111181127/tools/bin/../lib/gcc/arm-none-eabi/10.3.1/../../../../arm-none-eabi/lib/thumb/v7-m/nofp\libc_nano.a(lib_a-closer.o)
                0x00000000080079f4                _close_r
 .text._fstat_r
                0x0000000008007a14       0x24 d:/st/stm32cubeide_1.6.1/stm32cubeide/plugins/com.st.stm32cube.ide.mcu.externaltools.gnu-tools-for-stm32.10.3-2021.10.win32_1.0.0.202111181127/tools/bin/../lib/gcc/arm-none-eabi/10.3.1/../../../../arm-none-eabi/lib/thumb/v7-m/nofp\libc_nano.a(lib_a-fstatr.o)
                0x0000000008007a14                _fstat_r
 .text._isatty_r
                0x0000000008007a38       0x20 d:/st/stm32cubeide_1.6.1/stm32cubeide/plugins/com.st.stm32cube.ide.mcu.externaltools.gnu-tools-for-stm32.10.3-2021.10.win32_1.0.0.202111181127/tools/bin/../lib/gcc/arm-none-eabi/10.3.1/../../../../arm-none-eabi/lib/thumb/v7-m/nofp\libc_nano.a(lib_a-isattyr.o)
                0x0000000008007a38                _isatty_r
 .text._lseek_r
                0x0000000008007a58       0x24 d:/st/stm32cubeide_1.6.1/stm32cubeide/plugins/com.st.stm32cube.ide.mcu.externaltools.gnu-tools-for-stm32.10.3-2021.10.win32_1.0.0.202111181127/tools/bin/../lib/gcc/arm-none-eabi/10.3.1/../../../../arm-none-eabi/lib/thumb/v7-m/nofp\libc_nano.a(lib_a-lseekr.o)
                0x0000000008007a58                _lseek_r
 .text._read_r  0x0000000008007a7c       0x24 d:/st/stm32cubeide_1.6.1/stm32cubeide/plugins/com.st.stm32cube.ide.mcu.externaltools.gnu-tools-for-stm32.10.3-2021.10.win32_1.0.0.202111181127/tools/bin/../lib/gcc/arm-none-eabi/10.3.1/../../../../arm-none-eabi/lib/thumb/v7-m/nofp\libc_nano.a(lib_a-readr.o)
                0x0000000008007a7c                _read_r
 *(.glue_7)
 .glue_7        0x0000000008007aa0        0x0 linker stubs
 *(.glue_7t)
 .glue_7t       0x0000000008007aa0        0x0 linker stubs
 *(.eh_frame)
 .eh_frame      0x0000000008007aa0        0x0 d:/st/stm32cubeide_1.6.1/stm32cubeide/plugins/com.st.stm32cube.ide.mcu.externaltools.gnu-tools-for-stm32.10.3-2021.10.win32_1.0.0.202111181127/tools/bin/../lib/gcc/arm-none-eabi/10.3.1/thumb/v7-m/nofp/crtbegin.o
 *(.init)
 .init          0x0000000008007aa0        0x4 d:/st/stm32cubeide_1.6.1/stm32cubeide/plugins/com.st.stm32cube.ide.mcu.externaltools.gnu-tools-for-stm32.10.3-2021.10.win32_1.0.0.202111181127/tools/bin/../lib/gcc/arm-none-eabi/10.3.1/thumb/v7-m/nofp/crti.o
                0x0000000008007aa0                _init
 .init          0x0000000008007aa4        0x8 d:/st/stm32cubeide_1.6.1/stm32cubeide/plugins/com.st.stm32cube.ide.mcu.externaltools.gnu-tools-for-stm32.10.3-2021.10.win32_1.0.0.202111181127/tools/bin/../lib/gcc/arm-none-eabi/10.3.1/thumb/v7-m/nofp/crtn.o
 *(.fini)
 .fini          0x0000000008007aac        0x4 d:/st/stm32cubeide_1.6.1/stm32cubeide/plugins/com.st.stm32cube.ide.mcu.externaltools.gnu-tools-for-stm32.10.3-2021.10.win32_1.0.0.202111181127/tools/bin/../lib/gcc/arm-none-eabi/10.3.1/thumb/v7-m/nofp/crti.o
                0x0000000008007aac                _fini
 .fini          0x0000000008007ab0        0x8 d:/st/stm32cubeide_1.6.1/stm32cubeide/plugins/com.st.stm32cube.ide.mcu.externaltools.gnu-tools-for-stm32.10.3-2021.10.win32_1.0.0.202111181127/tools/bin/../lib/gcc/arm-none-eabi/10.3.1/thumb/v7-m/nofp/crtn.o
                0x0000000008007ab8                . = ALIGN (0x4)
                0x0000000008007ab8                _etext = .

.vfp11_veneer   0x0000000008007ab8        0x0
 .vfp11_veneer  0x0000000008007ab8        0x0 linker stubs

.v4_bx          0x0000000008007ab8        0x0
 .v4_bx         0x0000000008007ab8        0x0 linker stubs

.iplt           0x0000000008007ab8        0x0
 .iplt          0x0000000008007ab8        0x0 d:/st/stm32cubeide_1.6.1/stm32cubeide/plugins/com.st.stm32cube.ide.mcu.externaltools.gnu-tools-for-stm32.10.3-2021.10.win32_1.0.0.202111181127/tools/bin/../lib/gcc/arm-none-eabi/10.3.1/thumb/v7-m/nofp/crtbegin.o

.rodata         0x0000000008007ab8      0xb44
                0x0000000008007ab8                . = ALIGN (0x4)
 *(.rodata)
 .rodata        0x0000000008007ab8        0x3 ./raydio103/drivers/st7920.o
 *(.rodata*)
 *fill*         0x0000000008007abb        0x1 
 .rodata.main.str1.4
                0x0000000008007abc        0x6 ./Core/Src/main.o
 *fill*         0x0000000008007ac2        0x2 
 .rodata.AHBPrescTable
                0x0000000008007ac4       0x10 ./Core/Src/system_stm32f1xx.o
                0x0000000008007ac4                AHBPrescTable
 .rodata.HAL_RCC_GetSysClockFreq.str1.4
                0x0000000008007ad4       0x11 ./Drivers/STM32F1xx_HAL_Driver/Src/stm32f1xx_hal_rcc.o
 *fill*         0x0000000008007ae5        0x3 
 .rodata.Font   0x0000000008007ae8      0x6f8 ./raydio103/drivers/st7920.o
                0x0000000008007ae8                Font
 .rodata.firCoeffs32
                0x00000000080081e0       0x40 ./raydio103/src/dsp.o
                0x00000000080081e0                firCoeffs32
 .rodata._global_impure_ptr
                0x0000000008008220        0x4 d:/st/stm32cubeide_1.6.1/stm32cubeide/plugins/com.st.stm32cube.ide.mcu.externaltools.gnu-tools-for-stm32.10.3-2021.10.win32_1.0.0.202111181127/tools/bin/../lib/gcc/arm-none-eabi/10.3.1/../../../../arm-none-eabi/lib/thumb/v7-m/nofp\libc_nano.a(lib_a-impure.o)
                0x0000000008008220                _global_impure_ptr
 .rodata._printf_float.str1.1
                0x0000000008008224       0x12 d:/st/stm32cubeide_1.6.1/stm32cubeide/plugins/com.st.stm32cube.ide.mcu.externaltools.gnu-tools-for-stm32.10.3-2021.10.win32_1.0.0.202111181127/tools/bin/../lib/gcc/arm-none-eabi/10.3.1/../../../../arm-none-eabi/lib/thumb/v7-m/nofp\libc_nano.a(lib_a-nano-vfprintf_float.o)
 .rodata._printf_i.str1.1
                0x0000000008008236       0x22 d:/st/stm32cubeide_1.6.1/stm32cubeide/plugins/com.st.stm32cube.ide.mcu.externaltools.gnu-tools-for-stm32.10.3-2021.10.win32_1.0.0.202111181127/tools/bin/../lib/gcc/arm-none-eabi/10.3.1/../../../../arm-none-eabi/lib/thumb/v7-m/nofp\libc_nano.a(lib_a-nano-vfprintf_i.o)
 .rodata._dtoa_r.str1.1
                0x0000000008008258       0x90 d:/st/stm32cubeide_1.6.1/stm32cubeide/plugins/com.st.stm32cube.ide.mcu.externaltools.gnu-tools-for-stm32.10.3-2021.10.win32_1.0.0.202111181127/tools/bin/../lib/gcc/arm-none-eabi/10.3.1/../../../../arm-none-eabi/lib/thumb/v7-m/nofp\libc_nano.a(lib_a-dtoa.o)
                                         0x92 (size before relaxing)
 .rodata._Balloc.str1.1
                0x00000000080082e8       0x5c d:/st/stm32cubeide_1.6.1/stm32cubeide/plugins/com.st.stm32cube.ide.mcu.externaltools.gnu-tools-for-stm32.10.3-2021.10.win32_1.0.0.202111181127/tools/bin/../lib/gcc/arm-none-eabi/10.3.1/../../../../arm-none-eabi/lib/thumb/v7-m/nofp\libc_nano.a(lib_a-mprec.o)
                                         0x73 (size before relaxing)
 .rodata.__multadd.str1.1
                0x0000000008008344       0x11 d:/st/stm32cubeide_1.6.1/stm32cubeide/plugins/com.st.stm32cube.ide.mcu.externaltools.gnu-tools-for-stm32.10.3-2021.10.win32_1.0.0.202111181127/tools/bin/../lib/gcc/arm-none-eabi/10.3.1/../../../../arm-none-eabi/lib/thumb/v7-m/nofp\libc_nano.a(lib_a-mprec.o)
 *fill*         0x0000000008008344        0x4 
 .rodata.__mprec_bigtens
                0x0000000008008348       0x28 d:/st/stm32cubeide_1.6.1/stm32cubeide/plugins/com.st.stm32cube.ide.mcu.externaltools.gnu-tools-for-stm32.10.3-2021.10.win32_1.0.0.202111181127/tools/bin/../lib/gcc/arm-none-eabi/10.3.1/../../../../arm-none-eabi/lib/thumb/v7-m/nofp\libc_nano.a(lib_a-mprec.o)
                0x0000000008008348                __mprec_bigtens
 .rodata.__mprec_tens
                0x0000000008008370       0xc8 d:/st/stm32cubeide_1.6.1/stm32cubeide/plugins/com.st.stm32cube.ide.mcu.externaltools.gnu-tools-for-stm32.10.3-2021.10.win32_1.0.0.202111181127/tools/bin/../lib/gcc/arm-none-eabi/10.3.1/../../../../arm-none-eabi/lib/thumb/v7-m/nofp\libc_nano.a(lib_a-mprec.o)
                0x0000000008008370                __mprec_tens
 .rodata.p05.0  0x0000000008008438        0xc d:/st/stm32cubeide_1.6.1/stm32cubeide/plugins/com.st.stm32cube.ide.mcu.externaltools.gnu-tools-for-stm32.10.3-2021.10.win32_1.0.0.202111181127/tools/bin/../lib/gcc/arm-none-eabi/10.3.1/../../../../arm-none-eabi/lib/thumb/v7-m/nofp\libc_nano.a(lib_a-mprec.o)
 .rodata.__assert_func.str1.1
                0x0000000008008444       0x3c d:/st/stm32cubeide_1.6.1/stm32cubeide/plugins/com.st.stm32cube.ide.mcu.externaltools.gnu-tools-for-stm32.10.3-2021.10.win32_1.0.0.202111181127/tools/bin/../lib/gcc/arm-none-eabi/10.3.1/../../../../arm-none-eabi/lib/thumb/v7-m/nofp\libc_nano.a(lib_a-assert.o)
                                         0x3d (size before relaxing)
 .rodata._setlocale_r.str1.1
                0x0000000008008480        0x8 d:/st/stm32cubeide_1.6.1/stm32cubeide/plugins/com.st.stm32cube.ide.mcu.externaltools.gnu-tools-for-stm32.10.3-2021.10.win32_1.0.0.202111181127/tools/bin/../lib/gcc/arm-none-eabi/10.3.1/../../../../arm-none-eabi/lib/thumb/v7-m/nofp\libc_nano.a(lib_a-locale.o)
                                          0x9 (size before relaxing)
 .rodata.str1.1
                0x0000000008008488        0x2 d:/st/stm32cubeide_1.6.1/stm32cubeide/plugins/com.st.stm32cube.ide.mcu.externaltools.gnu-tools-for-stm32.10.3-2021.10.win32_1.0.0.202111181127/tools/bin/../lib/gcc/arm-none-eabi/10.3.1/../../../../arm-none-eabi/lib/thumb/v7-m/nofp\libc_nano.a(lib_a-locale.o)
 .rodata._vfprintf_r.str1.1
                0x000000000800848a       0x11 d:/st/stm32cubeide_1.6.1/stm32cubeide/plugins/com.st.stm32cube.ide.mcu.externaltools.gnu-tools-for-stm32.10.3-2021.10.win32_1.0.0.202111181127/tools/bin/../lib/gcc/arm-none-eabi/10.3.1/../../../../arm-none-eabi/lib/thumb/v7-m/nofp\libc_nano.a(lib_a-nano-vfprintf.o)
 .rodata._ctype_
                0x000000000800849b      0x101 d:/st/stm32cubeide_1.6.1/stm32cubeide/plugins/com.st.stm32cube.ide.mcu.externaltools.gnu-tools-for-stm32.10.3-2021.10.win32_1.0.0.202111181127/tools/bin/../lib/gcc/arm-none-eabi/10.3.1/../../../../arm-none-eabi/lib/thumb/v7-m/nofp\libc_nano.a(lib_a-ctype_.o)
                0x000000000800849b                _ctype_
 .rodata.__sf_fake_stderr
                0x000000000800859c       0x20 d:/st/stm32cubeide_1.6.1/stm32cubeide/plugins/com.st.stm32cube.ide.mcu.externaltools.gnu-tools-for-stm32.10.3-2021.10.win32_1.0.0.202111181127/tools/bin/../lib/gcc/arm-none-eabi/10.3.1/../../../../arm-none-eabi/lib/thumb/v7-m/nofp\libc_nano.a(lib_a-findfp.o)
                0x000000000800859c                __sf_fake_stderr
 .rodata.__sf_fake_stdin
                0x00000000080085bc       0x20 d:/st/stm32cubeide_1.6.1/stm32cubeide/plugins/com.st.stm32cube.ide.mcu.externaltools.gnu-tools-for-stm32.10.3-2021.10.win32_1.0.0.202111181127/tools/bin/../lib/gcc/arm-none-eabi/10.3.1/../../../../arm-none-eabi/lib/thumb/v7-m/nofp\libc_nano.a(lib_a-findfp.o)
                0x00000000080085bc                __sf_fake_stdin
 .rodata.__sf_fake_stdout
                0x00000000080085dc       0x20 d:/st/stm32cubeide_1.6.1/stm32cubeide/plugins/com.st.stm32cube.ide.mcu.externaltools.gnu-tools-for-stm32.10.3-2021.10.win32_1.0.0.202111181127/tools/bin/../lib/gcc/arm-none-eabi/10.3.1/../../../../arm-none-eabi/lib/thumb/v7-m/nofp\libc_nano.a(lib_a-findfp.o)
                0x00000000080085dc                __sf_fake_stdout
                0x00000000080085fc                . = ALIGN (0x4)

.rel.dyn        0x00000000080085fc        0x0
 .rel.iplt      0x00000000080085fc        0x0 d:/st/stm32cubeide_1.6.1/stm32cubeide/plugins/com.st.stm32cube.ide.mcu.externaltools.gnu-tools-for-stm32.10.3-2021.10.win32_1.0.0.202111181127/tools/bin/../lib/gcc/arm-none-eabi/10.3.1/thumb/v7-m/nofp/crtbegin.o

.ARM.extab      0x00000000080085fc        0x0
                0x00000000080085fc                . = ALIGN (0x4)
 *(.ARM.extab* .gnu.linkonce.armextab.*)
                0x00000000080085fc                . = ALIGN (0x4)

.ARM            0x00000000080085fc        0x0
                0x00000000080085fc                . = ALIGN (0x4)
                0x00000000080085fc                __exidx_start = .
 *(.ARM.exidx*)
                0x00000000080085fc                __exidx_end = .
                0x00000000080085fc                . = ALIGN (0x4)

.preinit_array  0x00000000080085fc        0x0
                0x00000000080085fc                . = ALIGN (0x4)
                0x00000000080085fc                PROVIDE (__preinit_array_start = .)
 *(.preinit_array*)
                0x00000000080085fc                PROVIDE (__preinit_array_end = .)
                0x00000000080085fc                . = ALIGN (0x4)

.init_array     0x00000000080085fc        0x4
                0x00000000080085fc                . = ALIGN (0x4)
                0x00000000080085fc                PROVIDE (__init_array_start = .)
 *(SORT_BY_NAME(.init_array.*))
 *(.init_array*)
 .init_array    0x00000000080085fc        0x4 d:/st/stm32cubeide_1.6.1/stm32cubeide/plugins/com.st.stm32cube.ide.mcu.externaltools.gnu-tools-for-stm32.10.3-2021.10.win32_1.0.0.202111181127/tools/bin/../lib/gcc/arm-none-eabi/10.3.1/thumb/v7-m/nofp/crtbegin.o
                0x0000000008008600                PROVIDE (__init_array_end = .)
                0x0000000008008600                . = ALIGN (0x4)

.fini_array     0x0000000008008600        0x4
                0x0000000008008600                . = ALIGN (0x4)
                [!provide]                        PROVIDE (__fini_array_start = .)
 *(SORT_BY_NAME(.fini_array.*))
 *(.fini_array*)
 .fini_array    0x0000000008008600        0x4 d:/st/stm32cubeide_1.6.1/stm32cubeide/plugins/com.st.stm32cube.ide.mcu.externaltools.gnu-tools-for-stm32.10.3-2021.10.win32_1.0.0.202111181127/tools/bin/../lib/gcc/arm-none-eabi/10.3.1/thumb/v7-m/nofp/crtbegin.o
                [!provide]                        PROVIDE (__fini_array_end = .)
                0x0000000008008604                . = ALIGN (0x4)
                0x0000000008008604                _sidata = LOADADDR (.data)

.data           0x0000000020000000      0x1e0 load address 0x0000000008008604
                0x0000000020000000                . = ALIGN (0x4)
                0x0000000020000000                _sdata = .
 *(.data)
 *(.data*)
 .data.SystemCoreClock
                0x0000000020000000        0x4 ./Core/Src/system_stm32f1xx.o
                0x0000000020000000                SystemCoreClock
 .data.uwTickFreq
                0x0000000020000004        0x1 ./Drivers/STM32F1xx_HAL_Driver/Src/stm32f1xx_hal.o
                0x0000000020000004                uwTickFreq
 *fill*         0x0000000020000005        0x3 
 .data.uwTickPrio
                0x0000000020000008        0x4 ./Drivers/STM32F1xx_HAL_Driver/Src/stm32f1xx_hal.o
                0x0000000020000008                uwTickPrio
 .data.numCols  0x000000002000000c        0x1 ./raydio103/drivers/st7920.o
                0x000000002000000c                numCols
 .data.numRows  0x000000002000000d        0x1 ./raydio103/drivers/st7920.o
                0x000000002000000d                numRows
 *fill*         0x000000002000000e        0x2 
 .data._impure_ptr
                0x0000000020000010        0x4 d:/st/stm32cubeide_1.6.1/stm32cubeide/plugins/com.st.stm32cube.ide.mcu.externaltools.gnu-tools-for-stm32.10.3-2021.10.win32_1.0.0.202111181127/tools/bin/../lib/gcc/arm-none-eabi/10.3.1/../../../../arm-none-eabi/lib/thumb/v7-m/nofp\libc_nano.a(lib_a-impure.o)
                0x0000000020000010                _impure_ptr
 .data.impure_data
                0x0000000020000014       0x60 d:/st/stm32cubeide_1.6.1/stm32cubeide/plugins/com.st.stm32cube.ide.mcu.externaltools.gnu-tools-for-stm32.10.3-2021.10.win32_1.0.0.202111181127/tools/bin/../lib/gcc/arm-none-eabi/10.3.1/../../../../arm-none-eabi/lib/thumb/v7-m/nofp\libc_nano.a(lib_a-impure.o)
 .data.__global_locale
                0x0000000020000074      0x16c d:/st/stm32cubeide_1.6.1/stm32cubeide/plugins/com.st.stm32cube.ide.mcu.externaltools.gnu-tools-for-stm32.10.3-2021.10.win32_1.0.0.202111181127/tools/bin/../lib/gcc/arm-none-eabi/10.3.1/../../../../arm-none-eabi/lib/thumb/v7-m/nofp\libc_nano.a(lib_a-locale.o)
                0x0000000020000074                __global_locale
 *(.RamFunc)
 *(.RamFunc*)
                0x00000000200001e0                . = ALIGN (0x4)
                0x00000000200001e0                _edata = .

.igot.plt       0x00000000200001e0        0x0 load address 0x00000000080087e4
 .igot.plt      0x00000000200001e0        0x0 d:/st/stm32cubeide_1.6.1/stm32cubeide/plugins/com.st.stm32cube.ide.mcu.externaltools.gnu-tools-for-stm32.10.3-2021.10.win32_1.0.0.202111181127/tools/bin/../lib/gcc/arm-none-eabi/10.3.1/thumb/v7-m/nofp/crtbegin.o
                0x00000000200001e0                . = ALIGN (0x4)

.bss            0x00000000200001e0     0x1b8c load address 0x00000000080087e4
                0x00000000200001e0                _sbss = .
                0x00000000200001e0                __bss_start__ = _sbss
 *(.bss)
 .bss           0x00000000200001e0       0x1c d:/st/stm32cubeide_1.6.1/stm32cubeide/plugins/com.st.stm32cube.ide.mcu.externaltools.gnu-tools-for-stm32.10.3-2021.10.win32_1.0.0.202111181127/tools/bin/../lib/gcc/arm-none-eabi/10.3.1/thumb/v7-m/nofp/crtbegin.o
 *(.bss*)
 .bss.elseDone  0x00000000200001fc        0x1 ./Core/Src/main.o
                0x00000000200001fc                elseDone
 *fill*         0x00000000200001fd        0x3 
 .bss.hadc1     0x0000000020000200       0x30 ./Core/Src/main.o
                0x0000000020000200                hadc1
 .bss.hdma_adc1
                0x0000000020000230       0x44 ./Core/Src/main.o
                0x0000000020000230                hdma_adc1
 .bss.hdma_tim1_ch3
                0x0000000020000274       0x44 ./Core/Src/main.o
                0x0000000020000274                hdma_tim1_ch3
 .bss.hspi1     0x00000000200002b8       0x58 ./Core/Src/main.o
                0x00000000200002b8                hspi1
 .bss.htim1     0x0000000020000310       0x48 ./Core/Src/main.o
                0x0000000020000310                htim1
 .bss.htim3     0x0000000020000358       0x48 ./Core/Src/main.o
                0x0000000020000358                htim3
 .bss.__sbrk_heap_end
                0x00000000200003a0        0x4 ./Core/Src/sysmem.o
 .bss.uwTick    0x00000000200003a4        0x4 ./Drivers/STM32F1xx_HAL_Driver/Src/stm32f1xx_hal.o
                0x00000000200003a4                uwTick
 .bss.GLCD_Buf  0x00000000200003a8      0x400 ./raydio103/drivers/st7920.o
                0x00000000200003a8                GLCD_Buf
 .bss.Graphic_Check
                0x00000000200007a8        0x1 ./raydio103/drivers/st7920.o
                0x00000000200007a8                Graphic_Check
 .bss.endCol    0x00000000200007a9        0x1 ./raydio103/drivers/st7920.o
                0x00000000200007a9                endCol
 .bss.endRow    0x00000000200007aa        0x1 ./raydio103/drivers/st7920.o
                0x00000000200007aa                endRow
 .bss.lastHalf  0x00000000200007ab        0x1 ./raydio103/drivers/st7920.o
                0x00000000200007ab                lastHalf
 .bss.startCol  0x00000000200007ac        0x1 ./raydio103/drivers/st7920.o
                0x00000000200007ac                startCol
 .bss.startRow  0x00000000200007ad        0x1 ./raydio103/drivers/st7920.o
                0x00000000200007ad                startRow
 *fill*         0x00000000200007ae        0x2 
 .bss.S1        0x00000000200007b0        0xc ./raydio103/src/dsp.o
                0x00000000200007b0                S1
 .bss.S2        0x00000000200007bc        0xc ./raydio103/src/dsp.o
                0x00000000200007bc                S2
 .bss.adcBuffStart
                0x00000000200007c8        0x4 ./raydio103/src/dsp.o
                0x00000000200007c8                adcBuffStart
 .bss.dspInI    0x00000000200007cc      0x200 ./raydio103/src/dsp.o
                0x00000000200007cc                dspInI
 .bss.dspInQ    0x00000000200009cc      0x200 ./raydio103/src/dsp.o
                0x00000000200009cc                dspInQ
 .bss.dspOut    0x0000000020000bcc      0x200 ./raydio103/src/dsp.o
                0x0000000020000bcc                dspOut
 .bss.dspProcDone
                0x0000000020000dcc        0x1 ./raydio103/src/dsp.o
                0x0000000020000dcc                dspProcDone
 .bss.dspRingHalf
                0x0000000020000dcd        0x1 ./raydio103/src/dsp.o
                0x0000000020000dcd                dspRingHalf
 *fill*         0x0000000020000dce        0x2 
 .bss.firState1
                0x0000000020000dd0      0x23c ./raydio103/src/dsp.o
 .bss.firState2
                0x000000002000100c      0x23c ./raydio103/src/dsp.o
 .bss.inBuf     0x0000000020001248      0x400 ./raydio103/src/dsp.o
                0x0000000020001248                inBuf
 .bss.outBuf    0x0000000020001648      0x200 ./raydio103/src/dsp.o
                0x0000000020001648                outBuf
 .bss.outStarted
                0x0000000020001848        0x4 ./raydio103/src/dsp.o
                0x0000000020001848                outStarted
 .bss.fftBuf    0x000000002000184c      0x400 ./raydio103/src/fft.o
                0x000000002000184c                fftBuf
 .bss.fftS      0x0000000020001c4c       0x10 ./raydio103/src/fft.o
                0x0000000020001c4c                fftS
 .bss.magnitudes
                0x0000000020001c5c      0x100 ./raydio103/src/fft.o
                0x0000000020001c5c                magnitudes
 .bss.__malloc_free_list
                0x0000000020001d5c        0x4 d:/st/stm32cubeide_1.6.1/stm32cubeide/plugins/com.st.stm32cube.ide.mcu.externaltools.gnu-tools-for-stm32.10.3-2021.10.win32_1.0.0.202111181127/tools/bin/../lib/gcc/arm-none-eabi/10.3.1/../../../../arm-none-eabi/lib/thumb/v7-m/nofp\libc_nano.a(lib_a-nano-mallocr.o)
                0x0000000020001d5c                __malloc_free_list
 .bss.__malloc_sbrk_start
                0x0000000020001d60        0x4 d:/st/stm32cubeide_1.6.1/stm32cubeide/plugins/com.st.stm32cube.ide.mcu.externaltools.gnu-tools-for-stm32.10.3-2021.10.win32_1.0.0.202111181127/tools/bin/../lib/gcc/arm-none-eabi/10.3.1/../../../../arm-none-eabi/lib/thumb/v7-m/nofp\libc_nano.a(lib_a-nano-mallocr.o)
                0x0000000020001d60                __malloc_sbrk_start
 .bss.errno     0x0000000020001d64        0x4 d:/st/stm32cubeide_1.6.1/stm32cubeide/plugins/com.st.stm32cube.ide.mcu.externaltools.gnu-tools-for-stm32.10.3-2021.10.win32_1.0.0.202111181127/tools/bin/../lib/gcc/arm-none-eabi/10.3.1/../../../../arm-none-eabi/lib/thumb/v7-m/nofp\libc_nano.a(lib_a-reent.o)
                0x0000000020001d64                errno
 .bss.__lock___malloc_recursive_mutex
                0x0000000020001d68        0x1 d:/st/stm32cubeide_1.6.1/stm32cubeide/plugins/com.st.stm32cube.ide.mcu.externaltools.gnu-tools-for-stm32.10.3-2021.10.win32_1.0.0.202111181127/tools/bin/../lib/gcc/arm-none-eabi/10.3.1/../../../../arm-none-eabi/lib/thumb/v7-m/nofp\libc_nano.a(lib_a-lock.o)
                0x0000000020001d68                __lock___malloc_recursive_mutex
 .bss.__lock___sfp_recursive_mutex
                0x0000000020001d69        0x1 d:/st/stm32cubeide_1.6.1/stm32cubeide/plugins/com.st.stm32cube.ide.mcu.externaltools.gnu-tools-for-stm32.10.3-2021.10.win32_1.0.0.202111181127/tools/bin/../lib/gcc/arm-none-eabi/10.3.1/../../../../arm-none-eabi/lib/thumb/v7-m/nofp\libc_nano.a(lib_a-lock.o)
                0x0000000020001d69                __lock___sfp_recursive_mutex
 .bss.__lock___sinit_recursive_mutex
                0x0000000020001d6a        0x1 d:/st/stm32cubeide_1.6.1/stm32cubeide/plugins/com.st.stm32cube.ide.mcu.externaltools.gnu-tools-for-stm32.10.3-2021.10.win32_1.0.0.202111181127/tools/bin/../lib/gcc/arm-none-eabi/10.3.1/../../../../arm-none-eabi/lib/thumb/v7-m/nofp\libc_nano.a(lib_a-lock.o)
                0x0000000020001d6a                __lock___sinit_recursive_mutex
 *(COMMON)
                0x0000000020001d6c                . = ALIGN (0x4)
 *fill*         0x0000000020001d6b        0x1 
                0x0000000020001d6c                _ebss = .
                0x0000000020001d6c                __bss_end__ = _ebss

._user_heap_stack
                0x0000000020001d6c      0x604 load address 0x00000000080087e4
                0x0000000020001d70                . = ALIGN (0x8)
 *fill*         0x0000000020001d6c        0x4 
                [!provide]                        PROVIDE (end = .)
                0x0000000020001d70                PROVIDE (_end = .)
                0x0000000020001f70                . = (. + _Min_Heap_Size)
 *fill*         0x0000000020001d70      0x200 
                0x0000000020002370                . = (. + _Min_Stack_Size)
 *fill*         0x0000000020001f70      0x400 
                0x0000000020002370                . = ALIGN (0x8)

/DISCARD/
 libc.a(*)
 libm.a(*)
 libgcc.a(*)

.ARM.attributes
                0x0000000000000000       0x29
 *(.ARM.attributes)
 .ARM.attributes
                0x0000000000000000       0x1d d:/st/stm32cubeide_1.6.1/stm32cubeide/plugins/com.st.stm32cube.ide.mcu.externaltools.gnu-tools-for-stm32.10.3-2021.10.win32_1.0.0.202111181127/tools/bin/../lib/gcc/arm-none-eabi/10.3.1/thumb/v7-m/nofp/crti.o
 .ARM.attributes
                0x000000000000001d       0x2d d:/st/stm32cubeide_1.6.1/stm32cubeide/plugins/com.st.stm32cube.ide.mcu.externaltools.gnu-tools-for-stm32.10.3-2021.10.win32_1.0.0.202111181127/tools/bin/../lib/gcc/arm-none-eabi/10.3.1/thumb/v7-m/nofp/crtbegin.o
 .ARM.attributes
                0x000000000000004a       0x2d ./Core/Src/main.o
 .ARM.attributes
                0x0000000000000077       0x2d ./Core/Src/stm32f1xx_hal_msp.o
 .ARM.attributes
                0x00000000000000a4       0x2d ./Core/Src/stm32f1xx_it.o
 .ARM.attributes
                0x00000000000000d1       0x2d ./Core/Src/syscalls.o
 .ARM.attributes
                0x00000000000000fe       0x2d ./Core/Src/sysmem.o
 .ARM.attributes
                0x000000000000012b       0x2d ./Core/Src/system_stm32f1xx.o
 .ARM.attributes
                0x0000000000000158       0x21 ./Core/Startup/startup_stm32f103c8tx.o
 .ARM.attributes
                0x0000000000000179       0x2d ./Drivers/STM32F1xx_HAL_Driver/Src/stm32f1xx_hal.o
 .ARM.attributes
                0x00000000000001a6       0x2d ./Drivers/STM32F1xx_HAL_Driver/Src/stm32f1xx_hal_adc.o
 .ARM.attributes
                0x00000000000001d3       0x2d ./Drivers/STM32F1xx_HAL_Driver/Src/stm32f1xx_hal_cortex.o
 .ARM.attributes
                0x0000000000000200       0x2d ./Drivers/STM32F1xx_HAL_Driver/Src/stm32f1xx_hal_dma.o
 .ARM.attributes
                0x000000000000022d       0x2d ./Drivers/STM32F1xx_HAL_Driver/Src/stm32f1xx_hal_gpio.o
 .ARM.attributes
                0x000000000000025a       0x2d ./Drivers/STM32F1xx_HAL_Driver/Src/stm32f1xx_hal_rcc.o
 .ARM.attributes
                0x0000000000000287       0x2d ./Drivers/STM32F1xx_HAL_Driver/Src/stm32f1xx_hal_rcc_ex.o
 .ARM.attributes
                0x00000000000002b4       0x2d ./Drivers/STM32F1xx_HAL_Driver/Src/stm32f1xx_hal_spi.o
 .ARM.attributes
                0x00000000000002e1       0x2d ./Drivers/STM32F1xx_HAL_Driver/Src/stm32f1xx_hal_tim.o
 .ARM.attributes
                0x000000000000030e       0x2d ./Drivers/STM32F1xx_HAL_Driver/Src/stm32f1xx_hal_tim_ex.o
 .ARM.attributes
                0x000000000000033b       0x2d ./raydio103/drivers/st7920.o
 .ARM.attributes
                0x0000000000000368       0x2d ./raydio103/src/dsp.o
 .ARM.attributes
                0x0000000000000395       0x2d ./raydio103/src/fft.o
 .ARM.attributes
                0x00000000000003c2       0x33 D:\raydio103\raydio103\Drivers\CMSIS\Lib\GCC\libarm_cortexM3l_math.a(arm_copy_q31.o)
 .ARM.attributes
                0x00000000000003f5       0x33 D:\raydio103\raydio103\Drivers\CMSIS\Lib\GCC\libarm_cortexM3l_math.a(arm_cfft_q31.o)
 .ARM.attributes
                0x0000000000000428       0x21 D:\raydio103\raydio103\Drivers\CMSIS\Lib\GCC\libarm_cortexM3l_math.a(arm_bitreversal2.o)
 .ARM.attributes
                0x0000000000000449       0x33 D:\raydio103\raydio103\Drivers\CMSIS\Lib\GCC\libarm_cortexM3l_math.a(arm_cfft_radix4_q31.o)
 .ARM.attributes
                0x000000000000047c       0x33 D:\raydio103\raydio103\Drivers\CMSIS\Lib\GCC\libarm_cortexM3l_math.a(arm_fir_q31.o)
 .ARM.attributes
                0x00000000000004af       0x33 D:\raydio103\raydio103\Drivers\CMSIS\Lib\GCC\libarm_cortexM3l_math.a(arm_fir_init_q31.o)
 .ARM.attributes
                0x00000000000004e2       0x33 D:\raydio103\raydio103\Drivers\CMSIS\Lib\GCC\libarm_cortexM3l_math.a(arm_cmplx_mag_q31.o)
 .ARM.attributes
                0x0000000000000515       0x33 D:\raydio103\raydio103\Drivers\CMSIS\Lib\GCC\libarm_cortexM3l_math.a(arm_sqrt_q31.o)
 .ARM.attributes
                0x0000000000000548       0x33 D:\raydio103\raydio103\Drivers\CMSIS\Lib\GCC\libarm_cortexM3l_math.a(arm_scale_q31.o)
 .ARM.attributes
                0x000000000000057b       0x2d d:/st/stm32cubeide_1.6.1/stm32cubeide/plugins/com.st.stm32cube.ide.mcu.externaltools.gnu-tools-for-stm32.10.3-2021.10.win32_1.0.0.202111181127/tools/bin/../lib/gcc/arm-none-eabi/10.3.1/../../../../arm-none-eabi/lib/thumb/v7-m/nofp\libc_nano.a(lib_a-errno.o)
 .ARM.attributes
                0x00000000000005a8       0x2d d:/st/stm32cubeide_1.6.1/stm32cubeide/plugins/com.st.stm32cube.ide.mcu.externaltools.gnu-tools-for-stm32.10.3-2021.10.win32_1.0.0.202111181127/tools/bin/../lib/gcc/arm-none-eabi/10.3.1/../../../../arm-none-eabi/lib/thumb/v7-m/nofp\libc_nano.a(lib_a-impure.o)
 .ARM.attributes
                0x00000000000005d5       0x2d d:/st/stm32cubeide_1.6.1/stm32cubeide/plugins/com.st.stm32cube.ide.mcu.externaltools.gnu-tools-for-stm32.10.3-2021.10.win32_1.0.0.202111181127/tools/bin/../lib/gcc/arm-none-eabi/10.3.1/../../../../arm-none-eabi/lib/thumb/v7-m/nofp\libc_nano.a(lib_a-init.o)
 .ARM.attributes
                0x0000000000000602       0x2d d:/st/stm32cubeide_1.6.1/stm32cubeide/plugins/com.st.stm32cube.ide.mcu.externaltools.gnu-tools-for-stm32.10.3-2021.10.win32_1.0.0.202111181127/tools/bin/../lib/gcc/arm-none-eabi/10.3.1/../../../../arm-none-eabi/lib/thumb/v7-m/nofp\libc_nano.a(lib_a-memset.o)
 .ARM.attributes