Archive member included to satisfy reference by file (symbol)

D:\raydio103\raydio103\Drivers\CMSIS\Lib\GCC\libarm_cortexM3l_math.a(arm_fir_q31.o)
                              ./raydio103/src/fir.o (arm_fir_q31)
D:\raydio103\raydio103\Drivers\CMSIS\Lib\GCC\libarm_cortexM3l_math.a(arm_fir_interpolate_init_q31.o)
                              ./raydio103/src/dsp.o (arm_fir_interpolate_init_q31)
D:\raydio103\raydio103\Drivers\CMSIS\Lib\GCC\libarm_cortexM3l_math.a(arm_fir_decimate_init_q31.o)
                              ./raydio103/src/dsp.o (arm_fir_decimate_init_q31)
D:\raydio103\raydio103\Drivers\CMSIS\Lib\GCC\libarm_cortexM3l_math.a(arm_sub_q31.o)
                              ./raydio103/src/audio.o (arm_sub_q31)
D:\raydio103\raydio103\Drivers\CMSIS\Lib\GCC\libarm_cortexM3l_math.a(arm_scale_q31.o)
                              ./raydio103/src/agc.o (arm_scale_q31)
D:\raydio103\raydio103\Drivers\CMSIS\Lib\GCC\libarm_cortexM3l_math.a(arm_mult_q31.o)
                              ./raydio103/src/agc.o (arm_mult_q31)
D:\raydio103\raydio103\Drivers\CMSIS\Lib\GCC\libarm_cortexM3l_math.a(arm_abs_q31.o)
                              ./raydio103/src/agc.o (arm_abs_q31)
d:/st/stm32cubeide_1.6.1/stm32cubeide/plugins/com.st.stm32cube.ide.mcu.externaltools.gnu-tools-for-stm32.10.3-2021.10.win32_1.0.0.202111181127/tools/bin/../lib/gcc/arm-none-eabi/10.3.1/../../../../arm-none-eabi/lib/thumb/v7-m/nofp\libc_nano.a(lib_a-errno.o)
                              ./Core/Src/syscalls.o (__errno)
d:/st/stm32cubeide_1.6.1/stm32cubeide/plugins/com.st.stm32cube.ide.mcu.externaltools.gnu-tools-for-stm32.10.3-2021.10.win32_1.0.0.202111181127/tools/bin/../lib/gcc/arm-none-eabi/10.3.1/../../../../arm-none-eabi/lib/thumb/v7-m/nofp\libc_nano.a(lib_a-exit.o)
                              d:/st/stm32cubeide_1.6.1/stm32cubeide/plugins/com.st.stm32cube.ide.mcu.externaltools.gnu-tools-for-stm32.10.3-2021.10.win32_1.0.0.202111181127/tools/bin/../lib/gcc/arm-none-eabi/10.3.1/../../../../arm-none-eabi/lib/thumb/v7-m/nofp/crt0.o (exit)
d:/st/stm32cubeide_1.6.1/stm32cubeide/plugins/com.st.stm32cube.ide.mcu.externaltools.gnu-tools-for-stm32.10.3-2021.10.win32_1.0.0.202111181127/tools/bin/../lib/gcc/arm-none-eabi/10.3.1/../../../../arm-none-eabi/lib/thumb/v7-m/nofp\libc_nano.a(lib_a-impure.o)
                              d:/st/stm32cubeide_1.6.1/stm32cubeide/plugins/com.st.stm32cube.ide.mcu.externaltools.gnu-tools-for-stm32.10.3-2021.10.win32_1.0.0.202111181127/tools/bin/../lib/gcc/arm-none-eabi/10.3.1/../../../../arm-none-eabi/lib/thumb/v7-m/nofp\libc_nano.a(lib_a-exit.o) (_global_impure_ptr)
d:/st/stm32cubeide_1.6.1/stm32cubeide/plugins/com.st.stm32cube.ide.mcu.externaltools.gnu-tools-for-stm32.10.3-2021.10.win32_1.0.0.202111181127/tools/bin/../lib/gcc/arm-none-eabi/10.3.1/../../../../arm-none-eabi/lib/thumb/v7-m/nofp\libc_nano.a(lib_a-init.o)
                              d:/st/stm32cubeide_1.6.1/stm32cubeide/plugins/com.st.stm32cube.ide.mcu.externaltools.gnu-tools-for-stm32.10.3-2021.10.win32_1.0.0.202111181127/tools/bin/../lib/gcc/arm-none-eabi/10.3.1/../../../../arm-none-eabi/lib/thumb/v7-m/nofp/crt0.o (__libc_init_array)
d:/st/stm32cubeide_1.6.1/stm32cubeide/plugins/com.st.stm32cube.ide.mcu.externaltools.gnu-tools-for-stm32.10.3-2021.10.win32_1.0.0.202111181127/tools/bin/../lib/gcc/arm-none-eabi/10.3.1/../../../../arm-none-eabi/lib/thumb/v7-m/nofp\libc_nano.a(lib_a-malloc.o)
                              ./raydio103/src/tools.o (malloc)
d:/st/stm32cubeide_1.6.1/stm32cubeide/plugins/com.st.stm32cube.ide.mcu.externaltools.gnu-tools-for-stm32.10.3-2021.10.win32_1.0.0.202111181127/tools/bin/../lib/gcc/arm-none-eabi/10.3.1/../../../../arm-none-eabi/lib/thumb/v7-m/nofp\libc_nano.a(lib_a-memset.o)
                              d:/st/stm32cubeide_1.6.1/stm32cubeide/plugins/com.st.stm32cube.ide.mcu.externaltools.gnu-tools-for-stm32.10.3-2021.10.win32_1.0.0.202111181127/tools/bin/../lib/gcc/arm-none-eabi/10.3.1/../../../../arm-none-eabi/lib/thumb/v7-m/nofp/crt0.o (memset)
d:/st/stm32cubeide_1.6.1/stm32cubeide/plugins/com.st.stm32cube.ide.mcu.externaltools.gnu-tools-for-stm32.10.3-2021.10.win32_1.0.0.202111181127/tools/bin/../lib/gcc/arm-none-eabi/10.3.1/../../../../arm-none-eabi/lib/thumb/v7-m/nofp\libc_nano.a(lib_a-nano-freer.o)
                              d:/st/stm32cubeide_1.6.1/stm32cubeide/plugins/com.st.stm32cube.ide.mcu.externaltools.gnu-tools-for-stm32.10.3-2021.10.win32_1.0.0.202111181127/tools/bin/../lib/gcc/arm-none-eabi/10.3.1/../../../../arm-none-eabi/lib/thumb/v7-m/nofp\libc_nano.a(lib_a-malloc.o) (_free_r)
d:/st/stm32cubeide_1.6.1/stm32cubeide/plugins/com.st.stm32cube.ide.mcu.externaltools.gnu-tools-for-stm32.10.3-2021.10.win32_1.0.0.202111181127/tools/bin/../lib/gcc/arm-none-eabi/10.3.1/../../../../arm-none-eabi/lib/thumb/v7-m/nofp\libc_nano.a(lib_a-nano-mallocr.o)
[...]
Memory Configuration

Name             Origin             Length             Attributes
RAM              0x0000000020000000 0x0000000000005000 xrw
FLASH            0x0000000008000000 0x0000000000010000 xr
*default*        0x0000000000000000 0xffffffffffffffff

Linker script and memory map

LOAD d:/st/stm32cubeide_1.6.1/stm32cubeide/plugins/com.st.stm32cube.ide.mcu.externaltools.gnu-tools-for-stm32.10.3-2021.10.win32_1.0.0.202111181127/tools/bin/../lib/gcc/arm-none-eabi/10.3.1/thumb/v7-m/nofp/crti.o
LOAD d:/st/stm32cubeide_1.6.1/stm32cubeide/plugins/com.st.stm32cube.ide.mcu.externaltools.gnu-tools-for-stm32.10.3-2021.10.win32_1.0.0.202111181127/tools/bin/../lib/gcc/arm-none-eabi/10.3.1/thumb/v7-m/nofp/crtbegin.o
LOAD d:/st/stm32cubeide_1.6.1/stm32cubeide/plugins/com.st.stm32cube.ide.mcu.externaltools.gnu-tools-for-stm32.10.3-2021.10.win32_1.0.0.202111181127/tools/bin/../lib/gcc/arm-none-eabi/10.3.1/../../../../arm-none-eabi/lib/thumb/v7-m/nofp/crt0.o
LOAD ./Core/Src/main.o
LOAD ./Core/Src/stm32f1xx_hal_msp.o
LOAD ./Core/Src/stm32f1xx_it.o
LOAD ./Core/Src/syscalls.o
LOAD ./Core/Src/sysmem.o
LOAD ./Core/Src/system_stm32f1xx.o
LOAD ./Core/Startup/startup_stm32f103c8tx.o
LOAD ./Drivers/STM32F1xx_HAL_Driver/Src/stm32f1xx_hal.o
LOAD ./Drivers/STM32F1xx_HAL_Driver/Src/stm32f1xx_hal_adc.o
LOAD ./Drivers/STM32F1xx_HAL_Driver/Src/stm32f1xx_hal_adc_ex.o
LOAD ./Drivers/STM32F1xx_HAL_Driver/Src/stm32f1xx_hal_cortex.o
LOAD ./Drivers/STM32F1xx_HAL_Driver/Src/stm32f1xx_hal_dma.o
LOAD ./Drivers/STM32F1xx_HAL_Driver/Src/stm32f1xx_hal_exti.o
LOAD ./Drivers/STM32F1xx_HAL_Driver/Src/stm32f1xx_hal_flash.o
LOAD ./Drivers/STM32F1xx_HAL_Driver/Src/stm32f1xx_hal_flash_ex.o
LOAD ./Drivers/STM32F1xx_HAL_Driver/Src/stm32f1xx_hal_gpio.o
LOAD ./Drivers/STM32F1xx_HAL_Driver/Src/stm32f1xx_hal_gpio_ex.o
LOAD ./Drivers/STM32F1xx_HAL_Driver/Src/stm32f1xx_hal_i2c.o
LOAD ./Drivers/STM32F1xx_HAL_Driver/Src/stm32f1xx_hal_pwr.o
LOAD ./Drivers/STM32F1xx_HAL_Driver/Src/stm32f1xx_hal_rcc.o
LOAD ./Drivers/STM32F1xx_HAL_Driver/Src/stm32f1xx_hal_rcc_ex.o
LOAD ./Drivers/STM32F1xx_HAL_Driver/Src/stm32f1xx_hal_spi.o
LOAD ./Drivers/STM32F1xx_HAL_Driver/Src/stm32f1xx_hal_tim.o
LOAD ./Drivers/STM32F1xx_HAL_Driver/Src/stm32f1xx_hal_tim_ex.o
LOAD ./Drivers/STM32F1xx_HAL_Driver/Src/stm32f1xx_hal_uart.o
LOAD ./raydio103/drivers/mcp23s17.o
LOAD ./raydio103/drivers/si5351.o
LOAD ./raydio103/drivers/ssd1309.o
LOAD ./raydio103/src/agc.o
LOAD ./raydio103/src/audio.o
LOAD ./raydio103/src/dsp.o
LOAD ./raydio103/src/encoder.o
LOAD ./raydio103/src/fft.o
LOAD ./raydio103/src/fir.o
LOAD ./raydio103/src/gfx.o
LOAD ./raydio103/src/menu.o
LOAD ./raydio103/src/metrics.o
LOAD ./raydio103/src/radio.o
LOAD ./raydio103/src/schedule.o
LOAD ./raydio103/src/tools.o
LOAD D:\raydio103\raydio103\Drivers\CMSIS\Lib\GCC\libarm_cortexM3l_math.a
START GROUP
LOAD d:/st/stm32cubeide_1.6.1/stm32cubeide/plugins/com.st.stm32cube.ide.mcu.externaltools.gnu-tools-for-stm32.10.3-2021.10.win32_1.0.0.202111181127/tools/bin/../lib/gcc/arm-none-eabi/10.3.1/../../../../arm-none-eabi/lib/thumb/v7-m/nofp\libc_nano.a
LOAD d:/st/stm32cubeide_1.6.1/stm32cubeide/plugins/com.st.stm32cube.ide.mcu.externaltools.gnu-tools-for-stm32.10.3-2021.10.win32_1.0.0.202111181127/tools/bin/../lib/gcc/arm-none-eabi/10.3.1/../../../../arm-none-eabi/lib/thumb/v7-m/nofp\libm.a
END GROUP
START GROUP
LOAD d:/st/stm32cubeide_1.6.1/stm32cubeide/plugins/com.st.stm32cube.ide.mcu.externaltools.gnu-tools-for-stm32.10.3-2021.10.win32_1.0.0.202111181127/tools/bin/../lib/gcc/arm-none-eabi/10.3.1/thumb/v7-m/nofp\libgcc.a
LOAD d:/st/stm32cubeide_1.6.1/stm32cubeide/plugins/com.st.stm32cube.ide.mcu.externaltools.gnu-tools-for-stm32.10.3-2021.10.win32_1.0.0.202111181127/tools/bin/../lib/gcc/arm-none-eabi/10.3.1/../../../../arm-none-eabi/lib/thumb/v7-m/nofp\libc_nano.a
END GROUP
START GROUP
LOAD d:/st/stm32cubeide_1.6.1/stm32cubeide/plugins/com.st.stm32cube.ide.mcu.externaltools.gnu-tools-for-stm32.10.3-2021.10.win32_1.0.0.202111181127/tools/bin/../lib/gcc/arm-none-eabi/10.3.1/thumb/v7-m/nofp\libgcc.a
LOAD d:/st/stm32cubeide_1.6.1/stm32cubeide/plugins/com.st.stm32cube.ide.mcu.externaltools.gnu-tools-for-stm32.10.3-2021.10.win32_1.0.0.202111181127/tools/bin/../lib/gcc/arm-none-eabi/10.3.1/../../../../arm-none-eabi/lib/thumb/v7-m/nofp\libc_nano.a
LOAD d:/st/stm32cubeide_1.6.1/stm32cubeide/plugins/com.st.stm32cube.ide.mcu.externaltools.gnu-tools-for-stm32.10.3-2021.10.win32_1.0.0.202111181127/tools/bin/../lib/gcc/arm-none-eabi/10.3.1/../../../../arm-none-eabi/lib/thumb/v7-m/nofp\libnosys.a
END GROUP
START GROUP
LOAD d:/st/stm32cubeide_1.6.1/stm32cubeide/plugins/com.st.stm32cube.ide.mcu.externaltools.gnu-tools-for-stm32.10.3-2021.10.win32_1.0.0.202111181127/tools/bin/../lib/gcc/arm-none-eabi/10.3.1/thumb/v7-m/nofp\libgcc.a
LOAD d:/st/stm32cubeide_1.6.1/stm32cubeide/plugins/com.st.stm32cube.ide.mcu.externaltools.gnu-tools-for-stm32.10.3-2021.10.win32_1.0.0.202111181127/tools/bin/../lib/gcc/arm-none-eabi/10.3.1/../../../../arm-none-eabi/lib/thumb/v7-m/nofp\libc_nano.a
LOAD d:/st/stm32cubeide_1.6.1/stm32cubeide/plugins/com.st.stm32cube.ide.mcu.externaltools.gnu-tools-for-stm32.10.3-2021.10.win32_1.0.0.202111181127/tools/bin/../lib/gcc/arm-none-eabi/10.3.1/../../../../arm-none-eabi/lib/thumb/v7-m/nofp\libnosys.a
END GROUP
LOAD d:/st/stm32cubeide_1.6.1/stm32cubeide/plugins/com.st.stm32cube.ide.mcu.externaltools.gnu-tools-for-stm32.10.3-2021.10.win32_1.0.0.202111181127/tools/bin/../lib/gcc/arm-none-eabi/10.3.1/thumb/v7-m/nofp/crtend.o
LOAD d:/st/stm32cubeide_1.6.1/stm32cubeide/plugins/com.st.stm32cube.ide.mcu.externaltools.gnu-tools-for-stm32.10.3-2021.10.win32_1.0.0.202111181127/tools/bin/../lib/gcc/arm-none-eabi/10.3.1/thumb/v7-m/nofp/crtn.o
                0x0000000020005000                _estack = (ORIGIN (RAM) + LENGTH (RAM))
                0x0000000000000400                _Min_Heap_Size = 0x400
                0x0000000000000200                _Min_Stack_Size = 0x200

.isr_vector     0x0000000008000000      0x10c
                0x0000000008000000                . = ALIGN (0x4)
 *(.isr_vector)
 .isr_vector    0x0000000008000000      0x10c ./Core/Startup/startup_stm32f103c8tx.o
                0x0000000008000000                g_pfnVectors
                0x000000000800010c                . = ALIGN (0x4)

.text           0x0000000008000110     0x7f2c
                0x0000000008000110                . = ALIGN (0x4)
 *(.text)
 .text          0x0000000008000110       0x40 d:/st/stm32cubeide_1.6.1/stm32cubeide/plugins/com.st.stm32cube.ide.mcu.externaltools.gnu-tools-for-stm32.10.3-2021.10.win32_1.0.0.202111181127/tools/bin/../lib/gcc/arm-none-eabi/10.3.1/thumb/v7-m/nofp/crtbegin.o
 .text          0x0000000008000150       0x10 d:/st/stm32cubeide_1.6.1/stm32cubeide/plugins/com.st.stm32cube.ide.mcu.externaltools.gnu-tools-for-stm32.10.3-2021.10.win32_1.0.0.202111181127/tools/bin/../lib/gcc/arm-none-eabi/10.3.1/../../../../arm-none-eabi/lib/thumb/v7-m/nofp\libc_nano.a(lib_a-strlen.o)
                0x0000000008000150                strlen
 .text          0x0000000008000160      0x378 d:/st/stm32cubeide_1.6.1/stm32cubeide/plugins/com.st.stm32cube.ide.mcu.externaltools.gnu-tools-for-stm32.10.3-2021.10.win32_1.0.0.202111181127/tools/bin/../lib/gcc/arm-none-eabi/10.3.1/thumb/v7-m/nofp\libgcc.a(_arm_addsubdf3.o)
                0x0000000008000160                __aeabi_drsub
                0x0000000008000168                __aeabi_dsub
                0x0000000008000168                __subdf3
                0x000000000800016c                __aeabi_dadd
                0x000000000800016c                __adddf3
                0x00000000080003e4                __floatunsidf
                0x00000000080003e4                __aeabi_ui2d
                0x0000000008000404                __floatsidf
                0x0000000008000404                __aeabi_i2d
                0x0000000008000428                __aeabi_f2d
                0x0000000008000428                __extendsfdf2
                0x000000000800046c                __floatundidf
                0x000000000800046c                __aeabi_ul2d
                0x000000000800047c                __floatdidf
                0x000000000800047c                __aeabi_l2d
 .text          0x00000000080004d8      0x424 d:/st/stm32cubeide_1.6.1/stm32cubeide/plugins/com.st.stm32cube.ide.mcu.externaltools.gnu-tools-for-stm32.10.3-2021.10.win32_1.0.0.202111181127/tools/bin/../lib/gcc/arm-none-eabi/10.3.1/thumb/v7-m/nofp\libgcc.a(_arm_muldivdf3.o)
                0x00000000080004d8                __aeabi_dmul
                0x00000000080004d8                __muldf3
                0x000000000800072c                __divdf3
                0x000000000800072c                __aeabi_ddiv
 .text          0x00000000080008fc      0x110 d:/st/stm32cubeide_1.6.1/stm32cubeide/plugins/com.st.stm32cube.ide.mcu.externaltools.gnu-tools-for-stm32.10.3-2021.10.win32_1.0.0.202111181127/tools/bin/../lib/gcc/arm-none-eabi/10.3.1/thumb/v7-m/nofp\libgcc.a(_arm_cmpdf2.o)
                0x00000000080008fc                __gtdf2
                0x00000000080008fc                __gedf2
                0x0000000008000904                __ltdf2
                0x0000000008000904                __ledf2
                0x000000000800090c                __nedf2
                0x000000000800090c                __eqdf2
                0x000000000800090c                __cmpdf2
                0x0000000008000988                __aeabi_cdrcmple
                0x0000000008000998                __aeabi_cdcmpeq
                0x0000000008000998                __aeabi_cdcmple
                0x00000000080009a8                __aeabi_dcmpeq
                0x00000000080009bc                __aeabi_dcmplt
                0x00000000080009d0                __aeabi_dcmple
                0x00000000080009e4                __aeabi_dcmpge
                0x00000000080009f8                __aeabi_dcmpgt
 .text          0x0000000008000a0c       0x2c d:/st/stm32cubeide_1.6.1/stm32cubeide/plugins/com.st.stm32cube.ide.mcu.externaltools.gnu-tools-for-stm32.10.3-2021.10.win32_1.0.0.202111181127/tools/bin/../lib/gcc/arm-none-eabi/10.3.1/thumb/v7-m/nofp\libgcc.a(_arm_unorddf2.o)
                0x0000000008000a0c                __unorddf2
                0x0000000008000a0c                __aeabi_dcmpun
 .text          0x0000000008000a38       0x50 d:/st/stm32cubeide_1.6.1/stm32cubeide/plugins/com.st.stm32cube.ide.mcu.externaltools.gnu-tools-for-stm32.10.3-2021.10.win32_1.0.0.202111181127/tools/bin/../lib/gcc/arm-none-eabi/10.3.1/thumb/v7-m/nofp\libgcc.a(_arm_fixdfsi.o)
                0x0000000008000a38                __aeabi_d2iz
                0x0000000008000a38                __fixdfsi
 *(.text*)
 .text.MX_GPIO_Init
                0x0000000008000a88      0x108 ./Core/Src/main.o
 .text.MX_DMA_Init
                0x0000000008000b90       0x74 ./Core/Src/main.o
 .text.Error_Handler
                0x0000000008000c04        0x4 ./Core/Src/main.o
                0x0000000008000c04                Error_Handler
 .text.MX_ADC1_Init
                0x0000000008000c08       0xf8 ./Core/Src/main.o
 .text.MX_TIM1_Init
                0x0000000008000d00      0x11c ./Core/Src/main.o
 .text.MX_SPI1_Init
                0x0000000008000e1c       0x40 ./Core/Src/main.o
 .text.MX_USART1_UART_Init
                0x0000000008000e5c       0x34 ./Core/Src/main.o
 .text.MX_TIM2_Init
                0x0000000008000e90       0xc0 ./Core/Src/main.o
 .text.MX_I2C2_Init
                0x0000000008000f50       0x38 ./Core/Src/main.o
 .text.SystemClock_Config
                0x0000000008000f88       0x80 ./Core/Src/main.o
                0x0000000008000f88                SystemClock_Config
 .text.main     0x0000000008001008       0x34 ./Core/Src/main.o
                0x0000000008001008                main
 .text.HAL_MspInit
                0x000000000800103c       0x44 ./Core/Src/stm32f1xx_hal_msp.o
                0x000000000800103c                HAL_MspInit
 .text.HAL_ADC_MspInit
                0x0000000008001080       0xa0 ./Core/Src/stm32f1xx_hal_msp.o
                0x0000000008001080                HAL_ADC_MspInit
 .text.HAL_I2C_MspInit
                0x0000000008001120       0x64 ./Core/Src/stm32f1xx_hal_msp.o
                0x0000000008001120                HAL_I2C_MspInit
 .text.HAL_SPI_MspInit
                0x0000000008001184       0xbc ./Core/Src/stm32f1xx_hal_msp.o
                0x0000000008001184                HAL_SPI_MspInit
 .text.HAL_TIM_Base_MspInit
                0x0000000008001240      0x110 ./Core/Src/stm32f1xx_hal_msp.o
                0x0000000008001240                HAL_TIM_Base_MspInit
 .text.HAL_TIM_MspPostInit
                0x0000000008001350       0x50 ./Core/Src/stm32f1xx_hal_msp.o
                0x0000000008001350                HAL_TIM_MspPostInit
 .text.HAL_UART_MspInit
                0x00000000080013a0       0x98 ./Core/Src/stm32f1xx_hal_msp.o
                0x00000000080013a0                HAL_UART_MspInit
 .text.NMI_Handler
                0x0000000008001438        0x2 ./Core/Src/stm32f1xx_it.o
                0x0000000008001438                NMI_Handler
 .text.HardFault_Handler
                0x000000000800143a        0x2 ./Core/Src/stm32f1xx_it.o
                0x000000000800143a                HardFault_Handler
 .text.MemManage_Handler
                0x000000000800143c        0x2 ./Core/Src/stm32f1xx_it.o
                0x000000000800143c                MemManage_Handler
 .text.BusFault_Handler
                0x000000000800143e        0x2 ./Core/Src/stm32f1xx_it.o
                0x000000000800143e                BusFault_Handler
 .text.UsageFault_Handler
                0x0000000008001440        0x2 ./Core/Src/stm32f1xx_it.o
                0x0000000008001440                UsageFault_Handler
 .text.SVC_Handler
                0x0000000008001442        0x2 ./Core/Src/stm32f1xx_it.o
                0x0000000008001442                SVC_Handler
 .text.DebugMon_Handler
                0x0000000008001444        0x2 ./Core/Src/stm32f1xx_it.o
                0x0000000008001444                DebugMon_Handler
 .text.PendSV_Handler
                0x0000000008001446        0x2 ./Core/Src/stm32f1xx_it.o
                0x0000000008001446                PendSV_Handler
 .text.SysTick_Handler
                0x0000000008001448        0x8 ./Core/Src/stm32f1xx_it.o
                0x0000000008001448                SysTick_Handler
 .text.DMA1_Channel1_IRQHandler
                0x0000000008001450       0x10 ./Core/Src/stm32f1xx_it.o
                0x0000000008001450                DMA1_Channel1_IRQHandler
 .text.DMA1_Channel2_IRQHandler
                0x0000000008001460       0x10 ./Core/Src/stm32f1xx_it.o
                0x0000000008001460                DMA1_Channel2_IRQHandler
 .text.DMA1_Channel3_IRQHandler
                0x0000000008001470       0x10 ./Core/Src/stm32f1xx_it.o
                0x0000000008001470                DMA1_Channel3_IRQHandler
 .text.DMA1_Channel4_IRQHandler
                0x0000000008001480       0x10 ./Core/Src/stm32f1xx_it.o
                0x0000000008001480                DMA1_Channel4_IRQHandler
 .text.DMA1_Channel6_IRQHandler
                0x0000000008001490       0x10 ./Core/Src/stm32f1xx_it.o
                0x0000000008001490                DMA1_Channel6_IRQHandler
 .text.USART1_IRQHandler
                0x00000000080014a0       0x10 ./Core/Src/stm32f1xx_it.o
                0x00000000080014a0                USART1_IRQHandler
 .text._getpid  0x00000000080014b0        0x4 ./Core/Src/syscalls.o
                0x00000000080014b0                _getpid
 .text._kill    0x00000000080014b4       0x10 ./Core/Src/syscalls.o
                0x00000000080014b4                _kill
 .text._exit    0x00000000080014c4        0xc ./Core/Src/syscalls.o
                0x00000000080014c4                _exit
 .text._read    0x00000000080014d0       0x20 ./Core/Src/syscalls.o
                0x00000000080014d0                _read
 .text._write   0x00000000080014f0       0x1c ./Core/Src/syscalls.o
                0x00000000080014f0                _write
 .text._close   0x000000000800150c        0x6 ./Core/Src/syscalls.o
                0x000000000800150c                _close
 .text._fstat   0x0000000008001512        0xa ./Core/Src/syscalls.o
                0x0000000008001512                _fstat
 .text._isatty  0x000000000800151c        0x4 ./Core/Src/syscalls.o
                0x000000000800151c                _isatty
 .text._lseek   0x0000000008001520        0x4 ./Core/Src/syscalls.o
                0x0000000008001520                _lseek
 .text._sbrk    0x0000000008001524       0x48 ./Core/Src/sysmem.o
                0x0000000008001524                _sbrk
 .text.SystemInit
                0x000000000800156c        0x2 ./Core/Src/system_stm32f1xx.o
                0x000000000800156c                SystemInit
 *fill*         0x000000000800156e        0x2 
 .text.Reset_Handler
                0x0000000008001570       0x48 ./Core/Startup/startup_stm32f103c8tx.o
                0x0000000008001570                Reset_Handler
 .text.Default_Handler
                0x00000000080015b8        0x2 ./Core/Startup/startup_stm32f103c8tx.o
                0x00000000080015b8                RTC_Alarm_IRQHandler
                0x00000000080015b8                EXTI2_IRQHandler
                0x00000000080015b8                TIM1_CC_IRQHandler
                0x00000000080015b8                PVD_IRQHandler
                0x00000000080015b8                EXTI3_IRQHandler
                0x00000000080015b8                EXTI0_IRQHandler
                0x00000000080015b8                I2C2_EV_IRQHandler
                0x00000000080015b8                ADC1_2_IRQHandler
                0x00000000080015b8                SPI1_IRQHandler
                0x00000000080015b8                TAMPER_IRQHandler
                0x00000000080015b8                USART3_IRQHandler
                0x00000000080015b8                RTC_IRQHandler
                0x00000000080015b8                DMA1_Channel7_IRQHandler
                0x00000000080015b8                CAN1_RX1_IRQHandler
                0x00000000080015b8                TIM4_IRQHandler
                0x00000000080015b8                I2C1_EV_IRQHandler
                0x00000000080015b8                TIM3_IRQHandler
                0x00000000080015b8                RCC_IRQHandler
                0x00000000080015b8                TIM1_TRG_COM_IRQHandler
                0x00000000080015b8                Default_Handler
                0x00000000080015b8                EXTI15_10_IRQHandler
                0x00000000080015b8                EXTI9_5_IRQHandler
                0x00000000080015b8                SPI2_IRQHandler
                0x00000000080015b8                DMA1_Channel5_IRQHandler
                0x00000000080015b8                EXTI4_IRQHandler
                0x00000000080015b8                USB_LP_CAN1_RX0_IRQHandler
                0x00000000080015b8                USB_HP_CAN1_TX_IRQHandler
                0x00000000080015b8                TIM1_UP_IRQHandler
                0x00000000080015b8                WWDG_IRQHandler
                0x00000000080015b8                TIM2_IRQHandler
                0x00000000080015b8                TIM1_BRK_IRQHandler
                0x00000000080015b8                EXTI1_IRQHandler
                0x00000000080015b8                USART2_IRQHandler
                0x00000000080015b8                I2C2_ER_IRQHandler
                0x00000000080015b8                CAN1_SCE_IRQHandler
                0x00000000080015b8                FLASH_IRQHandler
                0x00000000080015b8                I2C1_ER_IRQHandler
                0x00000000080015b8                USBWakeUp_IRQHandler
 *fill*         0x00000000080015ba        0x2 
 .text.HAL_InitTick
                0x00000000080015bc       0x4c ./Drivers/STM32F1xx_HAL_Driver/Src/stm32f1xx_hal.o
                0x00000000080015bc                HAL_InitTick
 .text.HAL_Init
                0x0000000008001608       0x24 ./Drivers/STM32F1xx_HAL_Driver/Src/stm32f1xx_hal.o
                0x0000000008001608                HAL_Init
 .text.HAL_IncTick
                0x000000000800162c       0x18 ./Drivers/STM32F1xx_HAL_Driver/Src/stm32f1xx_hal.o
                0x000000000800162c                HAL_IncTick
 .text.HAL_GetTick
                0x0000000008001644        0xc ./Drivers/STM32F1xx_HAL_Driver/Src/stm32f1xx_hal.o
                0x0000000008001644                HAL_GetTick
 .text.HAL_Delay
                0x0000000008001650       0x28 ./Drivers/STM32F1xx_HAL_Driver/Src/stm32f1xx_hal.o
                0x0000000008001650                HAL_Delay
 .text.ADC_DMAConvCplt
                0x0000000008001678       0x52 ./Drivers/STM32F1xx_HAL_Driver/Src/stm32f1xx_hal_adc.o
                0x0000000008001678                ADC_DMAConvCplt
 .text.ADC_DMAHalfConvCplt
                0x00000000080016ca        0xa ./Drivers/STM32F1xx_HAL_Driver/Src/stm32f1xx_hal_adc.o
                0x00000000080016ca                ADC_DMAHalfConvCplt
 .text.HAL_ADC_ErrorCallback
                0x00000000080016d4        0x2 ./Drivers/STM32F1xx_HAL_Driver/Src/stm32f1xx_hal_adc.o
                0x00000000080016d4                HAL_ADC_ErrorCallback
 .text.ADC_DMAError
                0x00000000080016d6       0x1a ./Drivers/STM32F1xx_HAL_Driver/Src/stm32f1xx_hal_adc.o
                0x00000000080016d6                ADC_DMAError
 .text.HAL_ADC_ConfigChannel
                0x00000000080016f0      0x144 ./Drivers/STM32F1xx_HAL_Driver/Src/stm32f1xx_hal_adc.o
                0x00000000080016f0                HAL_ADC_ConfigChannel
 .text.ADC_Enable
                0x0000000008001834       0x88 ./Drivers/STM32F1xx_HAL_Driver/Src/stm32f1xx_hal_adc.o
                0x0000000008001834                ADC_Enable
 .text.HAL_ADC_Start_DMA
                0x00000000080018bc      0x130 ./Drivers/STM32F1xx_HAL_Driver/Src/stm32f1xx_hal_adc.o
                0x00000000080018bc                HAL_ADC_Start_DMA
 .text.ADC_ConversionStop_Disable
                0x00000000080019ec       0x56 ./Drivers/STM32F1xx_HAL_Driver/Src/stm32f1xx_hal_adc.o
                0x00000000080019ec                ADC_ConversionStop_Disable
 *fill*         0x0000000008001a42        0x2 
 .text.HAL_ADC_Init
                0x0000000008001a44      0x108 ./Drivers/STM32F1xx_HAL_Driver/Src/stm32f1xx_hal_adc.o
                0x0000000008001a44                HAL_ADC_Init
 .text.HAL_ADCEx_Calibration_Start
                0x0000000008001b4c      0x100 ./Drivers/STM32F1xx_HAL_Driver/Src/stm32f1xx_hal_adc_ex.o
                0x0000000008001b4c                HAL_ADCEx_Calibration_Start
 .text.HAL_ADCEx_InjectedConfigChannel
                0x0000000008001c4c      0x228 ./Drivers/STM32F1xx_HAL_Driver/Src/stm32f1xx_hal_adc_ex.o
                0x0000000008001c4c                HAL_ADCEx_InjectedConfigChannel
 .text.HAL_NVIC_SetPriorityGrouping
                0x0000000008001e74       0x24 ./Drivers/STM32F1xx_HAL_Driver/Src/stm32f1xx_hal_cortex.o
                0x0000000008001e74                HAL_NVIC_SetPriorityGrouping
 .text.HAL_NVIC_SetPriority
                0x0000000008001e98       0x70 ./Drivers/STM32F1xx_HAL_Driver/Src/stm32f1xx_hal_cortex.o
                0x0000000008001e98                HAL_NVIC_SetPriority
 .text.HAL_NVIC_EnableIRQ
                0x0000000008001f08       0x1c ./Drivers/STM32F1xx_HAL_Driver/Src/stm32f1xx_hal_cortex.o
                0x0000000008001f08                HAL_NVIC_EnableIRQ
 .text.HAL_SYSTICK_Config
                0x0000000008001f24       0x28 ./Drivers/STM32F1xx_HAL_Driver/Src/stm32f1xx_hal_cortex.o
                0x0000000008001f24                HAL_SYSTICK_Config
 .text.DMA_SetConfig
                0x0000000008001f4c       0x2c ./Drivers/STM32F1xx_HAL_Driver/Src/stm32f1xx_hal_dma.o
 .text.HAL_DMA_Init
                0x0000000008001f78       0x6c ./Drivers/STM32F1xx_HAL_Driver/Src/stm32f1xx_hal_dma.o
                0x0000000008001f78                HAL_DMA_Init
 .text.HAL_DMA_Start_IT
                0x0000000008001fe4       0x74 ./Drivers/STM32F1xx_HAL_Driver/Src/stm32f1xx_hal_dma.o
                0x0000000008001fe4                HAL_DMA_Start_IT
 .text.HAL_DMA_Abort
                0x0000000008002058       0x44 ./Drivers/STM32F1xx_HAL_Driver/Src/stm32f1xx_hal_dma.o
                0x0000000008002058                HAL_DMA_Abort
 .text.HAL_DMA_Abort_IT
                0x000000000800209c       0x98 ./Drivers/STM32F1xx_HAL_Driver/Src/stm32f1xx_hal_dma.o
                0x000000000800209c                HAL_DMA_Abort_IT
 .text.HAL_DMA_IRQHandler
                0x0000000008002134      0x144 ./Drivers/STM32F1xx_HAL_Driver/Src/stm32f1xx_hal_dma.o
                0x0000000008002134                HAL_DMA_IRQHandler
 .text.HAL_GPIO_Init
                0x0000000008002278      0x224 ./Drivers/STM32F1xx_HAL_Driver/Src/stm32f1xx_hal_gpio.o
                0x0000000008002278                HAL_GPIO_Init
 .text.HAL_GPIO_WritePin
                0x000000000800249c        0xc ./Drivers/STM32F1xx_HAL_Driver/Src/stm32f1xx_hal_gpio.o
                0x000000000800249c                HAL_GPIO_WritePin
 .text.HAL_I2C_Init
                0x00000000080024a8      0x1bc ./Drivers/STM32F1xx_HAL_Driver/Src/stm32f1xx_hal_i2c.o
                0x00000000080024a8                HAL_I2C_Init
 .text.RCC_Delay
                0x0000000008002664       0x2c ./Drivers/STM32F1xx_HAL_Driver/Src/stm32f1xx_hal_rcc.o
 .text.HAL_RCC_OscConfig
                0x0000000008002690      0x410 ./Drivers/STM32F1xx_HAL_Driver/Src/stm32f1xx_hal_rcc.o
                0x0000000008002690                HAL_RCC_OscConfig
 .text.HAL_RCC_GetSysClockFreq
                0x0000000008002aa0       0x70 ./Drivers/STM32F1xx_HAL_Driver/Src/stm32f1xx_hal_rcc.o
                0x0000000008002aa0                HAL_RCC_GetSysClockFreq
 .text.HAL_RCC_ClockConfig
                0x0000000008002b10      0x16c ./Drivers/STM32F1xx_HAL_Driver/Src/stm32f1xx_hal_rcc.o
                0x0000000008002b10                HAL_RCC_ClockConfig
 .text.HAL_RCC_GetHCLKFreq
                0x0000000008002c7c        0xc ./Drivers/STM32F1xx_HAL_Driver/Src/stm32f1xx_hal_rcc.o
                0x0000000008002c7c                HAL_RCC_GetHCLKFreq
 .text.HAL_RCC_GetPCLK1Freq
                0x0000000008002c88       0x20 ./Drivers/STM32F1xx_HAL_Driver/Src/stm32f1xx_hal_rcc.o
                0x0000000008002c88                HAL_RCC_GetPCLK1Freq
 .text.HAL_RCC_GetPCLK2Freq
                0x0000000008002ca8       0x20 ./Drivers/STM32F1xx_HAL_Driver/Src/stm32f1xx_hal_rcc.o
                0x0000000008002ca8                HAL_RCC_GetPCLK2Freq
 .text.HAL_RCCEx_PeriphCLKConfig
                0x0000000008002cc8      0x118 ./Drivers/STM32F1xx_HAL_Driver/Src/stm32f1xx_hal_rcc_ex.o
                0x0000000008002cc8                HAL_RCCEx_PeriphCLKConfig
 .text.HAL_RCCEx_GetPeriphCLKFreq
                0x0000000008002de0      0x100 ./Drivers/STM32F1xx_HAL_Driver/Src/stm32f1xx_hal_rcc_ex.o
                0x0000000008002de0                HAL_RCCEx_GetPeriphCLKFreq
 .text.SPI_WaitFlagStateUntilTimeout
                0x0000000008002ee0       0xd4 ./Drivers/STM32F1xx_HAL_Driver/Src/stm32f1xx_hal_spi.o
 .text.SPI_EndRxTxTransaction
                0x0000000008002fb4       0x24 ./Drivers/STM32F1xx_HAL_Driver/Src/stm32f1xx_hal_spi.o
 .text.HAL_SPI_Init
                0x0000000008002fd8       0xb6 ./Drivers/STM32F1xx_HAL_Driver/Src/stm32f1xx_hal_spi.o
                0x0000000008002fd8                HAL_SPI_Init
 .text.HAL_SPI_Transmit
                0x000000000800308e      0x1b8 ./Drivers/STM32F1xx_HAL_Driver/Src/stm32f1xx_hal_spi.o
                0x000000000800308e                HAL_SPI_Transmit
 *fill*         0x0000000008003246        0x2 
 .text.HAL_SPI_Transmit_DMA
                0x0000000008003248       0xe0 ./Drivers/STM32F1xx_HAL_Driver/Src/stm32f1xx_hal_spi.o
                0x0000000008003248                HAL_SPI_Transmit_DMA
 .text.HAL_SPI_TxHalfCpltCallback
                0x0000000008003328        0x2 ./Drivers/STM32F1xx_HAL_Driver/Src/stm32f1xx_hal_spi.o
                0x0000000008003328                HAL_SPI_TxHalfCpltCallback
 .text.SPI_DMAHalfTransmitCplt
                0x000000000800332a        0xa ./Drivers/STM32F1xx_HAL_Driver/Src/stm32f1xx_hal_spi.o
 .text.HAL_SPI_ErrorCallback
                0x0000000008003334        0x2 ./Drivers/STM32F1xx_HAL_Driver/Src/stm32f1xx_hal_spi.o
                0x0000000008003334                HAL_SPI_ErrorCallback
 .text.SPI_DMAError
                0x0000000008003336       0x22 ./Drivers/STM32F1xx_HAL_Driver/Src/stm32f1xx_hal_spi.o
 .text.SPI_DMATransmitCplt
                0x0000000008003358       0x70 ./Drivers/STM32F1xx_HAL_Driver/Src/stm32f1xx_hal_spi.o
 .text.TIM_OC1_SetConfig
                0x00000000080033c8       0x5c ./Drivers/STM32F1xx_HAL_Driver/Src/stm32f1xx_hal_tim.o
 .text.TIM_OC3_SetConfig
                0x0000000008003424       0x64 ./Drivers/STM32F1xx_HAL_Driver/Src/stm32f1xx_hal_tim.o
 .text.TIM_OC4_SetConfig
                0x0000000008003488       0x48 ./Drivers/STM32F1xx_HAL_Driver/Src/stm32f1xx_hal_tim.o
 .text.TIM_TI1_ConfigInputStage
                0x00000000080034d0       0x24 ./Drivers/STM32F1xx_HAL_Driver/Src/stm32f1xx_hal_tim.o
 .text.TIM_TI2_ConfigInputStage
                0x00000000080034f4       0x26 ./Drivers/STM32F1xx_HAL_Driver/Src/stm32f1xx_hal_tim.o
 .text.TIM_ITRx_SetConfig
                0x000000000800351a       0x10 ./Drivers/STM32F1xx_HAL_Driver/Src/stm32f1xx_hal_tim.o
 *fill*         0x000000000800352a        0x2 
 .text.HAL_TIM_Base_Start
                0x000000000800352c       0x5c ./Drivers/STM32F1xx_HAL_Driver/Src/stm32f1xx_hal_tim.o
                0x000000000800352c                HAL_TIM_Base_Start
 .text.HAL_TIM_PWM_MspInit
                0x0000000008003588        0x2 ./Drivers/STM32F1xx_HAL_Driver/Src/stm32f1xx_hal_tim.o
                0x0000000008003588                HAL_TIM_PWM_MspInit
 .text.TIM_DMADelayPulseCplt
                0x000000000800358a       0x70 ./Drivers/STM32F1xx_HAL_Driver/Src/stm32f1xx_hal_tim.o
 .text.TIM_DMADelayPulseHalfCplt
                0x00000000080035fa       0x3e ./Drivers/STM32F1xx_HAL_Driver/Src/stm32f1xx_hal_tim.o
                0x00000000080035fa                TIM_DMADelayPulseHalfCplt
 .text.HAL_TIM_ErrorCallback
                0x0000000008003638        0x2 ./Drivers/STM32F1xx_HAL_Driver/Src/stm32f1xx_hal_tim.o
                0x0000000008003638                HAL_TIM_ErrorCallback
 .text.TIM_DMAError
                0x000000000800363a       0x5c ./Drivers/STM32F1xx_HAL_Driver/Src/stm32f1xx_hal_tim.o
                0x000000000800363a                TIM_DMAError
 *fill*         0x0000000008003696        0x2 
 .text.TIM_Base_SetConfig
                0x0000000008003698       0x74 ./Drivers/STM32F1xx_HAL_Driver/Src/stm32f1xx_hal_tim.o
                0x0000000008003698                TIM_Base_SetConfig
 .text.HAL_TIM_Base_Init
                0x000000000800370c       0x58 ./Drivers/STM32F1xx_HAL_Driver/Src/stm32f1xx_hal_tim.o
                0x000000000800370c                HAL_TIM_Base_Init
 .text.HAL_TIM_PWM_Init
                0x0000000008003764       0x58 ./Drivers/STM32F1xx_HAL_Driver/Src/stm32f1xx_hal_tim.o
                0x0000000008003764                HAL_TIM_PWM_Init
 .text.TIM_OC2_SetConfig
                0x00000000080037bc       0x64 ./Drivers/STM32F1xx_HAL_Driver/Src/stm32f1xx_hal_tim.o
                0x00000000080037bc                TIM_OC2_SetConfig
 .text.HAL_TIM_PWM_ConfigChannel
                0x0000000008003820       0xd0 ./Drivers/STM32F1xx_HAL_Driver/Src/stm32f1xx_hal_tim.o
                0x0000000008003820                HAL_TIM_PWM_ConfigChannel
 .text.TIM_ETR_SetConfig
                0x00000000080038f0       0x18 ./Drivers/STM32F1xx_HAL_Driver/Src/stm32f1xx_hal_tim.o
                0x00000000080038f0                TIM_ETR_SetConfig
 .text.HAL_TIM_ConfigClockSource
                0x0000000008003908       0xda ./Drivers/STM32F1xx_HAL_Driver/Src/stm32f1xx_hal_tim.o
                0x0000000008003908                HAL_TIM_ConfigClockSource
 .text.TIM_SlaveTimer_SetConfig
                0x00000000080039e2       0x8e ./Drivers/STM32F1xx_HAL_Driver/Src/stm32f1xx_hal_tim.o
 .text.HAL_TIM_SlaveConfigSynchro
                0x0000000008003a70       0x52 ./Drivers/STM32F1xx_HAL_Driver/Src/stm32f1xx_hal_tim.o
                0x0000000008003a70                HAL_TIM_SlaveConfigSynchro
 .text.TIM_CCxChannelCmd
                0x0000000008003ac2       0x1e ./Drivers/STM32F1xx_HAL_Driver/Src/stm32f1xx_hal_tim.o
                0x0000000008003ac2                TIM_CCxChannelCmd
 .text.HAL_TIM_PWM_Start
                0x0000000008003ae0       0xdc ./Drivers/STM32F1xx_HAL_Driver/Src/stm32f1xx_hal_tim.o
                0x0000000008003ae0                HAL_TIM_PWM_Start
 .text.HAL_TIM_PWM_Start_DMA
                0x0000000008003bbc      0x23c ./Drivers/STM32F1xx_HAL_Driver/Src/stm32f1xx_hal_tim.o
                0x0000000008003bbc                HAL_TIM_PWM_Start_DMA
 .text.HAL_TIMEx_MasterConfigSynchronization
                0x0000000008003df8       0x6c ./Drivers/STM32F1xx_HAL_Driver/Src/stm32f1xx_hal_tim_ex.o
                0x0000000008003df8                HAL_TIMEx_MasterConfigSynchronization
 .text.HAL_TIMEx_ConfigBreakDeadTime
                0x0000000008003e64       0x52 ./Drivers/STM32F1xx_HAL_Driver/Src/stm32f1xx_hal_tim_ex.o
                0x0000000008003e64                HAL_TIMEx_ConfigBreakDeadTime
 .text.UART_EndRxTransfer
                0x0000000008003eb6       0x32 ./Drivers/STM32F1xx_HAL_Driver/Src/stm32f1xx_hal_uart.o
 .text.UART_Transmit_IT
                0x0000000008003ee8       0x60 ./Drivers/STM32F1xx_HAL_Driver/Src/stm32f1xx_hal_uart.o
 .text.UART_SetConfig
                0x0000000008003f48       0x94 ./Drivers/STM32F1xx_HAL_Driver/Src/stm32f1xx_hal_uart.o
 .text.UART_WaitOnFlagUntilTimeout
                0x0000000008003fdc       0x6c ./Drivers/STM32F1xx_HAL_Driver/Src/stm32f1xx_hal_uart.o
 .text.HAL_UART_Init
                0x0000000008004048       0x5e ./Drivers/STM32F1xx_HAL_Driver/Src/stm32f1xx_hal_uart.o
                0x0000000008004048                HAL_UART_Init
 .text.HAL_UART_Transmit
                0x00000000080040a6       0xd8 ./Drivers/STM32F1xx_HAL_Driver/Src/stm32f1xx_hal_uart.o
                0x00000000080040a6                HAL_UART_Transmit
 .text.HAL_UART_TxCpltCallback
                0x000000000800417e        0x2 ./Drivers/STM32F1xx_HAL_Driver/Src/stm32f1xx_hal_uart.o
                0x000000000800417e                HAL_UART_TxCpltCallback
 .text.UART_EndTransmit_IT
                0x0000000008004180       0x1a ./Drivers/STM32F1xx_HAL_Driver/Src/stm32f1xx_hal_uart.o
 .text.HAL_UART_RxCpltCallback
                0x000000000800419a        0x2 ./Drivers/STM32F1xx_HAL_Driver/Src/stm32f1xx_hal_uart.o
                0x000000000800419a                HAL_UART_RxCpltCallback
 .text.HAL_UART_ErrorCallback
                0x000000000800419c        0x2 ./Drivers/STM32F1xx_HAL_Driver/Src/stm32f1xx_hal_uart.o
                0x000000000800419c                HAL_UART_ErrorCallback
 .text.UART_DMAAbortOnError
                0x000000000800419e       0x10 ./Drivers/STM32F1xx_HAL_Driver/Src/stm32f1xx_hal_uart.o
 .text.HAL_UARTEx_RxEventCallback
                0x00000000080041ae        0x2 ./Drivers/STM32F1xx_HAL_Driver/Src/stm32f1xx_hal_uart.o
                0x00000000080041ae                HAL_UARTEx_RxEventCallback
 .text.UART_Receive_IT
                0x00000000080041b0       0xd4 ./Drivers/STM32F1xx_HAL_Driver/Src/stm32f1xx_hal_uart.o
 .text.HAL_UART_IRQHandler
                0x0000000008004284      0x204 ./Drivers/STM32F1xx_HAL_Driver/Src/stm32f1xx_hal_uart.o
                0x0000000008004284                HAL_UART_IRQHandler
 .text.writeCmd
                0x0000000008004488       0x48 ./raydio103/drivers/ssd1309.o
                0x0000000008004488                writeCmd
 .text.writeCmdDual
                0x00000000080044d0       0x4c ./raydio103/drivers/ssd1309.o
                0x00000000080044d0                writeCmdDual
 .text.cmd_AddressingMode
                0x000000000800451c       0x12 ./raydio103/drivers/ssd1309.o
                0x000000000800451c                cmd_AddressingMode
 .text.cmd_ColumnStartAddress
                0x000000000800452e       0x10 ./raydio103/drivers/ssd1309.o
                0x000000000800452e                cmd_ColumnStartAddress
 .text.cmd_PageStartAddress
                0x000000000800453e        0xc ./raydio103/drivers/ssd1309.o
                0x000000000800453e                cmd_PageStartAddress
 .text.cmd_StartLine
                0x000000000800454a        0xc ./raydio103/drivers/ssd1309.o
                0x000000000800454a                cmd_StartLine
 .text.cmd_ContrastControl
                0x0000000008004556       0x12 ./raydio103/drivers/ssd1309.o
                0x0000000008004556                cmd_ContrastControl
 .text.cmd_SegmentRemap
                0x0000000008004568        0xc ./raydio103/drivers/ssd1309.o
                0x0000000008004568                cmd_SegmentRemap
 .text.cmd_ComRemap
                0x0000000008004574       0x10 ./raydio103/drivers/ssd1309.o
                0x0000000008004574                cmd_ComRemap
 .text.cmd_EntireDisplayON
                0x0000000008004584        0xc ./raydio103/drivers/ssd1309.o
                0x0000000008004584                cmd_EntireDisplayON
 .text.cmd_InverseDisplay
                0x0000000008004590        0xc ./raydio103/drivers/ssd1309.o
                0x0000000008004590                cmd_InverseDisplay
 .text.cmd_MultiplexRatio
                0x000000000800459c       0x14 ./raydio103/drivers/ssd1309.o
                0x000000000800459c                cmd_MultiplexRatio
 .text.cmd_DisplayOn
                0x00000000080045b0       0x14 ./raydio103/drivers/ssd1309.o
                0x00000000080045b0                cmd_DisplayOn
 .text.cmd_DisplayOffset
                0x00000000080045c4       0x12 ./raydio103/drivers/ssd1309.o
                0x00000000080045c4                cmd_DisplayOffset
 .text.cmd_DisplayClock
                0x00000000080045d6       0x12 ./raydio103/drivers/ssd1309.o
                0x00000000080045d6                cmd_DisplayClock
 .text.cmd_PrechargePeriod
                0x00000000080045e8       0x12 ./raydio103/drivers/ssd1309.o
                0x00000000080045e8                cmd_PrechargePeriod
 .text.cmd_ComPins
                0x00000000080045fa       0x1a ./raydio103/drivers/ssd1309.o
                0x00000000080045fa                cmd_ComPins
 .text.cmd_Vcomh
                0x0000000008004614       0x12 ./raydio103/drivers/ssd1309.o
                0x0000000008004614                cmd_Vcomh
 *fill*         0x0000000008004626        0x2 
 .text.HAL_SPI_TxCpltCallback
                0x0000000008004628       0x2c ./raydio103/drivers/ssd1309.o
                0x0000000008004628                HAL_SPI_TxCpltCallback
 .text.ssd1309PageUpdRoutine
                0x0000000008004654       0x80 ./raydio103/drivers/ssd1309.o
                0x0000000008004654                ssd1309PageUpdRoutine
 .text.ssd1309Update
                0x00000000080046d4       0x68 ./raydio103/drivers/ssd1309.o
                0x00000000080046d4                ssd1309Update
 .text.ssd1309Init
                0x000000000800473c       0x78 ./raydio103/drivers/ssd1309.o
                0x000000000800473c                ssd1309Init
 .text.dspInit  0x00000000080047b4       0x74 ./raydio103/src/dsp.o
                0x00000000080047b4                dspInit
 .text.dspStart
                0x0000000008004828       0x40 ./raydio103/src/dsp.o
                0x0000000008004828                dspStart
 .text.dspPrepareInput
                0x0000000008004868       0xd0 ./raydio103/src/dsp.o
                0x0000000008004868                dspPrepareInput
 .text.dspPrepareOutput
                0x0000000008004938      0x12c ./raydio103/src/dsp.o
                0x0000000008004938                dspPrepareOutput
 .text.setTime  0x0000000008004a64       0x1c ./raydio103/src/dsp.o
                0x0000000008004a64                setTime
 .text.dspProc  0x0000000008004a80       0x90 ./raydio103/src/dsp.o
                0x0000000008004a80                dspProc
 .text.HAL_ADC_ConvHalfCpltCallback
                0x0000000008004b10       0x30 ./raydio103/src/dsp.o
                0x0000000008004b10                HAL_ADC_ConvHalfCpltCallback
 .text.HAL_ADC_ConvCpltCallback
                0x0000000008004b40       0x30 ./raydio103/src/dsp.o
                0x0000000008004b40                HAL_ADC_ConvCpltCallback
 .text.HAL_TIM_PWM_PulseFinishedHalfCpltCallback
                0x0000000008004b70        0x2 ./raydio103/src/dsp.o
                0x0000000008004b70                HAL_TIM_PWM_PulseFinishedHalfCpltCallback
 .text.HAL_TIM_PWM_PulseFinishedCallback
                0x0000000008004b72        0x2 ./raydio103/src/dsp.o
                0x0000000008004b72                HAL_TIM_PWM_PulseFinishedCallback
 .text.firInit  0x0000000008004b74        0x2 ./raydio103/src/fir.o
                0x0000000008004b74                firInit
 *fill*         0x0000000008004b76        0x2 
 .text.GLCD_Font_PrintNew
                0x0000000008004b78       0xe0 ./raydio103/src/gfx.o
                0x0000000008004b78                GLCD_Font_PrintNew
 .text.gfxInvertPage
                0x0000000008004c58       0x20 ./raydio103/src/gfx.o
                0x0000000008004c58                gfxInvertPage
 .text.gfxDrawMenu
                0x0000000008004c78       0x68 ./raydio103/src/gfx.o
                0x0000000008004c78                gfxDrawMenu
 .text.gfxClearBuffer
                0x0000000008004ce0       0x14 ./raydio103/src/gfx.o
                0x0000000008004ce0                gfxClearBuffer
 .text.gfxInit  0x0000000008004cf4        0x8 ./raydio103/src/gfx.o
                0x0000000008004cf4                gfxInit
 .text.gfxUpdateWhenPossible
                0x0000000008004cfc       0x2c ./raydio103/src/gfx.o
                0x0000000008004cfc                gfxUpdateWhenPossible
 .text.menuMove
                0x0000000008004d28       0x50 ./raydio103/src/menu.o
                0x0000000008004d28                menuMove
 .text.menuFillLines
                0x0000000008004d78      0x170 ./raydio103/src/menu.o
                0x0000000008004d78                menuFillLines
 .text.schedInit
                0x0000000008004ee8       0x38 ./raydio103/src/schedule.o
                0x0000000008004ee8                schedInit
 .text.everythingElse
                0x0000000008004f20       0x90 ./raydio103/src/schedule.o
                0x0000000008004f20                everythingElse
 .text.schedMainLoop
                0x0000000008004fb0        0xc ./raydio103/src/schedule.o
                0x0000000008004fb0                schedMainLoop
 .text.debugPrintColor
                0x0000000008004fbc       0xd4 ./raydio103/src/tools.o
                0x0000000008004fbc                debugPrintColor
 .text.debugInit
                0x0000000008005090       0x2c ./raydio103/src/tools.o
                0x0000000008005090                debugInit
 .text.arm_fir_interpolate_init_q31
                0x00000000080050bc       0x38 D:\raydio103\raydio103\Drivers\CMSIS\Lib\GCC\libarm_cortexM3l_math.a(arm_fir_interpolate_init_q31.o)
                0x00000000080050bc                arm_fir_interpolate_init_q31
 .text.arm_fir_decimate_init_q31
                0x00000000080050f4       0x38 D:\raydio103\raydio103\Drivers\CMSIS\Lib\GCC\libarm_cortexM3l_math.a(arm_fir_decimate_init_q31.o)
                0x00000000080050f4                arm_fir_decimate_init_q31
 .text.__errno  0x000000000800512c        0xc d:/st/stm32cubeide_1.6.1/stm32cubeide/plugins/com.st.stm32cube.ide.mcu.externaltools.gnu-tools-for-stm32.10.3-2021.10.win32_1.0.0.202111181127/tools/bin/../lib/gcc/arm-none-eabi/10.3.1/../../../../arm-none-eabi/lib/thumb/v7-m/nofp\libc_nano.a(lib_a-errno.o)
                0x000000000800512c                __errno
 .text.__libc_init_array
                0x0000000008005138       0x48 d:/st/stm32cubeide_1.6.1/stm32cubeide/plugins/com.st.stm32cube.ide.mcu.externaltools.gnu-tools-for-stm32.10.3-2021.10.win32_1.0.0.202111181127/tools/bin/../lib/gcc/arm-none-eabi/10.3.1/../../../../arm-none-eabi/lib/thumb/v7-m/nofp\libc_nano.a(lib_a-init.o)
                0x0000000008005138                __libc_init_array
 .text.malloc   0x0000000008005180       0x10 d:/st/stm32cubeide_1.6.1/stm32cubeide/plugins/com.st.stm32cube.ide.mcu.externaltools.gnu-tools-for-stm32.10.3-2021.10.win32_1.0.0.202111181127/tools/bin/../lib/gcc/arm-none-eabi/10.3.1/../../../../arm-none-eabi/lib/thumb/v7-m/nofp\libc_nano.a(lib_a-malloc.o)
                0x0000000008005180                malloc
 .text.memset   0x0000000008005190       0x10 d:/st/stm32cubeide_1.6.1/stm32cubeide/plugins/com.st.stm32cube.ide.mcu.externaltools.gnu-tools-for-stm32.10.3-2021.10.win32_1.0.0.202111181127/tools/bin/../lib/gcc/arm-none-eabi/10.3.1/../../../../arm-none-eabi/lib/thumb/v7-m/nofp\libc_nano.a(lib_a-memset.o)
                0x0000000008005190                memset
 .text._free_r  0x00000000080051a0       0x90 d:/st/stm32cubeide_1.6.1/stm32cubeide/plugins/com.st.stm32cube.ide.mcu.externaltools.gnu-tools-for-stm32.10.3-2021.10.win32_1.0.0.202111181127/tools/bin/../lib/gcc/arm-none-eabi/10.3.1/../../../../arm-none-eabi/lib/thumb/v7-m/nofp\libc_nano.a(lib_a-nano-freer.o)
                0x00000000080051a0                _free_r
 .text.sbrk_aligned
                0x0000000008005230       0x40 d:/st/stm32cubeide_1.6.1/stm32cubeide/plugins/com.st.stm32cube.ide.mcu.externaltools.gnu-tools-for-stm32.10.3-2021.10.win32_1.0.0.202111181127/tools/bin/../lib/gcc/arm-none-eabi/10.3.1/../../../../arm-none-eabi/lib/thumb/v7-m/nofp\libc_nano.a(lib_a-nano-mallocr.o)
 .text._malloc_r
                0x0000000008005270       0xe8 d:/st/stm32cubeide_1.6.1/stm32cubeide/plugins/com.st.stm32cube.ide.mcu.externaltools.gnu-tools-for-stm32.10.3-2021.10.win32_1.0.0.202111181127/tools/bin/../lib/gcc/arm-none-eabi/10.3.1/../../../../arm-none-eabi/lib/thumb/v7-m/nofp\libc_nano.a(lib_a-nano-mallocr.o)
                0x0000000008005270                _malloc_r
 .text.__cvt    0x0000000008005358       0xbe d:/st/stm32cubeide_1.6.1/stm32cubeide/plugins/com.st.stm32cube.ide.mcu.externaltools.gnu-tools-for-stm32.10.3-2021.10.win32_1.0.0.202111181127/tools/bin/../lib/gcc/arm-none-eabi/10.3.1/../../../../arm-none-eabi/lib/thumb/v7-m/nofp\libc_nano.a(lib_a-nano-vfprintf_float.o)
                0x0000000008005358                __cvt
 .text.__exponent
                0x0000000008005416       0x7c d:/st/stm32cubeide_1.6.1/stm32cubeide/plugins/com.st.stm32cube.ide.mcu.externaltools.gnu-tools-for-stm32.10.3-2021.10.win32_1.0.0.202111181127/tools/bin/../lib/gcc/arm-none-eabi/10.3.1/../../../../arm-none-eabi/lib/thumb/v7-m/nofp\libc_nano.a(lib_a-nano-vfprintf_float.o)
                0x0000000008005416                __exponent
 *fill*         0x0000000008005492        0x2 
 .text._printf_float
                0x0000000008005494      0x458 d:/st/stm32cubeide_1.6.1/stm32cubeide/plugins/com.st.stm32cube.ide.mcu.externaltools.gnu-tools-for-stm32.10.3-2021.10.win32_1.0.0.202111181127/tools/bin/../lib/gcc/arm-none-eabi/10.3.1/../../../../arm-none-eabi/lib/thumb/v7-m/nofp\libc_nano.a(lib_a-nano-vfprintf_float.o)
                0x0000000008005494                _printf_float
 .text._printf_common
                0x00000000080058ec       0xde d:/st/stm32cubeide_1.6.1/stm32cubeide/plugins/com.st.stm32cube.ide.mcu.externaltools.gnu-tools-for-stm32.10.3-2021.10.win32_1.0.0.202111181127/tools/bin/../lib/gcc/arm-none-eabi/10.3.1/../../../../arm-none-eabi/lib/thumb/v7-m/nofp\libc_nano.a(lib_a-nano-vfprintf_i.o)
                0x00000000080058ec                _printf_common
 *fill*         0x00000000080059ca        0x2 
 .text._printf_i
                0x00000000080059cc      0x24c d:/st/stm32cubeide_1.6.1/stm32cubeide/plugins/com.st.stm32cube.ide.mcu.externaltools.gnu-tools-for-stm32.10.3-2021.10.win32_1.0.0.202111181127/tools/bin/../lib/gcc/arm-none-eabi/10.3.1/../../../../arm-none-eabi/lib/thumb/v7-m/nofp\libc_nano.a(lib_a-nano-vfprintf_i.o)
                0x00000000080059cc                _printf_i
 .text._sbrk_r  0x0000000008005c18       0x20 d:/st/stm32cubeide_1.6.1/stm32cubeide/plugins/com.st.stm32cube.ide.mcu.externaltools.gnu-tools-for-stm32.10.3-2021.10.win32_1.0.0.202111181127/tools/bin/../lib/gcc/arm-none-eabi/10.3.1/../../../../arm-none-eabi/lib/thumb/v7-m/nofp\libc_nano.a(lib_a-sbrkr.o)
                0x0000000008005c18                _sbrk_r
 .text.snprintf
                0x0000000008005c38       0x68 d:/st/stm32cubeide_1.6.1/stm32cubeide/plugins/com.st.stm32cube.ide.mcu.externaltools.gnu-tools-for-stm32.10.3-2021.10.win32_1.0.0.202111181127/tools/bin/../lib/gcc/arm-none-eabi/10.3.1/../../../../arm-none-eabi/lib/thumb/v7-m/nofp\libc_nano.a(lib_a-snprintf.o)
                0x0000000008005c38                sniprintf
                0x0000000008005c38                snprintf
 .text.strcat   0x0000000008005ca0       0x1e d:/st/stm32cubeide_1.6.1/stm32cubeide/plugins/com.st.stm32cube.ide.mcu.externaltools.gnu-tools-for-stm32.10.3-2021.10.win32_1.0.0.202111181127/tools/bin/../lib/gcc/arm-none-eabi/10.3.1/../../../../arm-none-eabi/lib/thumb/v7-m/nofp\libc_nano.a(lib_a-strcat.o)
                0x0000000008005ca0                strcat
 .text.strncpy  0x0000000008005cbe       0x26 d:/st/stm32cubeide_1.6.1/stm32cubeide/plugins/com.st.stm32cube.ide.mcu.externaltools.gnu-tools-for-stm32.10.3-2021.10.win32_1.0.0.202111181127/tools/bin/../lib/gcc/arm-none-eabi/10.3.1/../../../../arm-none-eabi/lib/thumb/v7-m/nofp\libc_nano.a(lib_a-strncpy.o)
                0x0000000008005cbe                strncpy
 .text._vsnprintf_r
                0x0000000008005ce4       0x56 d:/st/stm32cubeide_1.6.1/stm32cubeide/plugins/com.st.stm32cube.ide.mcu.externaltools.gnu-tools-for-stm32.10.3-2021.10.win32_1.0.0.202111181127/tools/bin/../lib/gcc/arm-none-eabi/10.3.1/../../../../arm-none-eabi/lib/thumb/v7-m/nofp\libc_nano.a(lib_a-vsnprintf.o)
                0x0000000008005ce4                _vsniprintf_r
                0x0000000008005ce4                _vsnprintf_r
 *fill*         0x0000000008005d3a        0x2 
 .text.vsnprintf
                0x0000000008005d3c       0x1c d:/st/stm32cubeide_1.6.1/stm32cubeide/plugins/com.st.stm32cube.ide.mcu.externaltools.gnu-tools-for-stm32.10.3-2021.10.win32_1.0.0.202111181127/tools/bin/../lib/gcc/arm-none-eabi/10.3.1/../../../../arm-none-eabi/lib/thumb/v7-m/nofp\libc_nano.a(lib_a-vsnprintf.o)
                0x0000000008005d3c                vsniprintf
                0x0000000008005d3c                vsnprintf
 .text.__assert_func
                0x0000000008005d58       0x3c d:/st/stm32cubeide_1.6.1/stm32cubeide/plugins/com.st.stm32cube.ide.mcu.externaltools.gnu-tools-for-stm32.10.3-2021.10.win32_1.0.0.202111181127/tools/bin/../lib/gcc/arm-none-eabi/10.3.1/../../../../arm-none-eabi/lib/thumb/v7-m/nofp\libc_nano.a(lib_a-assert.o)
                0x0000000008005d58                __assert_func
 .text.quorem   0x0000000008005d94      0x118 d:/st/stm32cubeide_1.6.1/stm32cubeide/plugins/com.st.stm32cube.ide.mcu.externaltools.gnu-tools-for-stm32.10.3-2021.10.win32_1.0.0.202111181127/tools/bin/../lib/gcc/arm-none-eabi/10.3.1/../../../../arm-none-eabi/lib/thumb/v7-m/nofp\libc_nano.a(lib_a-dtoa.o)
 *fill*         0x0000000008005eac        0x4 
 .text._dtoa_r  0x0000000008005eb0      0xbdc d:/st/stm32cubeide_1.6.1/stm32cubeide/plugins/com.st.stm32cube.ide.mcu.externaltools.gnu-tools-for-stm32.10.3-2021.10.win32_1.0.0.202111181127/tools/bin/../lib/gcc/arm-none-eabi/10.3.1/../../../../arm-none-eabi/lib/thumb/v7-m/nofp\libc_nano.a(lib_a-dtoa.o)
                0x0000000008005eb0                _dtoa_r
 .text.fprintf  0x0000000008006a8c       0x24 d:/st/stm32cubeide_1.6.1/stm32cubeide/plugins/com.st.stm32cube.ide.mcu.externaltools.gnu-tools-for-stm32.10.3-2021.10.win32_1.0.0.202111181127/tools/bin/../lib/gcc/arm-none-eabi/10.3.1/../../../../arm-none-eabi/lib/thumb/v7-m/nofp\libc_nano.a(lib_a-fprintf.o)
                0x0000000008006a8c                fiprintf
                0x0000000008006a8c                fprintf
 .text._localeconv_r
                0x0000000008006ab0        0x8 d:/st/stm32cubeide_1.6.1/stm32cubeide/plugins/com.st.stm32cube.ide.mcu.externaltools.gnu-tools-for-stm32.10.3-2021.10.win32_1.0.0.202111181127/tools/bin/../lib/gcc/arm-none-eabi/10.3.1/../../../../arm-none-eabi/lib/thumb/v7-m/nofp\libc_nano.a(lib_a-localeconv.o)
                0x0000000008006ab0                _localeconv_r
 .text.memchr   0x0000000008006ab8       0x1c d:/st/stm32cubeide_1.6.1/stm32cubeide/plugins/com.st.stm32cube.ide.mcu.externaltools.gnu-tools-for-stm32.10.3-2021.10.win32_1.0.0.202111181127/tools/bin/../lib/gcc/arm-none-eabi/10.3.1/../../../../arm-none-eabi/lib/thumb/v7-m/nofp\libc_nano.a(lib_a-memchr-stub.o)
                0x0000000008006ab8                memchr
 .text.memcpy   0x0000000008006ad4       0x1c d:/st/stm32cubeide_1.6.1/stm32cubeide/plugins/com.st.stm32cube.ide.mcu.externaltools.gnu-tools-for-stm32.10.3-2021.10.win32_1.0.0.202111181127/tools/bin/../lib/gcc/arm-none-eabi/10.3.1/../../../../arm-none-eabi/lib/thumb/v7-m/nofp\libc_nano.a(lib_a-memcpy-stub.o)
                0x0000000008006ad4                memcpy
 .text.__malloc_lock
                0x0000000008006af0        0xc d:/st/stm32cubeide_1.6.1/stm32cubeide/plugins/com.st.stm32cube.ide.mcu.externaltools.gnu-tools-for-stm32.10.3-2021.10.win32_1.0.0.202111181127/tools/bin/../lib/gcc/arm-none-eabi/10.3.1/../../../../arm-none-eabi/lib/thumb/v7-m/nofp\libc_nano.a(lib_a-mlock.o)
                0x0000000008006af0                __malloc_lock
 .text.__malloc_unlock
                0x0000000008006afc        0xc d:/st/stm32cubeide_1.6.1/stm32cubeide/plugins/com.st.stm32cube.ide.mcu.externaltools.gnu-tools-for-stm32.10.3-2021.10.win32_1.0.0.202111181127/tools/bin/../lib/gcc/arm-none-eabi/10.3.1/../../../../arm-none-eabi/lib/thumb/v7-m/nofp\libc_nano.a(lib_a-mlock.o)
                0x0000000008006afc                __malloc_unlock
 .text._Balloc  0x0000000008006b08       0x80 d:/st/stm32cubeide_1.6.1/stm32cubeide/plugins/com.st.stm32cube.ide.mcu.externaltools.gnu-tools-for-stm32.10.3-2021.10.win32_1.0.0.202111181127/tools/bin/../lib/gcc/arm-none-eabi/10.3.1/../../../../arm-none-eabi/lib/thumb/v7-m/nofp\libc_nano.a(lib_a-mprec.o)
                0x0000000008006b08                _Balloc
 .text._Bfree   0x0000000008006b88       0x44 d:/st/stm32cubeide_1.6.1/stm32cubeide/plugins/com.st.stm32cube.ide.mcu.externaltools.gnu-tools-for-stm32.10.3-2021.10.win32_1.0.0.202111181127/tools/bin/../lib/gcc/arm-none-eabi/10.3.1/../../../../arm-none-eabi/lib/thumb/v7-m/nofp\libc_nano.a(lib_a-mprec.o)
                0x0000000008006b88                _Bfree
 .text.__multadd
                0x0000000008006bcc       0x8c d:/st/stm32cubeide_1.6.1/stm32cubeide/plugins/com.st.stm32cube.ide.mcu.externaltools.gnu-tools-for-stm32.10.3-2021.10.win32_1.0.0.202111181127/tools/bin/../lib/gcc/arm-none-eabi/10.3.1/../../../../arm-none-eabi/lib/thumb/v7-m/nofp\libc_nano.a(lib_a-mprec.o)
                0x0000000008006bcc                __multadd
 .text.__hi0bits
                0x0000000008006c58       0x40 d:/st/stm32cubeide_1.6.1/stm32cubeide/plugins/com.st.stm32cube.ide.mcu.externaltools.gnu-tools-for-stm32.10.3-2021.10.win32_1.0.0.202111181127/tools/bin/../lib/gcc/arm-none-eabi/10.3.1/../../../../arm-none-eabi/lib/thumb/v7-m/nofp\libc_nano.a(lib_a-mprec.o)
                0x0000000008006c58                __hi0bits
 .text.__lo0bits
                0x0000000008006c98       0x5a d:/st/stm32cubeide_1.6.1/stm32cubeide/plugins/com.st.stm32cube.ide.mcu.externaltools.gnu-tools-for-stm32.10.3-2021.10.win32_1.0.0.202111181127/tools/bin/../lib/gcc/arm-none-eabi/10.3.1/../../../../arm-none-eabi/lib/thumb/v7-m/nofp\libc_nano.a(lib_a-mprec.o)
                0x0000000008006c98                __lo0bits
 *fill*         0x0000000008006cf2        0x2 
 .text.__i2b    0x0000000008006cf4       0x2c d:/st/stm32cubeide_1.6.1/stm32cubeide/plugins/com.st.stm32cube.ide.mcu.externaltools.gnu-tools-for-stm32.10.3-2021.10.win32_1.0.0.202111181127/tools/bin/../lib/gcc/arm-none-eabi/10.3.1/../../../../arm-none-eabi/lib/thumb/v7-m/nofp\libc_nano.a(lib_a-mprec.o)
                0x0000000008006cf4                __i2b
 .text.__multiply
                0x0000000008006d20      0x150 d:/st/stm32cubeide_1.6.1/stm32cubeide/plugins/com.st.stm32cube.ide.mcu.externaltools.gnu-tools-for-stm32.10.3-2021.10.win32_1.0.0.202111181127/tools/bin/../lib/gcc/arm-none-eabi/10.3.1/../../../../arm-none-eabi/lib/thumb/v7-m/nofp\libc_nano.a(lib_a-mprec.o)
                0x0000000008006d20                __multiply
 .text.__pow5mult
                0x0000000008006e70       0xb4 d:/st/stm32cubeide_1.6.1/stm32cubeide/plugins/com.st.stm32cube.ide.mcu.externaltools.gnu-tools-for-stm32.10.3-2021.10.win32_1.0.0.202111181127/tools/bin/../lib/gcc/arm-none-eabi/10.3.1/../../../../arm-none-eabi/lib/thumb/v7-m/nofp\libc_nano.a(lib_a-mprec.o)
                0x0000000008006e70                __pow5mult
 .text.__lshift
                0x0000000008006f24       0xe0 d:/st/stm32cubeide_1.6.1/stm32cubeide/plugins/com.st.stm32cube.ide.mcu.externaltools.gnu-tools-for-stm32.10.3-2021.10.win32_1.0.0.202111181127/tools/bin/../lib/gcc/arm-none-eabi/10.3.1/../../../../arm-none-eabi/lib/thumb/v7-m/nofp\libc_nano.a(lib_a-mprec.o)
                0x0000000008006f24                __lshift
 .text.__mcmp   0x0000000008007004       0x36 d:/st/stm32cubeide_1.6.1/stm32cubeide/plugins/com.st.stm32cube.ide.mcu.externaltools.gnu-tools-for-stm32.10.3-2021.10.win32_1.0.0.202111181127/tools/bin/../lib/gcc/arm-none-eabi/10.3.1/../../../../arm-none-eabi/lib/thumb/v7-m/nofp\libc_nano.a(lib_a-mprec.o)
                0x0000000008007004                __mcmp
 *fill*         0x000000000800703a        0x2 
 .text.__mdiff  0x000000000800703c      0x118 d:/st/stm32cubeide_1.6.1/stm32cubeide/plugins/com.st.stm32cube.ide.mcu.externaltools.gnu-tools-for-stm32.10.3-2021.10.win32_1.0.0.202111181127/tools/bin/../lib/gcc/arm-none-eabi/10.3.1/../../../../arm-none-eabi/lib/thumb/v7-m/nofp\libc_nano.a(lib_a-mprec.o)
                0x000000000800703c                __mdiff
 .text.__d2b    0x0000000008007154       0xb8 d:/st/stm32cubeide_1.6.1/stm32cubeide/plugins/com.st.stm32cube.ide.mcu.externaltools.gnu-tools-for-stm32.10.3-2021.10.win32_1.0.0.202111181127/tools/bin/../lib/gcc/arm-none-eabi/10.3.1/../../../../arm-none-eabi/lib/thumb/v7-m/nofp\libc_nano.a(lib_a-mprec.o)
                0x0000000008007154                __d2b
 .text._calloc_r
                0x000000000800720c       0x28 d:/st/stm32cubeide_1.6.1/stm32cubeide/plugins/com.st.stm32cube.ide.mcu.externaltools.gnu-tools-for-stm32.10.3-2021.10.win32_1.0.0.202111181127/tools/bin/../lib/gcc/arm-none-eabi/10.3.1/../../../../arm-none-eabi/lib/thumb/v7-m/nofp\libc_nano.a(lib_a-nano-callocr.o)
                0x000000000800720c                _calloc_r
 .text.__ssputs_r
                0x0000000008007234       0xb6 d:/st/stm32cubeide_1.6.1/stm32cubeide/plugins/com.st.stm32cube.ide.mcu.externaltools.gnu-tools-for-stm32.10.3-2021.10.win32_1.0.0.202111181127/tools/bin/../lib/gcc/arm-none-eabi/10.3.1/../../../../arm-none-eabi/lib/thumb/v7-m/nofp\libc_nano.a(lib_a-nano-svfprintf.o)
                0x0000000008007234                __ssputs_r
 *fill*         0x00000000080072ea        0x2 
 .text._svfprintf_r
                0x00000000080072ec      0x200 d:/st/stm32cubeide_1.6.1/stm32cubeide/plugins/com.st.stm32cube.ide.mcu.externaltools.gnu-tools-for-stm32.10.3-2021.10.win32_1.0.0.202111181127/tools/bin/../lib/gcc/arm-none-eabi/10.3.1/../../../../arm-none-eabi/lib/thumb/v7-m/nofp\libc_nano.a(lib_a-nano-svfprintf.o)
                0x00000000080072ec                _svfiprintf_r
                0x00000000080072ec                _svfprintf_r
 .text.__sfputc_r
                0x00000000080074ec       0x2a d:/st/stm32cubeide_1.6.1/stm32cubeide/plugins/com.st.stm32cube.ide.mcu.externaltools.gnu-tools-for-stm32.10.3-2021.10.win32_1.0.0.202111181127/tools/bin/../lib/gcc/arm-none-eabi/10.3.1/../../../../arm-none-eabi/lib/thumb/v7-m/nofp\libc_nano.a(lib_a-nano-vfprintf.o)
 .text.__sfputs_r
                0x0000000008007516       0x24 d:/st/stm32cubeide_1.6.1/stm32cubeide/plugins/com.st.stm32cube.ide.mcu.externaltools.gnu-tools-for-stm32.10.3-2021.10.win32_1.0.0.202111181127/tools/bin/../lib/gcc/arm-none-eabi/10.3.1/../../../../arm-none-eabi/lib/thumb/v7-m/nofp\libc_nano.a(lib_a-nano-vfprintf.o)
                0x0000000008007516                __sfputs_r
 *fill*         0x000000000800753a        0x2 
 .text._vfprintf_r
                0x000000000800753c      0x260 d:/st/stm32cubeide_1.6.1/stm32cubeide/plugins/com.st.stm32cube.ide.mcu.externaltools.gnu-tools-for-stm32.10.3-2021.10.win32_1.0.0.202111181127/tools/bin/../lib/gcc/arm-none-eabi/10.3.1/../../../../arm-none-eabi/lib/thumb/v7-m/nofp\libc_nano.a(lib_a-nano-vfprintf.o)
                0x000000000800753c                _vfprintf_r
                0x000000000800753c                _vfiprintf_r
 .text.__swbuf_r
                0x000000000800779c       0xa4 d:/st/stm32cubeide_1.6.1/stm32cubeide/plugins/com.st.stm32cube.ide.mcu.externaltools.gnu-tools-for-stm32.10.3-2021.10.win32_1.0.0.202111181127/tools/bin/../lib/gcc/arm-none-eabi/10.3.1/../../../../arm-none-eabi/lib/thumb/v7-m/nofp\libc_nano.a(lib_a-wbuf.o)
                0x000000000800779c                __swbuf_r
 .text.__swsetup_r
                0x0000000008007840       0xdc d:/st/stm32cubeide_1.6.1/stm32cubeide/plugins/com.st.stm32cube.ide.mcu.externaltools.gnu-tools-for-stm32.10.3-2021.10.win32_1.0.0.202111181127/tools/bin/../lib/gcc/arm-none-eabi/10.3.1/../../../../arm-none-eabi/lib/thumb/v7-m/nofp\libc_nano.a(lib_a-wsetup.o)
                0x0000000008007840                __swsetup_r
 .text.abort    0x000000000800791c        0xe d:/st/stm32cubeide_1.6.1/stm32cubeide/plugins/com.st.stm32cube.ide.mcu.externaltools.gnu-tools-for-stm32.10.3-2021.10.win32_1.0.0.202111181127/tools/bin/../lib/gcc/arm-none-eabi/10.3.1/../../../../arm-none-eabi/lib/thumb/v7-m/nofp\libc_nano.a(lib_a-abort.o)
                0x000000000800791c                abort
 *fill*         0x000000000800792a        0x2 
 .text.__sflush_r
                0x000000000800792c      0x104 d:/st/stm32cubeide_1.6.1/stm32cubeide/plugins/com.st.stm32cube.ide.mcu.externaltools.gnu-tools-for-stm32.10.3-2021.10.win32_1.0.0.202111181127/tools/bin/../lib/gcc/arm-none-eabi/10.3.1/../../../../arm-none-eabi/lib/thumb/v7-m/nofp\libc_nano.a(lib_a-fflush.o)
                0x000000000800792c                __sflush_r
 .text._fflush_r
                0x0000000008007a30       0x78 d:/st/stm32cubeide_1.6.1/stm32cubeide/plugins/com.st.stm32cube.ide.mcu.externaltools.gnu-tools-for-stm32.10.3-2021.10.win32_1.0.0.202111181127/tools/bin/../lib/gcc/arm-none-eabi/10.3.1/../../../../arm-none-eabi/lib/thumb/v7-m/nofp\libc_nano.a(lib_a-fflush.o)
                0x0000000008007a30                _fflush_r
 .text.std      0x0000000008007aa8       0x48 d:/st/stm32cubeide_1.6.1/stm32cubeide/plugins/com.st.stm32cube.ide.mcu.externaltools.gnu-tools-for-stm32.10.3-2021.10.win32_1.0.0.202111181127/tools/bin/../lib/gcc/arm-none-eabi/10.3.1/../../../../arm-none-eabi/lib/thumb/v7-m/nofp\libc_nano.a(lib_a-findfp.o)
 .text._cleanup_r
                0x0000000008007af0        0xc d:/st/stm32cubeide_1.6.1/stm32cubeide/plugins/com.st.stm32cube.ide.mcu.externaltools.gnu-tools-for-stm32.10.3-2021.10.win32_1.0.0.202111181127/tools/bin/../lib/gcc/arm-none-eabi/10.3.1/../../../../arm-none-eabi/lib/thumb/v7-m/nofp\libc_nano.a(lib_a-findfp.o)
                0x0000000008007af0                _cleanup_r
 .text.__sfmoreglue
                0x0000000008007afc       0x2c d:/st/stm32cubeide_1.6.1/stm32cubeide/plugins/com.st.stm32cube.ide.mcu.externaltools.gnu-tools-for-stm32.10.3-2021.10.win32_1.0.0.202111181127/tools/bin/../lib/gcc/arm-none-eabi/10.3.1/../../../../arm-none-eabi/lib/thumb/v7-m/nofp\libc_nano.a(lib_a-findfp.o)
                0x0000000008007afc                __sfmoreglue
 .text.__sfp_lock_acquire
                0x0000000008007b28        0xc d:/st/stm32cubeide_1.6.1/stm32cubeide/plugins/com.st.stm32cube.ide.mcu.externaltools.gnu-tools-for-stm32.10.3-2021.10.win32_1.0.0.202111181127/tools/bin/../lib/gcc/arm-none-eabi/10.3.1/../../../../arm-none-eabi/lib/thumb/v7-m/nofp\libc_nano.a(lib_a-findfp.o)
                0x0000000008007b28                __sfp_lock_acquire
 .text.__sfp_lock_release
                0x0000000008007b34        0xc d:/st/stm32cubeide_1.6.1/stm32cubeide/plugins/com.st.stm32cube.ide.mcu.externaltools.gnu-tools-for-stm32.10.3-2021.10.win32_1.0.0.202111181127/tools/bin/../lib/gcc/arm-none-eabi/10.3.1/../../../../arm-none-eabi/lib/thumb/v7-m/nofp\libc_nano.a(lib_a-findfp.o)
                0x0000000008007b34                __sfp_lock_release
 .text.__sinit_lock_acquire
                0x0000000008007b40        0xc d:/st/stm32cubeide_1.6.1/stm32cubeide/plugins/com.st.stm32cube.ide.mcu.externaltools.gnu-tools-for-stm32.10.3-2021.10.win32_1.0.0.202111181127/tools/bin/../lib/gcc/arm-none-eabi/10.3.1/../../../../arm-none-eabi/lib/thumb/v7-m/nofp\libc_nano.a(lib_a-findfp.o)
                0x0000000008007b40                __sinit_lock_acquire
 .text.__sinit_lock_release
                0x0000000008007b4c        0xc d:/st/stm32cubeide_1.6.1/stm32cubeide/plugins/com.st.stm32cube.ide.mcu.externaltools.gnu-tools-for-stm32.10.3-2021.10.win32_1.0.0.202111181127/tools/bin/../lib/gcc/arm-none-eabi/10.3.1/../../../../arm-none-eabi/lib/thumb/v7-m/nofp\libc_nano.a(lib_a-findfp.o)
                0x0000000008007b4c                __sinit_lock_release
 .text.__sinit  0x0000000008007b58       0x70 d:/st/stm32cubeide_1.6.1/stm32cubeide/plugins/com.st.stm32cube.ide.mcu.externaltools.gnu-tools-for-stm32.10.3-2021.10.win32_1.0.0.202111181127/tools/bin/../lib/gcc/arm-none-eabi/10.3.1/../../../../arm-none-eabi/lib/thumb/v7-m/nofp\libc_nano.a(lib_a-findfp.o)
                0x0000000008007b58                __sinit
 .text.__sfp    0x0000000008007bc8       0x8c d:/st/stm32cubeide_1.6.1/stm32cubeide/plugins/com.st.stm32cube.ide.mcu.externaltools.gnu-tools-for-stm32.10.3-2021.10.win32_1.0.0.202111181127/tools/bin/../lib/gcc/arm-none-eabi/10.3.1/../../../../arm-none-eabi/lib/thumb/v7-m/nofp\libc_nano.a(lib_a-findfp.o)
                0x0000000008007bc8                __sfp
 .text._fwalk_reent
                0x0000000008007c54       0x3e d:/st/stm32cubeide_1.6.1/stm32cubeide/plugins/com.st.stm32cube.ide.mcu.externaltools.gnu-tools-for-stm32.10.3-2021.10.win32_1.0.0.202111181127/tools/bin/../lib/gcc/arm-none-eabi/10.3.1/../../../../arm-none-eabi/lib/thumb/v7-m/nofp\libc_nano.a(lib_a-fwalk.o)
                0x0000000008007c54                _fwalk_reent
 .text.__retarget_lock_init_recursive
                0x0000000008007c92        0x2 d:/st/stm32cubeide_1.6.1/stm32cubeide/plugins/com.st.stm32cube.ide.mcu.externaltools.gnu-tools-for-stm32.10.3-2021.10.win32_1.0.0.202111181127/tools/bin/../lib/gcc/arm-none-eabi/10.3.1/../../../../arm-none-eabi/lib/thumb/v7-m/nofp\libc_nano.a(lib_a-lock.o)
                0x0000000008007c92                __retarget_lock_init_recursive
 .text.__retarget_lock_acquire_recursive
                0x0000000008007c94        0x2 d:/st/stm32cubeide_1.6.1/stm32cubeide/plugins/com.st.stm32cube.ide.mcu.externaltools.gnu-tools-for-stm32.10.3-2021.10.win32_1.0.0.202111181127/tools/bin/../lib/gcc/arm-none-eabi/10.3.1/../../../../arm-none-eabi/lib/thumb/v7-m/nofp\libc_nano.a(lib_a-lock.o)
                0x0000000008007c94                __retarget_lock_acquire_recursive
 .text.__retarget_lock_release_recursive
                0x0000000008007c96        0x2 d:/st/stm32cubeide_1.6.1/stm32cubeide/plugins/com.st.stm32cube.ide.mcu.externaltools.gnu-tools-for-stm32.10.3-2021.10.win32_1.0.0.202111181127/tools/bin/../lib/gcc/arm-none-eabi/10.3.1/../../../../arm-none-eabi/lib/thumb/v7-m/nofp\libc_nano.a(lib_a-lock.o)
                0x0000000008007c96                __retarget_lock_release_recursive
 .text.__swhatbuf_r
                0x0000000008007c98       0x4a d:/st/stm32cubeide_1.6.1/stm32cubeide/plugins/com.st.stm32cube.ide.mcu.externaltools.gnu-tools-for-stm32.10.3-2021.10.win32_1.0.0.202111181127/tools/bin/../lib/gcc/arm-none-eabi/10.3.1/../../../../arm-none-eabi/lib/thumb/v7-m/nofp\libc_nano.a(lib_a-makebuf.o)
                0x0000000008007c98                __swhatbuf_r
 *fill*         0x0000000008007ce2        0x2 
 .text.__smakebuf_r
                0x0000000008007ce4       0x80 d:/st/stm32cubeide_1.6.1/stm32cubeide/plugins/com.st.stm32cube.ide.mcu.externaltools.gnu-tools-for-stm32.10.3-2021.10.win32_1.0.0.202111181127/tools/bin/../lib/gcc/arm-none-eabi/10.3.1/../../../../arm-none-eabi/lib/thumb/v7-m/nofp\libc_nano.a(lib_a-makebuf.o)
                0x0000000008007ce4                __smakebuf_r
 .text.__ascii_mbtowc
                0x0000000008007d64       0x24 d:/st/stm32cubeide_1.6.1/stm32cubeide/plugins/com.st.stm32cube.ide.mcu.externaltools.gnu-tools-for-stm32.10.3-2021.10.win32_1.0.0.202111181127/tools/bin/../lib/gcc/arm-none-eabi/10.3.1/../../../../arm-none-eabi/lib/thumb/v7-m/nofp\libc_nano.a(lib_a-mbtowc_r.o)
                0x0000000008007d64                __ascii_mbtowc
 .text.memmove  0x0000000008007d88       0x34 d:/st/stm32cubeide_1.6.1/stm32cubeide/plugins/com.st.stm32cube.ide.mcu.externaltools.gnu-tools-for-stm32.10.3-2021.10.win32_1.0.0.202111181127/tools/bin/../lib/gcc/arm-none-eabi/10.3.1/../../../../arm-none-eabi/lib/thumb/v7-m/nofp\libc_nano.a(lib_a-memmove.o)
                0x0000000008007d88                memmove
 .text._realloc_r
                0x0000000008007dbc       0x5e d:/st/stm32cubeide_1.6.1/stm32cubeide/plugins/com.st.stm32cube.ide.mcu.externaltools.gnu-tools-for-stm32.10.3-2021.10.win32_1.0.0.202111181127/tools/bin/../lib/gcc/arm-none-eabi/10.3.1/../../../../arm-none-eabi/lib/thumb/v7-m/nofp\libc_nano.a(lib_a-nano-reallocr.o)
                0x0000000008007dbc                _realloc_r
 .text._raise_r
                0x0000000008007e1a       0x50 d:/st/stm32cubeide_1.6.1/stm32cubeide/plugins/com.st.stm32cube.ide.mcu.externaltools.gnu-tools-for-stm32.10.3-2021.10.win32_1.0.0.202111181127/tools/bin/../lib/gcc/arm-none-eabi/10.3.1/../../../../arm-none-eabi/lib/thumb/v7-m/nofp\libc_nano.a(lib_a-signal.o)
                0x0000000008007e1a                _raise_r
 *fill*         0x0000000008007e6a        0x2 
 .text.raise    0x0000000008007e6c       0x10 d:/st/stm32cubeide_1.6.1/stm32cubeide/plugins/com.st.stm32cube.ide.mcu.externaltools.gnu-tools-for-stm32.10.3-2021.10.win32_1.0.0.202111181127/tools/bin/../lib/gcc/arm-none-eabi/10.3.1/../../../../arm-none-eabi/lib/thumb/v7-m/nofp\libc_nano.a(lib_a-signal.o)
                0x0000000008007e6c                raise
 .text._kill_r  0x0000000008007e7c       0x24 d:/st/stm32cubeide_1.6.1/stm32cubeide/plugins/com.st.stm32cube.ide.mcu.externaltools.gnu-tools-for-stm32.10.3-2021.10.win32_1.0.0.202111181127/tools/bin/../lib/gcc/arm-none-eabi/10.3.1/../../../../arm-none-eabi/lib/thumb/v7-m/nofp\libc_nano.a(lib_a-signalr.o)
                0x0000000008007e7c                _kill_r
 .text._getpid_r
                0x0000000008007ea0        0x4 d:/st/stm32cubeide_1.6.1/stm32cubeide/plugins/com.st.stm32cube.ide.mcu.externaltools.gnu-tools-for-stm32.10.3-2021.10.win32_1.0.0.202111181127/tools/bin/../lib/gcc/arm-none-eabi/10.3.1/../../../../arm-none-eabi/lib/thumb/v7-m/nofp\libc_nano.a(lib_a-signalr.o)
                0x0000000008007ea0                _getpid_r
 .text.__sread  0x0000000008007ea4       0x22 d:/st/stm32cubeide_1.6.1/stm32cubeide/plugins/com.st.stm32cube.ide.mcu.externaltools.gnu-tools-for-stm32.10.3-2021.10.win32_1.0.0.202111181127/tools/bin/../lib/gcc/arm-none-eabi/10.3.1/../../../../arm-none-eabi/lib/thumb/v7-m/nofp\libc_nano.a(lib_a-stdio.o)
                0x0000000008007ea4                __sread
 .text.__swrite
                0x0000000008007ec6       0x38 d:/st/stm32cubeide_1.6.1/stm32cubeide/plugins/com.st.stm32cube.ide.mcu.externaltools.gnu-tools-for-stm32.10.3-2021.10.win32_1.0.0.202111181127/tools/bin/../lib/gcc/arm-none-eabi/10.3.1/../../../../arm-none-eabi/lib/thumb/v7-m/nofp\libc_nano.a(lib_a-stdio.o)
                0x0000000008007ec6                __swrite
 .text.__sseek  0x0000000008007efe       0x24 d:/st/stm32cubeide_1.6.1/stm32cubeide/plugins/com.st.stm32cube.ide.mcu.externaltools.gnu-tools-for-stm32.10.3-2021.10.win32_1.0.0.202111181127/tools/bin/../lib/gcc/arm-none-eabi/10.3.1/../../../../arm-none-eabi/lib/thumb/v7-m/nofp\libc_nano.a(lib_a-stdio.o)
                0x0000000008007efe                __sseek
 .text.__sclose
                0x0000000008007f22        0x8 d:/st/stm32cubeide_1.6.1/stm32cubeide/plugins/com.st.stm32cube.ide.mcu.externaltools.gnu-tools-for-stm32.10.3-2021.10.win32_1.0.0.202111181127/tools/bin/../lib/gcc/arm-none-eabi/10.3.1/../../../../arm-none-eabi/lib/thumb/v7-m/nofp\libc_nano.a(lib_a-stdio.o)
                0x0000000008007f22                __sclose
 .text.__ascii_wctomb
                0x0000000008007f2a       0x1a d:/st/stm32cubeide_1.6.1/stm32cubeide/plugins/com.st.stm32cube.ide.mcu.externaltools.gnu-tools-for-stm32.10.3-2021.10.win32_1.0.0.202111181127/tools/bin/../lib/gcc/arm-none-eabi/10.3.1/../../../../arm-none-eabi/lib/thumb/v7-m/nofp\libc_nano.a(lib_a-wctomb_r.o)
                0x0000000008007f2a                __ascii_wctomb
 .text._write_r
                0x0000000008007f44       0x24 d:/st/stm32cubeide_1.6.1/stm32cubeide/plugins/com.st.stm32cube.ide.mcu.externaltools.gnu-tools-for-stm32.10.3-2021.10.win32_1.0.0.202111181127/tools/bin/../lib/gcc/arm-none-eabi/10.3.1/../../../../arm-none-eabi/lib/thumb/v7-m/nofp\libc_nano.a(lib_a-writer.o)
                0x0000000008007f44                _write_r
 .text._close_r
                0x0000000008007f68       0x20 d:/st/stm32cubeide_1.6.1/stm32cubeide/plugins/com.st.stm32cube.ide.mcu.externaltools.gnu-tools-for-stm32.10.3-2021.10.win32_1.0.0.202111181127/tools/bin/../lib/gcc/arm-none-eabi/10.3.1/../../../../arm-none-eabi/lib/thumb/v7-m/nofp\libc_nano.a(lib_a-closer.o)
                0x0000000008007f68                _close_r
 .text._fstat_r
                0x0000000008007f88       0x24 d:/st/stm32cubeide_1.6.1/stm32cubeide/plugins/com.st.stm32cube.ide.mcu.externaltools.gnu-tools-for-stm32.10.3-2021.10.win32_1.0.0.202111181127/tools/bin/../lib/gcc/arm-none-eabi/10.3.1/../../../../arm-none-eabi/lib/thumb/v7-m/nofp\libc_nano.a(lib_a-fstatr.o)
                0x0000000008007f88                _fstat_r
 .text._isatty_r
                0x0000000008007fac       0x20 d:/st/stm32cubeide_1.6.1/stm32cubeide/plugins/com.st.stm32cube.ide.mcu.externaltools.gnu-tools-for-stm32.10.3-2021.10.win32_1.0.0.202111181127/tools/bin/../lib/gcc/arm-none-eabi/10.3.1/../../../../arm-none-eabi/lib/thumb/v7-m/nofp\libc_nano.a(lib_a-isattyr.o)
                0x0000000008007fac                _isatty_r
 .text._lseek_r
                0x0000000008007fcc       0x24 d:/st/stm32cubeide_1.6.1/stm32cubeide/plugins/com.st.stm32cube.ide.mcu.externaltools.gnu-tools-for-stm32.10.3-2021.10.win32_1.0.0.202111181127/tools/bin/../lib/gcc/arm-none-eabi/10.3.1/../../../../arm-none-eabi/lib/thumb/v7-m/nofp\libc_nano.a(lib_a-lseekr.o)
                0x0000000008007fcc                _lseek_r
 .text._malloc_usable_size_r
                0x0000000008007ff0       0x10 d:/st/stm32cubeide_1.6.1/stm32cubeide/plugins/com.st.stm32cube.ide.mcu.externaltools.gnu-tools-for-stm32.10.3-2021.10.win32_1.0.0.202111181127/tools/bin/../lib/gcc/arm-none-eabi/10.3.1/../../../../arm-none-eabi/lib/thumb/v7-m/nofp\libc_nano.a(lib_a-nano-msizer.o)
                0x0000000008007ff0                _malloc_usable_size_r
 .text._read_r  0x0000000008008000       0x24 d:/st/stm32cubeide_1.6.1/stm32cubeide/plugins/com.st.stm32cube.ide.mcu.externaltools.gnu-tools-for-stm32.10.3-2021.10.win32_1.0.0.202111181127/tools/bin/../lib/gcc/arm-none-eabi/10.3.1/../../../../arm-none-eabi/lib/thumb/v7-m/nofp\libc_nano.a(lib_a-readr.o)
                0x0000000008008000                _read_r
 *(.glue_7)
 .glue_7        0x0000000008008024        0x0 linker stubs
 *(.glue_7t)
 .glue_7t       0x0000000008008024        0x0 linker stubs
 *(.eh_frame)
 .eh_frame      0x0000000008008024        0x0 d:/st/stm32cubeide_1.6.1/stm32cubeide/plugins/com.st.stm32cube.ide.mcu.externaltools.gnu-tools-for-stm32.10.3-2021.10.win32_1.0.0.202111181127/tools/bin/../lib/gcc/arm-none-eabi/10.3.1/thumb/v7-m/nofp/crtbegin.o
 *(.init)
 .init          0x0000000008008024        0x4 d:/st/stm32cubeide_1.6.1/stm32cubeide/plugins/com.st.stm32cube.ide.mcu.externaltools.gnu-tools-for-stm32.10.3-2021.10.win32_1.0.0.202111181127/tools/bin/../lib/gcc/arm-none-eabi/10.3.1/thumb/v7-m/nofp/crti.o
                0x0000000008008024                _init
 .init          0x0000000008008028        0x8 d:/st/stm32cubeide_1.6.1/stm32cubeide/plugins/com.st.stm32cube.ide.mcu.externaltools.gnu-tools-for-stm32.10.3-2021.10.win32_1.0.0.202111181127/tools/bin/../lib/gcc/arm-none-eabi/10.3.1/thumb/v7-m/nofp/crtn.o
 *(.fini)
 .fini          0x0000000008008030        0x4 d:/st/stm32cubeide_1.6.1/stm32cubeide/plugins/com.st.stm32cube.ide.mcu.externaltools.gnu-tools-for-stm32.10.3-2021.10.win32_1.0.0.202111181127/tools/bin/../lib/gcc/arm-none-eabi/10.3.1/thumb/v7-m/nofp/crti.o
                0x0000000008008030                _fini
 .fini          0x0000000008008034        0x8 d:/st/stm32cubeide_1.6.1/stm32cubeide/plugins/com.st.stm32cube.ide.mcu.externaltools.gnu-tools-for-stm32.10.3-2021.10.win32_1.0.0.202111181127/tools/bin/../lib/gcc/arm-none-eabi/10.3.1/thumb/v7-m/nofp/crtn.o
                0x000000000800803c                . = ALIGN (0x4)
                0x000000000800803c                _etext = .

.vfp11_veneer   0x000000000800803c        0x0
 .vfp11_veneer  0x000000000800803c        0x0 linker stubs

.v4_bx          0x000000000800803c        0x0
 .v4_bx         0x000000000800803c        0x0 linker stubs

.iplt           0x000000000800803c        0x0
 .iplt          0x000000000800803c        0x0 d:/st/stm32cubeide_1.6.1/stm32cubeide/plugins/com.st.stm32cube.ide.mcu.externaltools.gnu-tools-for-stm32.10.3-2021.10.win32_1.0.0.202111181127/tools/bin/../lib/gcc/arm-none-eabi/10.3.1/thumb/v7-m/nofp/crtbegin.o

.rodata         0x0000000008008040      0x7c4
                0x0000000008008040                . = ALIGN (0x4)
 *(.rodata)
 .rodata        0x0000000008008040       0x3e ./raydio103/src/menu.o
 *(.rodata*)
 *fill*         0x000000000800807e        0x2 
 .rodata.AHBPrescTable
                0x0000000008008080       0x10 ./Core/Src/system_stm32f1xx.o
                0x0000000008008080                AHBPrescTable
 .rodata.APBPrescTable
                0x0000000008008090        0x8 ./Core/Src/system_stm32f1xx.o
                0x0000000008008090                APBPrescTable
 .rodata.HAL_RCC_GetSysClockFreq.str1.4
                0x0000000008008098       0x11 ./Drivers/STM32F1xx_HAL_Driver/Src/stm32f1xx_hal_rcc.o
 .rodata.HAL_RCCEx_GetPeriphCLKFreq.str1.4
                0x00000000080080a9       0x11 ./Drivers/STM32F1xx_HAL_Driver/Src/stm32f1xx_hal_rcc_ex.o
 *fill*         0x00000000080080a9        0x3 
 .rodata.firCoeffs
                0x00000000080080ac       0x80 ./raydio103/src/dsp.o
                0x00000000080080ac                firCoeffs
 .rodata.firCoeffsInter
                0x000000000800812c       0x20 ./raydio103/src/dsp.o
                0x000000000800812c                firCoeffsInter
 .rodata.gfxDrawMenu.str1.4
                0x000000000800814c        0xd ./raydio103/src/gfx.o
 *fill*         0x0000000008008159        0x3 
 .rodata.font   0x000000000800815c      0x127 ./raydio103/src/gfx.o
                0x000000000800815c                font
 *fill*         0x0000000008008283        0x1 
 .rodata.fontBig
                0x0000000008008284       0xb4 ./raydio103/src/gfx.o
                0x0000000008008284                fontBig
 .rodata.fontInfo
                0x0000000008008338       0x3c ./raydio103/src/gfx.o
                0x0000000008008338                fontInfo
 .rodata.fontMid
                0x0000000008008374       0x78 ./raydio103/src/gfx.o
                0x0000000008008374                fontMid
 .rodata.txtOnOff
                0x00000000080083ec        0x6 ./raydio103/src/menu.o
                0x00000000080083ec                txtOnOff
 *fill*         0x00000000080083f2        0x2 
 .rodata.debugPrint.str1.4
                0x00000000080083f4        0x3 ./raydio103/src/tools.o
                                          0x7 (size before relaxing)
 *fill*         0x00000000080083f7        0x1 
 .rodata.debugPrintColor.str1.4
                0x00000000080083f8       0x1d ./raydio103/src/tools.o
 *fill*         0x0000000008008415        0x3 
 .rodata.debugInit.str1.4
                0x0000000008008418        0xb ./raydio103/src/tools.o
 *fill*         0x0000000008008423        0x1 
 .rodata._global_impure_ptr
                0x0000000008008424        0x4 d:/st/stm32cubeide_1.6.1/stm32cubeide/plugins/com.st.stm32cube.ide.mcu.externaltools.gnu-tools-for-stm32.10.3-2021.10.win32_1.0.0.202111181127/tools/bin/../lib/gcc/arm-none-eabi/10.3.1/../../../../arm-none-eabi/lib/thumb/v7-m/nofp\libc_nano.a(lib_a-impure.o)
                0x0000000008008424                _global_impure_ptr
 .rodata._printf_float.str1.1
                0x0000000008008428       0x12 d:/st/stm32cubeide_1.6.1/stm32cubeide/plugins/com.st.stm32cube.ide.mcu.externaltools.gnu-tools-for-stm32.10.3-2021.10.win32_1.0.0.202111181127/tools/bin/../lib/gcc/arm-none-eabi/10.3.1/../../../../arm-none-eabi/lib/thumb/v7-m/nofp\libc_nano.a(lib_a-nano-vfprintf_float.o)
 .rodata._printf_i.str1.1
                0x000000000800843a       0x22 d:/st/stm32cubeide_1.6.1/stm32cubeide/plugins/com.st.stm32cube.ide.mcu.externaltools.gnu-tools-for-stm32.10.3-2021.10.win32_1.0.0.202111181127/tools/bin/../lib/gcc/arm-none-eabi/10.3.1/../../../../arm-none-eabi/lib/thumb/v7-m/nofp\libc_nano.a(lib_a-nano-vfprintf_i.o)
 .rodata.__assert_func.str1.1
                0x000000000800845c       0x3c d:/st/stm32cubeide_1.6.1/stm32cubeide/plugins/com.st.stm32cube.ide.mcu.externaltools.gnu-tools-for-stm32.10.3-2021.10.win32_1.0.0.202111181127/tools/bin/../lib/gcc/arm-none-eabi/10.3.1/../../../../arm-none-eabi/lib/thumb/v7-m/nofp\libc_nano.a(lib_a-assert.o)
                                         0x3d (size before relaxing)
 .rodata._dtoa_r.str1.1
                0x0000000008008498       0x90 d:/st/stm32cubeide_1.6.1/stm32cubeide/plugins/com.st.stm32cube.ide.mcu.externaltools.gnu-tools-for-stm32.10.3-2021.10.win32_1.0.0.202111181127/tools/bin/../lib/gcc/arm-none-eabi/10.3.1/../../../../arm-none-eabi/lib/thumb/v7-m/nofp\libc_nano.a(lib_a-dtoa.o)
                                         0x92 (size before relaxing)
 .rodata._Balloc.str1.1
                0x0000000008008528       0x5c d:/st/stm32cubeide_1.6.1/stm32cubeide/plugins/com.st.stm32cube.ide.mcu.externaltools.gnu-tools-for-stm32.10.3-2021.10.win32_1.0.0.202111181127/tools/bin/../lib/gcc/arm-none-eabi/10.3.1/../../../../arm-none-eabi/lib/thumb/v7-m/nofp\libc_nano.a(lib_a-mprec.o)
                                         0x73 (size before relaxing)
 .rodata.__multadd.str1.1
                0x0000000008008584       0x11 d:/st/stm32cubeide_1.6.1/stm32cubeide/plugins/com.st.stm32cube.ide.mcu.externaltools.gnu-tools-for-stm32.10.3-2021.10.win32_1.0.0.202111181127/tools/bin/../lib/gcc/arm-none-eabi/10.3.1/../../../../arm-none-eabi/lib/thumb/v7-m/nofp\libc_nano.a(lib_a-mprec.o)
 *fill*         0x0000000008008584        0x4 
 .rodata.__mprec_bigtens
                0x0000000008008588       0x28 d:/st/stm32cubeide_1.6.1/stm32cubeide/plugins/com.st.stm32cube.ide.mcu.externaltools.gnu-tools-for-stm32.10.3-2021.10.win32_1.0.0.202111181127/tools/bin/../lib/gcc/arm-none-eabi/10.3.1/../../../../arm-none-eabi/lib/thumb/v7-m/nofp\libc_nano.a(lib_a-mprec.o)
                0x0000000008008588                __mprec_bigtens
 .rodata.__mprec_tens
                0x00000000080085b0       0xc8 d:/st/stm32cubeide_1.6.1/stm32cubeide/plugins/com.st.stm32cube.ide.mcu.externaltools.gnu-tools-for-stm32.10.3-2021.10.win32_1.0.0.202111181127/tools/bin/../lib/gcc/arm-none-eabi/10.3.1/../../../../arm-none-eabi/lib/thumb/v7-m/nofp\libc_nano.a(lib_a-mprec.o)
                0x00000000080085b0                __mprec_tens
 .rodata.p05.0  0x0000000008008678        0xc d:/st/stm32cubeide_1.6.1/stm32cubeide/plugins/com.st.stm32cube.ide.mcu.externaltools.gnu-tools-for-stm32.10.3-2021.10.win32_1.0.0.202111181127/tools/bin/../lib/gcc/arm-none-eabi/10.3.1/../../../../arm-none-eabi/lib/thumb/v7-m/nofp\libc_nano.a(lib_a-mprec.o)
 .rodata._svfprintf_r.str1.1
                0x0000000008008684       0x11 d:/st/stm32cubeide_1.6.1/stm32cubeide/plugins/com.st.stm32cube.ide.mcu.externaltools.gnu-tools-for-stm32.10.3-2021.10.win32_1.0.0.202111181127/tools/bin/../lib/gcc/arm-none-eabi/10.3.1/../../../../arm-none-eabi/lib/thumb/v7-m/nofp\libc_nano.a(lib_a-nano-svfprintf.o)
 .rodata._vfprintf_r.str1.1
                0x0000000008008695       0x11 d:/st/stm32cubeide_1.6.1/stm32cubeide/plugins/com.st.stm32cube.ide.mcu.externaltools.gnu-tools-for-stm32.10.3-2021.10.win32_1.0.0.202111181127/tools/bin/../lib/gcc/arm-none-eabi/10.3.1/../../../../arm-none-eabi/lib/thumb/v7-m/nofp\libc_nano.a(lib_a-nano-vfprintf.o)
 *fill*         0x0000000008008695        0x3 
 .rodata.__sf_fake_stderr
                0x0000000008008698       0x20 d:/st/stm32cubeide_1.6.1/stm32cubeide/plugins/com.st.stm32cube.ide.mcu.externaltools.gnu-tools-for-stm32.10.3-2021.10.win32_1.0.0.202111181127/tools/bin/../lib/gcc/arm-none-eabi/10.3.1/../../../../arm-none-eabi/lib/thumb/v7-m/nofp\libc_nano.a(lib_a-findfp.o)
                0x0000000008008698                __sf_fake_stderr
 .rodata.__sf_fake_stdin
                0x00000000080086b8       0x20 d:/st/stm32cubeide_1.6.1/stm32cubeide/plugins/com.st.stm32cube.ide.mcu.externaltools.gnu-tools-for-stm32.10.3-2021.10.win32_1.0.0.202111181127/tools/bin/../lib/gcc/arm-none-eabi/10.3.1/../../../../arm-none-eabi/lib/thumb/v7-m/nofp\libc_nano.a(lib_a-findfp.o)
                0x00000000080086b8                __sf_fake_stdin
 .rodata.__sf_fake_stdout
                0x00000000080086d8       0x20 d:/st/stm32cubeide_1.6.1/stm32cubeide/plugins/com.st.stm32cube.ide.mcu.externaltools.gnu-tools-for-stm32.10.3-2021.10.win32_1.0.0.202111181127/tools/bin/../lib/gcc/arm-none-eabi/10.3.1/../../../../arm-none-eabi/lib/thumb/v7-m/nofp\libc_nano.a(lib_a-findfp.o)
                0x00000000080086d8                __sf_fake_stdout
 .rodata._setlocale_r.str1.1
                0x00000000080086f8        0x8 d:/st/stm32cubeide_1.6.1/stm32cubeide/plugins/com.st.stm32cube.ide.mcu.externaltools.gnu-tools-for-stm32.10.3-2021.10.win32_1.0.0.202111181127/tools/bin/../lib/gcc/arm-none-eabi/10.3.1/../../../../arm-none-eabi/lib/thumb/v7-m/nofp\libc_nano.a(lib_a-locale.o)
                                          0x9 (size before relaxing)
 .rodata.str1.1
                0x0000000008008700        0x2 d:/st/stm32cubeide_1.6.1/stm32cubeide/plugins/com.st.stm32cube.ide.mcu.externaltools.gnu-tools-for-stm32.10.3-2021.10.win32_1.0.0.202111181127/tools/bin/../lib/gcc/arm-none-eabi/10.3.1/../../../../arm-none-eabi/lib/thumb/v7-m/nofp\libc_nano.a(lib_a-locale.o)
 .rodata._ctype_
                0x0000000008008702      0x101 d:/st/stm32cubeide_1.6.1/stm32cubeide/plugins/com.st.stm32cube.ide.mcu.externaltools.gnu-tools-for-stm32.10.3-2021.10.win32_1.0.0.202111181127/tools/bin/../lib/gcc/arm-none-eabi/10.3.1/../../../../arm-none-eabi/lib/thumb/v7-m/nofp\libc_nano.a(lib_a-ctype_.o)
                0x0000000008008702                _ctype_
                0x0000000008008804                . = ALIGN (0x4)
 *fill*         0x0000000008008803        0x1 

.rel.dyn        0x0000000008008804        0x0
 .rel.iplt      0x0000000008008804        0x0 d:/st/stm32cubeide_1.6.1/stm32cubeide/plugins/com.st.stm32cube.ide.mcu.externaltools.gnu-tools-for-stm32.10.3-2021.10.win32_1.0.0.202111181127/tools/bin/../lib/gcc/arm-none-eabi/10.3.1/thumb/v7-m/nofp/crtbegin.o

.ARM.extab      0x0000000008008804        0x0
                0x0000000008008804                . = ALIGN (0x4)
 *(.ARM.extab* .gnu.linkonce.armextab.*)
                0x0000000008008804                . = ALIGN (0x4)

.ARM            0x0000000008008804        0x0
                0x0000000008008804                . = ALIGN (0x4)
                0x0000000008008804                __exidx_start = .
 *(.ARM.exidx*)
                0x0000000008008804                __exidx_end = .
                0x0000000008008804                . = ALIGN (0x4)

.preinit_array  0x0000000008008804        0x0
                0x0000000008008804                . = ALIGN (0x4)
                0x0000000008008804                PROVIDE (__preinit_array_start = .)
 *(.preinit_array*)
                0x0000000008008804                PROVIDE (__preinit_array_end = .)
                0x0000000008008804                . = ALIGN (0x4)

.init_array     0x0000000008008804        0x4
                0x0000000008008804                . = ALIGN (0x4)
                0x0000000008008804                PROVIDE (__init_array_start = .)
 *(SORT_BY_NAME(.init_array.*))
 *(.init_array*)
 .init_array    0x0000000008008804        0x4 d:/st/stm32cubeide_1.6.1/stm32cubeide/plugins/com.st.stm32cube.ide.mcu.externaltools.gnu-tools-for-stm32.10.3-2021.10.win32_1.0.0.202111181127/tools/bin/../lib/gcc/arm-none-eabi/10.3.1/thumb/v7-m/nofp/crtbegin.o
                0x0000000008008808                PROVIDE (__init_array_end = .)
                0x0000000008008808                . = ALIGN (0x4)

.fini_array     0x0000000008008808        0x4
                0x0000000008008808                . = ALIGN (0x4)
                [!provide]                        PROVIDE (__fini_array_start = .)
 *(SORT_BY_NAME(.fini_array.*))
 *(.fini_array*)
 .fini_array    0x0000000008008808        0x4 d:/st/stm32cubeide_1.6.1/stm32cubeide/plugins/com.st.stm32cube.ide.mcu.externaltools.gnu-tools-for-stm32.10.3-2021.10.win32_1.0.0.202111181127/tools/bin/../lib/gcc/arm-none-eabi/10.3.1/thumb/v7-m/nofp/crtbegin.o
                [!provide]                        PROVIDE (__fini_array_end = .)
                0x000000000800880c                . = ALIGN (0x4)
                0x000000000800880c                _sidata = LOADADDR (.data)

.data           0x0000000020000000      0x63c load address 0x000000000800880c
                0x0000000020000000                . = ALIGN (0x4)
                0x0000000020000000                _sdata = .
 *(.data)
 *(.data*)
 .data.SystemCoreClock
                0x0000000020000000        0x4 ./Core/Src/system_stm32f1xx.o
                0x0000000020000000                SystemCoreClock
 .data.uwTickFreq
                0x0000000020000004        0x1 ./Drivers/STM32F1xx_HAL_Driver/Src/stm32f1xx_hal.o
                0x0000000020000004                uwTickFreq
 *fill*         0x0000000020000005        0x3 
 .data.uwTickPrio
                0x0000000020000008        0x4 ./Drivers/STM32F1xx_HAL_Driver/Src/stm32f1xx_hal.o
                0x0000000020000008                uwTickPrio
 .data.lcdDmaDone
                0x000000002000000c        0x1 ./raydio103/drivers/ssd1309.o
                0x000000002000000c                lcdDmaDone
 *fill*         0x000000002000000d        0x3 
 .data.menuItems
                0x0000000020000010      0x318 ./raydio103/src/menu.o
                0x0000000020000010                menuItems
 .data.menuPoints
                0x0000000020000328        0x2 ./raydio103/src/menu.o
                0x0000000020000328                menuPoints
 *fill*         0x000000002000032a        0x2 
 .data.metrics  0x000000002000032c      0x138 ./raydio103/src/metrics.o
                0x000000002000032c                metrics
 .data.nextTime
                0x0000000020000464        0x4 ./raydio103/src/schedule.o
                0x0000000020000464                nextTime
 .data.dbgUartPtr
                0x0000000020000468        0x4 ./raydio103/src/tools.o
                0x0000000020000468                dbgUartPtr
 .data._impure_ptr
                0x000000002000046c        0x4 d:/st/stm32cubeide_1.6.1/stm32cubeide/plugins/com.st.stm32cube.ide.mcu.externaltools.gnu-tools-for-stm32.10.3-2021.10.win32_1.0.0.202111181127/tools/bin/../lib/gcc/arm-none-eabi/10.3.1/../../../../arm-none-eabi/lib/thumb/v7-m/nofp\libc_nano.a(lib_a-impure.o)
                0x000000002000046c                _impure_ptr
 .data.impure_data
                0x0000000020000470       0x60 d:/st/stm32cubeide_1.6.1/stm32cubeide/plugins/com.st.stm32cube.ide.mcu.externaltools.gnu-tools-for-stm32.10.3-2021.10.win32_1.0.0.202111181127/tools/bin/../lib/gcc/arm-none-eabi/10.3.1/../../../../arm-none-eabi/lib/thumb/v7-m/nofp\libc_nano.a(lib_a-impure.o)
 .data.__global_locale
                0x00000000200004d0      0x16c d:/st/stm32cubeide_1.6.1/stm32cubeide/plugins/com.st.stm32cube.ide.mcu.externaltools.gnu-tools-for-stm32.10.3-2021.10.win32_1.0.0.202111181127/tools/bin/../lib/gcc/arm-none-eabi/10.3.1/../../../../arm-none-eabi/lib/thumb/v7-m/nofp\libc_nano.a(lib_a-locale.o)
                0x00000000200004d0                __global_locale
 *(.RamFunc)
 *(.RamFunc*)
                0x000000002000063c                . = ALIGN (0x4)
                0x000000002000063c                _edata = .

.igot.plt       0x000000002000063c        0x0 load address 0x0000000008008e48
 .igot.plt      0x000000002000063c        0x0 d:/st/stm32cubeide_1.6.1/stm32cubeide/plugins/com.st.stm32cube.ide.mcu.externaltools.gnu-tools-for-stm32.10.3-2021.10.win32_1.0.0.202111181127/tools/bin/../lib/gcc/arm-none-eabi/10.3.1/thumb/v7-m/nofp/crtbegin.o
                0x000000002000063c                . = ALIGN (0x4)

.bss            0x000000002000063c     0x20ac load address 0x0000000008008e48
                0x000000002000063c                _sbss = .
                0x000000002000063c                __bss_start__ = _sbss
 *(.bss)
 .bss           0x000000002000063c       0x1c d:/st/stm32cubeide_1.6.1/stm32cubeide/plugins/com.st.stm32cube.ide.mcu.externaltools.gnu-tools-for-stm32.10.3-2021.10.win32_1.0.0.202111181127/tools/bin/../lib/gcc/arm-none-eabi/10.3.1/thumb/v7-m/nofp/crtbegin.o
 *(.bss*)