Archive member included to satisfy reference by file (symbol)

D:\raydio103\raydio103\Drivers\CMSIS\Lib\GCC\libarm_cortexM3l_math.a(arm_copy_q31.o)
                              ./raydio103/src/fft.o (arm_copy_q31)
D:\raydio103\raydio103\Drivers\CMSIS\Lib\GCC\libarm_cortexM3l_math.a(arm_cfft_q31.o)
                              ./raydio103/src/fft.o (arm_cfft_q31)
D:\raydio103\raydio103\Drivers\CMSIS\Lib\GCC\libarm_cortexM3l_math.a(arm_bitreversal2.o)
                              D:\raydio103\raydio103\Drivers\CMSIS\Lib\GCC\libarm_cortexM3l_math.a(arm_cfft_q31.o) (arm_bitreversal_32)
D:\raydio103\raydio103\Drivers\CMSIS\Lib\GCC\libarm_cortexM3l_math.a(arm_cfft_radix4_q31.o)
                              D:\raydio103\raydio103\Drivers\CMSIS\Lib\GCC\libarm_cortexM3l_math.a(arm_cfft_q31.o) (arm_radix4_butterfly_q31)
D:\raydio103\raydio103\Drivers\CMSIS\Lib\GCC\libarm_cortexM3l_math.a(arm_fir_q31.o)
                              ./raydio103/src/fir.o (arm_fir_q31)
D:\raydio103\raydio103\Drivers\CMSIS\Lib\GCC\libarm_cortexM3l_math.a(arm_fir_init_q31.o)
                              ./raydio103/src/dsp.o (arm_fir_init_q31)
D:\raydio103\raydio103\Drivers\CMSIS\Lib\GCC\libarm_cortexM3l_math.a(arm_fir_decimate_q31.o)
                              ./raydio103/src/dsp.o (arm_fir_decimate_q31)
D:\raydio103\raydio103\Drivers\CMSIS\Lib\GCC\libarm_cortexM3l_math.a(arm_fir_decimate_init_q31.o)
                              ./raydio103/src/dsp.o (arm_fir_decimate_init_q31)
D:\raydio103\raydio103\Drivers\CMSIS\Lib\GCC\libarm_cortexM3l_math.a(arm_cmplx_mag_q31.o)
                              ./raydio103/src/fft.o (arm_cmplx_mag_q31)
D:\raydio103\raydio103\Drivers\CMSIS\Lib\GCC\libarm_cortexM3l_math.a(arm_sqrt_q31.o)
                              D:\raydio103\raydio103\Drivers\CMSIS\Lib\GCC\libarm_cortexM3l_math.a(arm_cmplx_mag_q31.o) (arm_sqrt_q31)
D:\raydio103\raydio103\Drivers\CMSIS\Lib\GCC\libarm_cortexM3l_math.a(arm_sub_q31.o)
                              ./raydio103/src/audio.o (arm_sub_q31)
D:\raydio103\raydio103\Drivers\CMSIS\Lib\GCC\libarm_cortexM3l_math.a(arm_scale_q31.o)
                              ./raydio103/src/audio.o (arm_scale_q31)
D:\raydio103\raydio103\Drivers\CMSIS\Lib\GCC\libarm_cortexM3l_math.a(arm_mult_q31.o)
                              ./raydio103/src/agc.o (arm_mult_q31)
D:\raydio103\raydio103\Drivers\CMSIS\Lib\GCC\libarm_cortexM3l_math.a(arm_abs_q31.o)
                              ./raydio103/src/agc.o (arm_abs_q31)
D:\raydio103\raydio103\Drivers\CMSIS\Lib\GCC\libarm_cortexM3l_math.a(arm_bitreversal.o)
                              D:\raydio103\raydio103\Drivers\CMSIS\Lib\GCC\libarm_cortexM3l_math.a(arm_cfft_radix4_q31.o) (arm_bitreversal_q31)
d:/st/stm32cubeide_1.6.1/stm32cubeide/plugins/com.st.stm32cube.ide.mcu.externaltools.gnu-tools-for-stm32.10.3-2021.10.win32_1.0.0.202111181127/tools/bin/../lib/gcc/arm-none-eabi/10.3.1/../../../../arm-none-eabi/lib/thumb/v7-m/nofp\libc_nano.a(lib_a-errno.o)
                              ./Core/Src/syscalls.o (__errno)
d:/st/stm32cubeide_1.6.1/stm32cubeide/plugins/com.st.stm32cube.ide.mcu.externaltools.gnu-tools-for-stm32.10.3-2021.10.win32_1.0.0.202111181127/tools/bin/../lib/gcc/arm-none-eabi/10.3.1/../../../../arm-none-eabi/lib/thumb/v7-m/nofp\libc_nano.a(lib_a-exit.o)
                              d:/st/stm32cubeide_1.6.1/stm32cubeide/plugins/com.st.stm32cube.ide.mcu.externaltools.gnu-tools-for-stm32.10.3-2021.10.win32_1.0.0.202111181127/tools/bin/../lib/gcc/arm-none-eabi/10.3.1/../../../../arm-none-eabi/lib/thumb/v7-m/nofp/crt0.o (exit)
d:/st/stm32cubeide_1.6.1/stm32cubeide/plugins/com.st.stm32cube.ide.mcu.externaltools.gnu-tools-for-stm32.10.3-2021.10.win32_1.0.0.202111181127/tools/bin/../lib/gcc/arm-none-eabi/10.3.1/../../../../arm-none-eabi/lib/thumb/v7-m/nofp\libc_nano.a(lib_a-impure.o)
                              d:/st/stm32cubeide_1.6.1/stm32cubeide/plugins/com.st.stm32cube.ide.mcu.externaltools.gnu-tools-for-stm32.10.3-2021.10.win32_1.0.0.202111181127/tools/bin/../lib/gcc/arm-none-eabi/10.3.1/../../../../arm-none-eabi/lib/thumb/v7-m/nofp\libc_nano.a(lib_a-exit.o) (_global_impure_ptr)
d:/st/stm32cubeide_1.6.1/stm32cubeide/plugins/com.st.stm32cube.ide.mcu.externaltools.gnu-tools-for-stm32.10.3-2021.10.win32_1.0.0.202111181127/tools/bin/../lib/gcc/arm-none-eabi/10.3.1/../../../../arm-none-eabi/lib/thumb/v7-m/nofp\libc_nano.a(lib_a-init.o)
                              d:/st/stm32cubeide_1.6.1/stm32cubeide/plugins/com.st.stm32cube.ide.mcu.externaltools.gnu-tools-for-stm32.10.3-2021.10.win32_1.0.0.202111181127/tools/bin/../lib/gcc/arm-none-eabi/10.3.1/../../../../arm-none-eabi/lib/thumb/v7-m/nofp/crt0.o (__libc_init_array)
d:/st/stm32cubeide_1.6.1/stm32cubeide/plugins/com.st.stm32cube.ide.mcu.externaltools.gnu-tools-for-stm32.10.3-2021.10.win32_1.0.0.202111181127/tools/bin/../lib/gcc/arm-none-eabi/10.3.1/../../../../arm-none-eabi/lib/thumb/v7-m/nofp\libc_nano.a(lib_a-memset.o)
[...]
Memory Configuration

Name             Origin             Length             Attributes
RAM              0x0000000020000000 0x0000000000005000 xrw
FLASH            0x0000000008000000 0x0000000000010000 xr
*default*        0x0000000000000000 0xffffffffffffffff

Linker script and memory map

LOAD d:/st/stm32cubeide_1.6.1/stm32cubeide/plugins/com.st.stm32cube.ide.mcu.externaltools.gnu-tools-for-stm32.10.3-2021.10.win32_1.0.0.202111181127/tools/bin/../lib/gcc/arm-none-eabi/10.3.1/thumb/v7-m/nofp/crti.o
LOAD d:/st/stm32cubeide_1.6.1/stm32cubeide/plugins/com.st.stm32cube.ide.mcu.externaltools.gnu-tools-for-stm32.10.3-2021.10.win32_1.0.0.202111181127/tools/bin/../lib/gcc/arm-none-eabi/10.3.1/thumb/v7-m/nofp/crtbegin.o
LOAD d:/st/stm32cubeide_1.6.1/stm32cubeide/plugins/com.st.stm32cube.ide.mcu.externaltools.gnu-tools-for-stm32.10.3-2021.10.win32_1.0.0.202111181127/tools/bin/../lib/gcc/arm-none-eabi/10.3.1/../../../../arm-none-eabi/lib/thumb/v7-m/nofp/crt0.o
LOAD ./Core/Src/main.o
LOAD ./Core/Src/stm32f1xx_hal_msp.o
LOAD ./Core/Src/stm32f1xx_it.o
LOAD ./Core/Src/syscalls.o
LOAD ./Core/Src/sysmem.o
LOAD ./Core/Src/system_stm32f1xx.o
LOAD ./Core/Startup/startup_stm32f103c8tx.o
LOAD ./Drivers/STM32F1xx_HAL_Driver/Src/stm32f1xx_hal.o
LOAD ./Drivers/STM32F1xx_HAL_Driver/Src/stm32f1xx_hal_adc.o
LOAD ./Drivers/STM32F1xx_HAL_Driver/Src/stm32f1xx_hal_adc_ex.o
LOAD ./Drivers/STM32F1xx_HAL_Driver/Src/stm32f1xx_hal_cortex.o
LOAD ./Drivers/STM32F1xx_HAL_Driver/Src/stm32f1xx_hal_dma.o
LOAD ./Drivers/STM32F1xx_HAL_Driver/Src/stm32f1xx_hal_exti.o
LOAD ./Drivers/STM32F1xx_HAL_Driver/Src/stm32f1xx_hal_flash.o
LOAD ./Drivers/STM32F1xx_HAL_Driver/Src/stm32f1xx_hal_flash_ex.o
LOAD ./Drivers/STM32F1xx_HAL_Driver/Src/stm32f1xx_hal_gpio.o
LOAD ./Drivers/STM32F1xx_HAL_Driver/Src/stm32f1xx_hal_gpio_ex.o
LOAD ./Drivers/STM32F1xx_HAL_Driver/Src/stm32f1xx_hal_i2c.o
LOAD ./Drivers/STM32F1xx_HAL_Driver/Src/stm32f1xx_hal_pwr.o
LOAD ./Drivers/STM32F1xx_HAL_Driver/Src/stm32f1xx_hal_rcc.o
LOAD ./Drivers/STM32F1xx_HAL_Driver/Src/stm32f1xx_hal_rcc_ex.o
LOAD ./Drivers/STM32F1xx_HAL_Driver/Src/stm32f1xx_hal_spi.o
LOAD ./Drivers/STM32F1xx_HAL_Driver/Src/stm32f1xx_hal_tim.o
LOAD ./Drivers/STM32F1xx_HAL_Driver/Src/stm32f1xx_hal_tim_ex.o
LOAD ./Drivers/STM32F1xx_HAL_Driver/Src/stm32f1xx_hal_uart.o
LOAD ./raydio103/drivers/mcp23s17.o
LOAD ./raydio103/drivers/si5351.o
LOAD ./raydio103/drivers/st7920.o
LOAD ./raydio103/src/agc.o
LOAD ./raydio103/src/audio.o
LOAD ./raydio103/src/dsp.o
LOAD ./raydio103/src/fft.o
LOAD ./raydio103/src/fir.o
LOAD D:\raydio103\raydio103\Drivers\CMSIS\Lib\GCC\libarm_cortexM3l_math.a
START GROUP
LOAD d:/st/stm32cubeide_1.6.1/stm32cubeide/plugins/com.st.stm32cube.ide.mcu.externaltools.gnu-tools-for-stm32.10.3-2021.10.win32_1.0.0.202111181127/tools/bin/../lib/gcc/arm-none-eabi/10.3.1/../../../../arm-none-eabi/lib/thumb/v7-m/nofp\libc_nano.a
LOAD d:/st/stm32cubeide_1.6.1/stm32cubeide/plugins/com.st.stm32cube.ide.mcu.externaltools.gnu-tools-for-stm32.10.3-2021.10.win32_1.0.0.202111181127/tools/bin/../lib/gcc/arm-none-eabi/10.3.1/../../../../arm-none-eabi/lib/thumb/v7-m/nofp\libm.a
END GROUP
START GROUP
LOAD d:/st/stm32cubeide_1.6.1/stm32cubeide/plugins/com.st.stm32cube.ide.mcu.externaltools.gnu-tools-for-stm32.10.3-2021.10.win32_1.0.0.202111181127/tools/bin/../lib/gcc/arm-none-eabi/10.3.1/thumb/v7-m/nofp\libgcc.a
LOAD d:/st/stm32cubeide_1.6.1/stm32cubeide/plugins/com.st.stm32cube.ide.mcu.externaltools.gnu-tools-for-stm32.10.3-2021.10.win32_1.0.0.202111181127/tools/bin/../lib/gcc/arm-none-eabi/10.3.1/../../../../arm-none-eabi/lib/thumb/v7-m/nofp\libc_nano.a
END GROUP
START GROUP
LOAD d:/st/stm32cubeide_1.6.1/stm32cubeide/plugins/com.st.stm32cube.ide.mcu.externaltools.gnu-tools-for-stm32.10.3-2021.10.win32_1.0.0.202111181127/tools/bin/../lib/gcc/arm-none-eabi/10.3.1/thumb/v7-m/nofp\libgcc.a
LOAD d:/st/stm32cubeide_1.6.1/stm32cubeide/plugins/com.st.stm32cube.ide.mcu.externaltools.gnu-tools-for-stm32.10.3-2021.10.win32_1.0.0.202111181127/tools/bin/../lib/gcc/arm-none-eabi/10.3.1/../../../../arm-none-eabi/lib/thumb/v7-m/nofp\libc_nano.a
LOAD d:/st/stm32cubeide_1.6.1/stm32cubeide/plugins/com.st.stm32cube.ide.mcu.externaltools.gnu-tools-for-stm32.10.3-2021.10.win32_1.0.0.202111181127/tools/bin/../lib/gcc/arm-none-eabi/10.3.1/../../../../arm-none-eabi/lib/thumb/v7-m/nofp\libnosys.a
END GROUP
START GROUP
LOAD d:/st/stm32cubeide_1.6.1/stm32cubeide/plugins/com.st.stm32cube.ide.mcu.externaltools.gnu-tools-for-stm32.10.3-2021.10.win32_1.0.0.202111181127/tools/bin/../lib/gcc/arm-none-eabi/10.3.1/thumb/v7-m/nofp\libgcc.a
LOAD d:/st/stm32cubeide_1.6.1/stm32cubeide/plugins/com.st.stm32cube.ide.mcu.externaltools.gnu-tools-for-stm32.10.3-2021.10.win32_1.0.0.202111181127/tools/bin/../lib/gcc/arm-none-eabi/10.3.1/../../../../arm-none-eabi/lib/thumb/v7-m/nofp\libc_nano.a
LOAD d:/st/stm32cubeide_1.6.1/stm32cubeide/plugins/com.st.stm32cube.ide.mcu.externaltools.gnu-tools-for-stm32.10.3-2021.10.win32_1.0.0.202111181127/tools/bin/../lib/gcc/arm-none-eabi/10.3.1/../../../../arm-none-eabi/lib/thumb/v7-m/nofp\libnosys.a
END GROUP
LOAD d:/st/stm32cubeide_1.6.1/stm32cubeide/plugins/com.st.stm32cube.ide.mcu.externaltools.gnu-tools-for-stm32.10.3-2021.10.win32_1.0.0.202111181127/tools/bin/../lib/gcc/arm-none-eabi/10.3.1/thumb/v7-m/nofp/crtend.o
LOAD d:/st/stm32cubeide_1.6.1/stm32cubeide/plugins/com.st.stm32cube.ide.mcu.externaltools.gnu-tools-for-stm32.10.3-2021.10.win32_1.0.0.202111181127/tools/bin/../lib/gcc/arm-none-eabi/10.3.1/thumb/v7-m/nofp/crtn.o
                0x0000000020005000                _estack = (ORIGIN (RAM) + LENGTH (RAM))
                0x0000000000000200                _Min_Heap_Size = 0x200
                0x0000000000000400                _Min_Stack_Size = 0x400

.isr_vector     0x0000000008000000      0x10c
                0x0000000008000000                . = ALIGN (0x4)
 *(.isr_vector)
 .isr_vector    0x0000000008000000      0x10c ./Core/Startup/startup_stm32f103c8tx.o
                0x0000000008000000                g_pfnVectors
                0x000000000800010c                . = ALIGN (0x4)

.text           0x000000000800010c     0x51a4
                0x000000000800010c                . = ALIGN (0x4)
 *(.text)
 .text          0x000000000800010c       0x40 d:/st/stm32cubeide_1.6.1/stm32cubeide/plugins/com.st.stm32cube.ide.mcu.externaltools.gnu-tools-for-stm32.10.3-2021.10.win32_1.0.0.202111181127/tools/bin/../lib/gcc/arm-none-eabi/10.3.1/thumb/v7-m/nofp/crtbegin.o
 .text          0x000000000800014c       0xc0 D:\raydio103\raydio103\Drivers\CMSIS\Lib\GCC\libarm_cortexM3l_math.a(arm_bitreversal2.o)
                0x000000000800014c                arm_bitreversal_32
                0x00000000080001b6                arm_bitreversal_16
 .text          0x000000000800020c      0x254 d:/st/stm32cubeide_1.6.1/stm32cubeide/plugins/com.st.stm32cube.ide.mcu.externaltools.gnu-tools-for-stm32.10.3-2021.10.win32_1.0.0.202111181127/tools/bin/../lib/gcc/arm-none-eabi/10.3.1/thumb/v7-m/nofp\libgcc.a(_arm_muldf3.o)
                0x000000000800020c                __muldf3
                0x000000000800020c                __aeabi_dmul
 .text          0x0000000008000460      0x378 d:/st/stm32cubeide_1.6.1/stm32cubeide/plugins/com.st.stm32cube.ide.mcu.externaltools.gnu-tools-for-stm32.10.3-2021.10.win32_1.0.0.202111181127/tools/bin/../lib/gcc/arm-none-eabi/10.3.1/thumb/v7-m/nofp\libgcc.a(_arm_addsubdf3.o)
                0x0000000008000460                __aeabi_drsub
                0x0000000008000468                __aeabi_dsub
                0x0000000008000468                __subdf3
                0x000000000800046c                __aeabi_dadd
                0x000000000800046c                __adddf3
                0x00000000080006e4                __floatunsidf
                0x00000000080006e4                __aeabi_ui2d
                0x0000000008000704                __floatsidf
                0x0000000008000704                __aeabi_i2d
                0x0000000008000728                __aeabi_f2d
                0x0000000008000728                __extendsfdf2
                0x000000000800076c                __floatundidf
                0x000000000800076c                __aeabi_ul2d
                0x000000000800077c                __floatdidf
                0x000000000800077c                __aeabi_l2d
 .text          0x00000000080007d8       0xa0 d:/st/stm32cubeide_1.6.1/stm32cubeide/plugins/com.st.stm32cube.ide.mcu.externaltools.gnu-tools-for-stm32.10.3-2021.10.win32_1.0.0.202111181127/tools/bin/../lib/gcc/arm-none-eabi/10.3.1/thumb/v7-m/nofp\libgcc.a(_arm_truncdfsf2.o)
                0x00000000080007d8                __truncdfsf2
                0x00000000080007d8                __aeabi_d2f
 .text          0x0000000008000878      0x21c d:/st/stm32cubeide_1.6.1/stm32cubeide/plugins/com.st.stm32cube.ide.mcu.externaltools.gnu-tools-for-stm32.10.3-2021.10.win32_1.0.0.202111181127/tools/bin/../lib/gcc/arm-none-eabi/10.3.1/thumb/v7-m/nofp\libgcc.a(_arm_addsubsf3.o)
                0x0000000008000878                __aeabi_frsub
                0x0000000008000880                __subsf3
                0x0000000008000880                __aeabi_fsub
                0x0000000008000884                __aeabi_fadd
                0x0000000008000884                __addsf3
                0x00000000080009e4                __aeabi_ui2f
                0x00000000080009e4                __floatunsisf
                0x00000000080009ec                __aeabi_i2f
                0x00000000080009ec                __floatsisf
                0x0000000008000a08                __aeabi_ul2f
                0x0000000008000a08                __floatundisf
                0x0000000008000a18                __aeabi_l2f
                0x0000000008000a18                __floatdisf
 .text          0x0000000008000a94      0x2a0 d:/st/stm32cubeide_1.6.1/stm32cubeide/plugins/com.st.stm32cube.ide.mcu.externaltools.gnu-tools-for-stm32.10.3-2021.10.win32_1.0.0.202111181127/tools/bin/../lib/gcc/arm-none-eabi/10.3.1/thumb/v7-m/nofp\libgcc.a(_arm_muldivsf3.o)
                0x0000000008000a94                __mulsf3
                0x0000000008000a94                __aeabi_fmul
                0x0000000008000bfc                __aeabi_fdiv
                0x0000000008000bfc                __divsf3
 .text          0x0000000008000d34       0x4c d:/st/stm32cubeide_1.6.1/stm32cubeide/plugins/com.st.stm32cube.ide.mcu.externaltools.gnu-tools-for-stm32.10.3-2021.10.win32_1.0.0.202111181127/tools/bin/../lib/gcc/arm-none-eabi/10.3.1/thumb/v7-m/nofp\libgcc.a(_arm_fixsfsi.o)
                0x0000000008000d34                __aeabi_f2iz
                0x0000000008000d34                __fixsfsi
 *(.text*)
 .text.everythingElse
                0x0000000008000d80       0x10 ./Core/Src/main.o
                0x0000000008000d80                everythingElse
 .text.SystemClock_Config
                0x0000000008000d90       0x7a ./Core/Src/main.o
                0x0000000008000d90                SystemClock_Config
 *fill*         0x0000000008000e0a        0x2 
 .text.startup.main
                0x0000000008000e0c      0x440 ./Core/Src/main.o
                0x0000000008000e0c                main
 .text.Error_Handler
                0x000000000800124c        0x4 ./Core/Src/main.o
                0x000000000800124c                Error_Handler
 .text.HAL_MspInit
                0x0000000008001250       0x44 ./Core/Src/stm32f1xx_hal_msp.o
                0x0000000008001250                HAL_MspInit
 .text.HAL_ADC_MspInit
                0x0000000008001294       0xe0 ./Core/Src/stm32f1xx_hal_msp.o
                0x0000000008001294                HAL_ADC_MspInit
 .text.HAL_I2C_MspInit
                0x0000000008001374       0x64 ./Core/Src/stm32f1xx_hal_msp.o
                0x0000000008001374                HAL_I2C_MspInit
 .text.HAL_SPI_MspInit
                0x00000000080013d8       0x84 ./Core/Src/stm32f1xx_hal_msp.o
                0x00000000080013d8                HAL_SPI_MspInit
 .text.HAL_TIM_Base_MspInit
                0x000000000800145c      0x104 ./Core/Src/stm32f1xx_hal_msp.o
                0x000000000800145c                HAL_TIM_Base_MspInit
 .text.HAL_TIM_MspPostInit
                0x0000000008001560       0x50 ./Core/Src/stm32f1xx_hal_msp.o
                0x0000000008001560                HAL_TIM_MspPostInit
 .text.HAL_UART_MspInit
                0x00000000080015b0       0x94 ./Core/Src/stm32f1xx_hal_msp.o
                0x00000000080015b0                HAL_UART_MspInit
 .text.NMI_Handler
                0x0000000008001644        0x2 ./Core/Src/stm32f1xx_it.o
                0x0000000008001644                NMI_Handler
 .text.HardFault_Handler
                0x0000000008001646        0x2 ./Core/Src/stm32f1xx_it.o
                0x0000000008001646                HardFault_Handler
 .text.MemManage_Handler
                0x0000000008001648        0x2 ./Core/Src/stm32f1xx_it.o
                0x0000000008001648                MemManage_Handler
 .text.BusFault_Handler
                0x000000000800164a        0x2 ./Core/Src/stm32f1xx_it.o
                0x000000000800164a                BusFault_Handler
 .text.UsageFault_Handler
                0x000000000800164c        0x2 ./Core/Src/stm32f1xx_it.o
                0x000000000800164c                UsageFault_Handler
 .text.SVC_Handler
                0x000000000800164e        0x2 ./Core/Src/stm32f1xx_it.o
                0x000000000800164e                SVC_Handler
 .text.DebugMon_Handler
                0x0000000008001650        0x2 ./Core/Src/stm32f1xx_it.o
                0x0000000008001650                DebugMon_Handler
 .text.PendSV_Handler
                0x0000000008001652        0x2 ./Core/Src/stm32f1xx_it.o
                0x0000000008001652                PendSV_Handler
 .text.SysTick_Handler
                0x0000000008001654        0x4 ./Core/Src/stm32f1xx_it.o
                0x0000000008001654                SysTick_Handler
 .text.DMA1_Channel1_IRQHandler
                0x0000000008001658        0xc ./Core/Src/stm32f1xx_it.o
                0x0000000008001658                DMA1_Channel1_IRQHandler
 .text.DMA1_Channel2_IRQHandler
                0x0000000008001664        0xc ./Core/Src/stm32f1xx_it.o
                0x0000000008001664                DMA1_Channel2_IRQHandler
 .text.DMA1_Channel4_IRQHandler
                0x0000000008001670        0xc ./Core/Src/stm32f1xx_it.o
                0x0000000008001670                DMA1_Channel4_IRQHandler
 .text.DMA1_Channel6_IRQHandler
                0x000000000800167c        0xc ./Core/Src/stm32f1xx_it.o
                0x000000000800167c                DMA1_Channel6_IRQHandler
 .text.USART1_IRQHandler
                0x0000000008001688        0xc ./Core/Src/stm32f1xx_it.o
                0x0000000008001688                USART1_IRQHandler
 .text.SystemInit
                0x0000000008001694        0x2 ./Core/Src/system_stm32f1xx.o
                0x0000000008001694                SystemInit
 *fill*         0x0000000008001696        0x2 
 .text.Reset_Handler
                0x0000000008001698       0x48 ./Core/Startup/startup_stm32f103c8tx.o
                0x0000000008001698                Reset_Handler
 .text.Default_Handler
                0x00000000080016e0        0x2 ./Core/Startup/startup_stm32f103c8tx.o
                0x00000000080016e0                RTC_Alarm_IRQHandler
                0x00000000080016e0                EXTI2_IRQHandler
                0x00000000080016e0                TIM1_CC_IRQHandler
                0x00000000080016e0                PVD_IRQHandler
                0x00000000080016e0                EXTI3_IRQHandler
                0x00000000080016e0                EXTI0_IRQHandler
                0x00000000080016e0                I2C2_EV_IRQHandler
                0x00000000080016e0                ADC1_2_IRQHandler
                0x00000000080016e0                SPI1_IRQHandler
                0x00000000080016e0                TAMPER_IRQHandler
                0x00000000080016e0                USART3_IRQHandler
                0x00000000080016e0                RTC_IRQHandler
                0x00000000080016e0                DMA1_Channel7_IRQHandler
                0x00000000080016e0                CAN1_RX1_IRQHandler
                0x00000000080016e0                TIM4_IRQHandler
                0x00000000080016e0                I2C1_EV_IRQHandler
                0x00000000080016e0                TIM3_IRQHandler
                0x00000000080016e0                RCC_IRQHandler
                0x00000000080016e0                TIM1_TRG_COM_IRQHandler
                0x00000000080016e0                Default_Handler
                0x00000000080016e0                EXTI15_10_IRQHandler
                0x00000000080016e0                EXTI9_5_IRQHandler
                0x00000000080016e0                SPI2_IRQHandler
                0x00000000080016e0                DMA1_Channel5_IRQHandler
                0x00000000080016e0                EXTI4_IRQHandler
                0x00000000080016e0                USB_LP_CAN1_RX0_IRQHandler
                0x00000000080016e0                USB_HP_CAN1_TX_IRQHandler
                0x00000000080016e0                DMA1_Channel3_IRQHandler
                0x00000000080016e0                TIM1_UP_IRQHandler
                0x00000000080016e0                WWDG_IRQHandler
                0x00000000080016e0                TIM2_IRQHandler
                0x00000000080016e0                TIM1_BRK_IRQHandler
                0x00000000080016e0                EXTI1_IRQHandler
                0x00000000080016e0                USART2_IRQHandler
                0x00000000080016e0                I2C2_ER_IRQHandler
                0x00000000080016e0                CAN1_SCE_IRQHandler
                0x00000000080016e0                FLASH_IRQHandler
                0x00000000080016e0                I2C1_ER_IRQHandler
                0x00000000080016e0                USBWakeUp_IRQHandler
 *fill*         0x00000000080016e2        0x2 
 .text.HAL_InitTick
                0x00000000080016e4       0x48 ./Drivers/STM32F1xx_HAL_Driver/Src/stm32f1xx_hal.o
                0x00000000080016e4                HAL_InitTick
 .text.HAL_Init
                0x000000000800172c       0x24 ./Drivers/STM32F1xx_HAL_Driver/Src/stm32f1xx_hal.o
                0x000000000800172c                HAL_Init
 .text.HAL_IncTick
                0x0000000008001750       0x18 ./Drivers/STM32F1xx_HAL_Driver/Src/stm32f1xx_hal.o
                0x0000000008001750                HAL_IncTick
 .text.HAL_GetTick
                0x0000000008001768        0xc ./Drivers/STM32F1xx_HAL_Driver/Src/stm32f1xx_hal.o
                0x0000000008001768                HAL_GetTick
 .text.HAL_Delay
                0x0000000008001774       0x24 ./Drivers/STM32F1xx_HAL_Driver/Src/stm32f1xx_hal.o
                0x0000000008001774                HAL_Delay
 .text.ADC_DMAConvCplt
                0x0000000008001798       0x4e ./Drivers/STM32F1xx_HAL_Driver/Src/stm32f1xx_hal_adc.o
                0x0000000008001798                ADC_DMAConvCplt
 .text.ADC_DMAHalfConvCplt
                0x00000000080017e6        0xa ./Drivers/STM32F1xx_HAL_Driver/Src/stm32f1xx_hal_adc.o
                0x00000000080017e6                ADC_DMAHalfConvCplt
 .text.HAL_ADC_ErrorCallback
                0x00000000080017f0        0x2 ./Drivers/STM32F1xx_HAL_Driver/Src/stm32f1xx_hal_adc.o
                0x00000000080017f0                HAL_ADC_ErrorCallback
 .text.ADC_DMAError
                0x00000000080017f2       0x1a ./Drivers/STM32F1xx_HAL_Driver/Src/stm32f1xx_hal_adc.o
                0x00000000080017f2                ADC_DMAError
 .text.HAL_ADC_ConfigChannel
                0x000000000800180c       0xfc ./Drivers/STM32F1xx_HAL_Driver/Src/stm32f1xx_hal_adc.o
                0x000000000800180c                HAL_ADC_ConfigChannel
 .text.ADC_Enable
                0x0000000008001908       0x78 ./Drivers/STM32F1xx_HAL_Driver/Src/stm32f1xx_hal_adc.o
                0x0000000008001908                ADC_Enable
 .text.HAL_ADC_Start_DMA
                0x0000000008001980      0x11c ./Drivers/STM32F1xx_HAL_Driver/Src/stm32f1xx_hal_adc.o
                0x0000000008001980                HAL_ADC_Start_DMA
 .text.ADC_ConversionStop_Disable
                0x0000000008001a9c       0x4c ./Drivers/STM32F1xx_HAL_Driver/Src/stm32f1xx_hal_adc.o
                0x0000000008001a9c                ADC_ConversionStop_Disable
 .text.HAL_ADC_Init
                0x0000000008001ae8       0xfc ./Drivers/STM32F1xx_HAL_Driver/Src/stm32f1xx_hal_adc.o
                0x0000000008001ae8                HAL_ADC_Init
 .text.HAL_NVIC_SetPriorityGrouping
                0x0000000008001be4       0x24 ./Drivers/STM32F1xx_HAL_Driver/Src/stm32f1xx_hal_cortex.o
                0x0000000008001be4                HAL_NVIC_SetPriorityGrouping
 .text.HAL_NVIC_SetPriority
                0x0000000008001c08       0x64 ./Drivers/STM32F1xx_HAL_Driver/Src/stm32f1xx_hal_cortex.o
                0x0000000008001c08                HAL_NVIC_SetPriority
 .text.HAL_NVIC_EnableIRQ
                0x0000000008001c6c       0x1c ./Drivers/STM32F1xx_HAL_Driver/Src/stm32f1xx_hal_cortex.o
                0x0000000008001c6c                HAL_NVIC_EnableIRQ
 .text.HAL_SYSTICK_Config
                0x0000000008001c88       0x28 ./Drivers/STM32F1xx_HAL_Driver/Src/stm32f1xx_hal_cortex.o
                0x0000000008001c88                HAL_SYSTICK_Config
 .text.HAL_DMA_Init
                0x0000000008001cb0       0x5c ./Drivers/STM32F1xx_HAL_Driver/Src/stm32f1xx_hal_dma.o
                0x0000000008001cb0                HAL_DMA_Init
 .text.HAL_DMA_Start_IT
                0x0000000008001d0c       0x78 ./Drivers/STM32F1xx_HAL_Driver/Src/stm32f1xx_hal_dma.o
                0x0000000008001d0c                HAL_DMA_Start_IT
 .text.HAL_DMA_Abort
                0x0000000008001d84       0x3c ./Drivers/STM32F1xx_HAL_Driver/Src/stm32f1xx_hal_dma.o
                0x0000000008001d84                HAL_DMA_Abort
 .text.HAL_DMA_Abort_IT
                0x0000000008001dc0       0x8c ./Drivers/STM32F1xx_HAL_Driver/Src/stm32f1xx_hal_dma.o
                0x0000000008001dc0                HAL_DMA_Abort_IT
 .text.HAL_DMA_IRQHandler
                0x0000000008001e4c      0x124 ./Drivers/STM32F1xx_HAL_Driver/Src/stm32f1xx_hal_dma.o
                0x0000000008001e4c                HAL_DMA_IRQHandler
 .text.HAL_GPIO_Init
                0x0000000008001f70      0x1b4 ./Drivers/STM32F1xx_HAL_Driver/Src/stm32f1xx_hal_gpio.o
                0x0000000008001f70                HAL_GPIO_Init
 .text.HAL_GPIO_WritePin
                0x0000000008002124        0xa ./Drivers/STM32F1xx_HAL_Driver/Src/stm32f1xx_hal_gpio.o
                0x0000000008002124                HAL_GPIO_WritePin
 *fill*         0x000000000800212e        0x2 
 .text.HAL_I2C_Init
                0x0000000008002130      0x150 ./Drivers/STM32F1xx_HAL_Driver/Src/stm32f1xx_hal_i2c.o
                0x0000000008002130                HAL_I2C_Init
 .text.HAL_RCC_OscConfig
                0x0000000008002280      0x338 ./Drivers/STM32F1xx_HAL_Driver/Src/stm32f1xx_hal_rcc.o
                0x0000000008002280                HAL_RCC_OscConfig
 .text.HAL_RCC_GetSysClockFreq
                0x00000000080025b8       0x74 ./Drivers/STM32F1xx_HAL_Driver/Src/stm32f1xx_hal_rcc.o
                0x00000000080025b8                HAL_RCC_GetSysClockFreq
 .text.HAL_RCC_ClockConfig
                0x000000000800262c      0x138 ./Drivers/STM32F1xx_HAL_Driver/Src/stm32f1xx_hal_rcc.o
                0x000000000800262c                HAL_RCC_ClockConfig
 .text.HAL_RCC_GetPCLK1Freq
                0x0000000008002764       0x20 ./Drivers/STM32F1xx_HAL_Driver/Src/stm32f1xx_hal_rcc.o
                0x0000000008002764                HAL_RCC_GetPCLK1Freq
 .text.HAL_RCC_GetPCLK2Freq
                0x0000000008002784       0x20 ./Drivers/STM32F1xx_HAL_Driver/Src/stm32f1xx_hal_rcc.o
                0x0000000008002784                HAL_RCC_GetPCLK2Freq
 .text.HAL_RCCEx_PeriphCLKConfig
                0x00000000080027a4       0xf4 ./Drivers/STM32F1xx_HAL_Driver/Src/stm32f1xx_hal_rcc_ex.o
                0x00000000080027a4                HAL_RCCEx_PeriphCLKConfig
 .text.SPI_WaitFlagStateUntilTimeout.constprop.0
                0x0000000008002898       0xac ./Drivers/STM32F1xx_HAL_Driver/Src/stm32f1xx_hal_spi.o
 .text.SPI_EndRxTxTransaction
                0x0000000008002944       0x1c ./Drivers/STM32F1xx_HAL_Driver/Src/stm32f1xx_hal_spi.o
 .text.HAL_SPI_Init
                0x0000000008002960       0xb0 ./Drivers/STM32F1xx_HAL_Driver/Src/stm32f1xx_hal_spi.o
                0x0000000008002960                HAL_SPI_Init
 .text.HAL_SPI_Transmit
                0x0000000008002a10      0x15a ./Drivers/STM32F1xx_HAL_Driver/Src/stm32f1xx_hal_spi.o
                0x0000000008002a10                HAL_SPI_Transmit
 .text.HAL_SPI_TransmitReceive
                0x0000000008002b6a      0x1e8 ./Drivers/STM32F1xx_HAL_Driver/Src/stm32f1xx_hal_spi.o
                0x0000000008002b6a                HAL_SPI_TransmitReceive
 *fill*         0x0000000008002d52        0x2 
 .text.TIM_OC1_SetConfig
                0x0000000008002d54       0x50 ./Drivers/STM32F1xx_HAL_Driver/Src/stm32f1xx_hal_tim.o
 .text.TIM_OC3_SetConfig
                0x0000000008002da4       0x54 ./Drivers/STM32F1xx_HAL_Driver/Src/stm32f1xx_hal_tim.o
 .text.TIM_OC4_SetConfig
                0x0000000008002df8       0x44 ./Drivers/STM32F1xx_HAL_Driver/Src/stm32f1xx_hal_tim.o
 .text.HAL_TIM_Base_Start
                0x0000000008002e3c       0x4c ./Drivers/STM32F1xx_HAL_Driver/Src/stm32f1xx_hal_tim.o
                0x0000000008002e3c                HAL_TIM_Base_Start
 .text.HAL_TIM_PWM_MspInit
                0x0000000008002e88        0x2 ./Drivers/STM32F1xx_HAL_Driver/Src/stm32f1xx_hal_tim.o
                0x0000000008002e88                HAL_TIM_PWM_MspInit
 .text.TIM_DMADelayPulseCplt
                0x0000000008002e8a       0x6a ./Drivers/STM32F1xx_HAL_Driver/Src/stm32f1xx_hal_tim.o
 .text.TIM_DMADelayPulseHalfCplt
                0x0000000008002ef4       0x38 ./Drivers/STM32F1xx_HAL_Driver/Src/stm32f1xx_hal_tim.o
                0x0000000008002ef4                TIM_DMADelayPulseHalfCplt
 .text.HAL_TIM_ErrorCallback
                0x0000000008002f2c        0x2 ./Drivers/STM32F1xx_HAL_Driver/Src/stm32f1xx_hal_tim.o
                0x0000000008002f2c                HAL_TIM_ErrorCallback
 .text.TIM_DMAError
                0x0000000008002f2e       0x58 ./Drivers/STM32F1xx_HAL_Driver/Src/stm32f1xx_hal_tim.o
                0x0000000008002f2e                TIM_DMAError
 *fill*         0x0000000008002f86        0x2 
 .text.TIM_Base_SetConfig
                0x0000000008002f88       0x70 ./Drivers/STM32F1xx_HAL_Driver/Src/stm32f1xx_hal_tim.o
                0x0000000008002f88                TIM_Base_SetConfig
 .text.HAL_TIM_Base_Init
                0x0000000008002ff8       0x58 ./Drivers/STM32F1xx_HAL_Driver/Src/stm32f1xx_hal_tim.o
                0x0000000008002ff8                HAL_TIM_Base_Init
 .text.HAL_TIM_PWM_Init
                0x0000000008003050       0x58 ./Drivers/STM32F1xx_HAL_Driver/Src/stm32f1xx_hal_tim.o
                0x0000000008003050                HAL_TIM_PWM_Init
 .text.TIM_OC2_SetConfig
                0x00000000080030a8       0x58 ./Drivers/STM32F1xx_HAL_Driver/Src/stm32f1xx_hal_tim.o
                0x00000000080030a8                TIM_OC2_SetConfig
 .text.HAL_TIM_PWM_ConfigChannel
                0x0000000008003100       0xb6 ./Drivers/STM32F1xx_HAL_Driver/Src/stm32f1xx_hal_tim.o
                0x0000000008003100                HAL_TIM_PWM_ConfigChannel
 .text.TIM_ETR_SetConfig
                0x00000000080031b6       0x14 ./Drivers/STM32F1xx_HAL_Driver/Src/stm32f1xx_hal_tim.o
                0x00000000080031b6                TIM_ETR_SetConfig
 .text.HAL_TIM_ConfigClockSource
                0x00000000080031ca      0x128 ./Drivers/STM32F1xx_HAL_Driver/Src/stm32f1xx_hal_tim.o
                0x00000000080031ca                HAL_TIM_ConfigClockSource
 .text.TIM_SlaveTimer_SetConfig
                0x00000000080032f2       0xa4 ./Drivers/STM32F1xx_HAL_Driver/Src/stm32f1xx_hal_tim.o
 .text.HAL_TIM_SlaveConfigSynchro
                0x0000000008003396       0x4e ./Drivers/STM32F1xx_HAL_Driver/Src/stm32f1xx_hal_tim.o
                0x0000000008003396                HAL_TIM_SlaveConfigSynchro
 .text.TIM_CCxChannelCmd
                0x00000000080033e4       0x1c ./Drivers/STM32F1xx_HAL_Driver/Src/stm32f1xx_hal_tim.o
                0x00000000080033e4                TIM_CCxChannelCmd
 .text.HAL_TIM_OC_Start
                0x0000000008003400       0xa4 ./Drivers/STM32F1xx_HAL_Driver/Src/stm32f1xx_hal_tim.o
                0x0000000008003400                HAL_TIM_OC_Start
 .text.HAL_TIM_PWM_Start
                0x00000000080034a4        0x4 ./Drivers/STM32F1xx_HAL_Driver/Src/stm32f1xx_hal_tim.o
                0x00000000080034a4                HAL_TIM_PWM_Start
 .text.HAL_TIM_OC_Start_DMA
                0x00000000080034a8      0x190 ./Drivers/STM32F1xx_HAL_Driver/Src/stm32f1xx_hal_tim.o
                0x00000000080034a8                HAL_TIM_OC_Start_DMA
 .text.HAL_TIM_PWM_Start_DMA
                0x0000000008003638        0x4 ./Drivers/STM32F1xx_HAL_Driver/Src/stm32f1xx_hal_tim.o
                0x0000000008003638                HAL_TIM_PWM_Start_DMA
 .text.HAL_TIMEx_MasterConfigSynchronization
                0x000000000800363c       0x5c ./Drivers/STM32F1xx_HAL_Driver/Src/stm32f1xx_hal_tim_ex.o
                0x000000000800363c                HAL_TIMEx_MasterConfigSynchronization
 .text.HAL_TIMEx_ConfigBreakDeadTime
                0x0000000008003698       0x4c ./Drivers/STM32F1xx_HAL_Driver/Src/stm32f1xx_hal_tim_ex.o
                0x0000000008003698                HAL_TIMEx_ConfigBreakDeadTime
 .text.UART_EndRxTransfer
                0x00000000080036e4       0x2c ./Drivers/STM32F1xx_HAL_Driver/Src/stm32f1xx_hal_uart.o
 .text.UART_SetConfig
                0x0000000008003710       0x74 ./Drivers/STM32F1xx_HAL_Driver/Src/stm32f1xx_hal_uart.o
 .text.HAL_UART_Init
                0x0000000008003784       0x5c ./Drivers/STM32F1xx_HAL_Driver/Src/stm32f1xx_hal_uart.o
                0x0000000008003784                HAL_UART_Init
 .text.HAL_UART_TxCpltCallback
                0x00000000080037e0        0x2 ./Drivers/STM32F1xx_HAL_Driver/Src/stm32f1xx_hal_uart.o
                0x00000000080037e0                HAL_UART_TxCpltCallback
 .text.HAL_UART_RxCpltCallback
                0x00000000080037e2        0x2 ./Drivers/STM32F1xx_HAL_Driver/Src/stm32f1xx_hal_uart.o
                0x00000000080037e2                HAL_UART_RxCpltCallback
 .text.HAL_UART_ErrorCallback
                0x00000000080037e4        0x2 ./Drivers/STM32F1xx_HAL_Driver/Src/stm32f1xx_hal_uart.o
                0x00000000080037e4                HAL_UART_ErrorCallback
 .text.UART_DMAAbortOnError
                0x00000000080037e6       0x10 ./Drivers/STM32F1xx_HAL_Driver/Src/stm32f1xx_hal_uart.o
 .text.HAL_UARTEx_RxEventCallback
                0x00000000080037f6        0x2 ./Drivers/STM32F1xx_HAL_Driver/Src/stm32f1xx_hal_uart.o
                0x00000000080037f6                HAL_UARTEx_RxEventCallback
 .text.UART_Receive_IT.part.0.isra.0
                0x00000000080037f8       0x98 ./Drivers/STM32F1xx_HAL_Driver/Src/stm32f1xx_hal_uart.o
 .text.HAL_UART_IRQHandler
                0x0000000008003890      0x210 ./Drivers/STM32F1xx_HAL_Driver/Src/stm32f1xx_hal_uart.o
                0x0000000008003890                HAL_UART_IRQHandler
 .text.expanderSelect
                0x0000000008003aa0       0x10 ./raydio103/drivers/mcp23s17.o
                0x0000000008003aa0                expanderSelect
 .text.expanderDeselect
                0x0000000008003ab0       0x10 ./raydio103/drivers/mcp23s17.o
                0x0000000008003ab0                expanderDeselect
 .text.expanderReadReg
                0x0000000008003ac0       0x4c ./raydio103/drivers/mcp23s17.o
                0x0000000008003ac0                expanderReadReg
 .text.expanderWriteReg
                0x0000000008003b0c       0x30 ./raydio103/drivers/mcp23s17.o
                0x0000000008003b0c                expanderWriteReg
 .text.expanderInit
                0x0000000008003b3c       0x4c ./raydio103/drivers/mcp23s17.o
                0x0000000008003b3c                expanderInit
 .text.agcPrasolovFloat
                0x0000000008003b88       0xe0 ./raydio103/src/agc.o
                0x0000000008003b88                agcPrasolovFloat
 .text.softClip
                0x0000000008003c68       0x58 ./raydio103/src/audio.o
                0x0000000008003c68                softClip
 .text.dspInit  0x0000000008003cc0       0x68 ./raydio103/src/dsp.o
                0x0000000008003cc0                dspInit
 .text.dspStart
                0x0000000008003d28       0x40 ./raydio103/src/dsp.o
                0x0000000008003d28                dspStart
 .text.dspPrepareInput
                0x0000000008003d68       0x50 ./raydio103/src/dsp.o
                0x0000000008003d68                dspPrepareInput
 .text.dspPrepareOutput
                0x0000000008003db8       0x3c ./raydio103/src/dsp.o
                0x0000000008003db8                dspPrepareOutput
 .text.dspProc  0x0000000008003df4       0x70 ./raydio103/src/dsp.o
                0x0000000008003df4                dspProc
 .text.HAL_ADC_ConvHalfCpltCallback
                0x0000000008003e64        0x2 ./raydio103/src/dsp.o
                0x0000000008003e64                HAL_ADC_ConvHalfCpltCallback
 .text.HAL_ADC_ConvCpltCallback
                0x0000000008003e66        0x2 ./raydio103/src/dsp.o
                0x0000000008003e66                HAL_ADC_ConvCpltCallback
 .text.HAL_TIM_PWM_PulseFinishedHalfCpltCallback
                0x0000000008003e68       0x30 ./raydio103/src/dsp.o
                0x0000000008003e68                HAL_TIM_PWM_PulseFinishedHalfCpltCallback
 .text.HAL_TIM_PWM_PulseFinishedCallback
                0x0000000008003e98       0x30 ./raydio103/src/dsp.o
                0x0000000008003e98                HAL_TIM_PWM_PulseFinishedCallback
 .text.fftInit  0x0000000008003ec8        0x2 ./raydio103/src/fft.o
                0x0000000008003ec8                fftInit
 *fill*         0x0000000008003eca        0x2 
 .text.fftProcess
                0x0000000008003ecc       0x4c ./raydio103/src/fft.o
                0x0000000008003ecc                fftProcess
 .text.firInit  0x0000000008003f18        0x2 ./raydio103/src/fir.o
                0x0000000008003f18                firInit
 *fill*         0x0000000008003f1a        0x2 
 .text.arm_copy_q31
                0x0000000008003f1c       0x68 D:\raydio103\raydio103\Drivers\CMSIS\Lib\GCC\libarm_cortexM3l_math.a(arm_copy_q31.o)
                0x0000000008003f1c                arm_copy_q31
 .text.arm_cfft_radix4by2_q31
                0x0000000008003f84      0x140 D:\raydio103\raydio103\Drivers\CMSIS\Lib\GCC\libarm_cortexM3l_math.a(arm_cfft_q31.o)
                0x0000000008003f84                arm_cfft_radix4by2_q31
 .text.arm_cfft_radix4by2_inverse_q31
                0x00000000080040c4      0x14c D:\raydio103\raydio103\Drivers\CMSIS\Lib\GCC\libarm_cortexM3l_math.a(arm_cfft_q31.o)
                0x00000000080040c4                arm_cfft_radix4by2_inverse_q31
 .text.arm_cfft_q31
                0x0000000008004210       0xbc D:\raydio103\raydio103\Drivers\CMSIS\Lib\GCC\libarm_cortexM3l_math.a(arm_cfft_q31.o)
                0x0000000008004210                arm_cfft_q31
 .text.arm_radix4_butterfly_q31
                0x00000000080042cc      0x41c D:\raydio103\raydio103\Drivers\CMSIS\Lib\GCC\libarm_cortexM3l_math.a(arm_cfft_radix4_q31.o)
                0x00000000080042cc                arm_radix4_butterfly_q31
 .text.arm_radix4_butterfly_inverse_q31
                0x00000000080046e8      0x404 D:\raydio103\raydio103\Drivers\CMSIS\Lib\GCC\libarm_cortexM3l_math.a(arm_cfft_radix4_q31.o)
                0x00000000080046e8                arm_radix4_butterfly_inverse_q31
 .text.arm_fir_init_q31
                0x0000000008004aec       0x24 D:\raydio103\raydio103\Drivers\CMSIS\Lib\GCC\libarm_cortexM3l_math.a(arm_fir_init_q31.o)
                0x0000000008004aec                arm_fir_init_q31
 .text.arm_fir_decimate_q31
                0x0000000008004b10      0x178 D:\raydio103\raydio103\Drivers\CMSIS\Lib\GCC\libarm_cortexM3l_math.a(arm_fir_decimate_q31.o)
                0x0000000008004b10                arm_fir_decimate_q31
 .text.arm_fir_decimate_init_q31
                0x0000000008004c88       0x38 D:\raydio103\raydio103\Drivers\CMSIS\Lib\GCC\libarm_cortexM3l_math.a(arm_fir_decimate_init_q31.o)
                0x0000000008004c88                arm_fir_decimate_init_q31
 .text.arm_cmplx_mag_q31
                0x0000000008004cc0       0xf4 D:\raydio103\raydio103\Drivers\CMSIS\Lib\GCC\libarm_cortexM3l_math.a(arm_cmplx_mag_q31.o)
                0x0000000008004cc0                arm_cmplx_mag_q31
 .text.arm_sqrt_q31
                0x0000000008004db4       0xf8 D:\raydio103\raydio103\Drivers\CMSIS\Lib\GCC\libarm_cortexM3l_math.a(arm_sqrt_q31.o)
                0x0000000008004db4                arm_sqrt_q31
 .text.arm_sub_q31
                0x0000000008004eac      0x118 D:\raydio103\raydio103\Drivers\CMSIS\Lib\GCC\libarm_cortexM3l_math.a(arm_sub_q31.o)
                0x0000000008004eac                arm_sub_q31
 .text.arm_scale_q31
                0x0000000008004fc4      0x1ac D:\raydio103\raydio103\Drivers\CMSIS\Lib\GCC\libarm_cortexM3l_math.a(arm_scale_q31.o)
                0x0000000008004fc4                arm_scale_q31
 .text.arm_mult_q31
                0x0000000008005170       0xd0 D:\raydio103\raydio103\Drivers\CMSIS\Lib\GCC\libarm_cortexM3l_math.a(arm_mult_q31.o)
                0x0000000008005170                arm_mult_q31
 .text.__libc_init_array
                0x0000000008005240       0x48 d:/st/stm32cubeide_1.6.1/stm32cubeide/plugins/com.st.stm32cube.ide.mcu.externaltools.gnu-tools-for-stm32.10.3-2021.10.win32_1.0.0.202111181127/tools/bin/../lib/gcc/arm-none-eabi/10.3.1/../../../../arm-none-eabi/lib/thumb/v7-m/nofp\libc_nano.a(lib_a-init.o)
                0x0000000008005240                __libc_init_array
 .text.memset   0x0000000008005288       0x10 d:/st/stm32cubeide_1.6.1/stm32cubeide/plugins/com.st.stm32cube.ide.mcu.externaltools.gnu-tools-for-stm32.10.3-2021.10.win32_1.0.0.202111181127/tools/bin/../lib/gcc/arm-none-eabi/10.3.1/../../../../arm-none-eabi/lib/thumb/v7-m/nofp\libc_nano.a(lib_a-memset.o)
                0x0000000008005288                memset
 *(.glue_7)
 .glue_7        0x0000000008005298        0x0 linker stubs
 *(.glue_7t)
 .glue_7t       0x0000000008005298        0x0 linker stubs
 *(.eh_frame)
 .eh_frame      0x0000000008005298        0x0 d:/st/stm32cubeide_1.6.1/stm32cubeide/plugins/com.st.stm32cube.ide.mcu.externaltools.gnu-tools-for-stm32.10.3-2021.10.win32_1.0.0.202111181127/tools/bin/../lib/gcc/arm-none-eabi/10.3.1/thumb/v7-m/nofp/crtbegin.o
 *(.init)
 .init          0x0000000008005298        0x4 d:/st/stm32cubeide_1.6.1/stm32cubeide/plugins/com.st.stm32cube.ide.mcu.externaltools.gnu-tools-for-stm32.10.3-2021.10.win32_1.0.0.202111181127/tools/bin/../lib/gcc/arm-none-eabi/10.3.1/thumb/v7-m/nofp/crti.o
                0x0000000008005298                _init
 .init          0x000000000800529c        0x8 d:/st/stm32cubeide_1.6.1/stm32cubeide/plugins/com.st.stm32cube.ide.mcu.externaltools.gnu-tools-for-stm32.10.3-2021.10.win32_1.0.0.202111181127/tools/bin/../lib/gcc/arm-none-eabi/10.3.1/thumb/v7-m/nofp/crtn.o
 *(.fini)
 .fini          0x00000000080052a4        0x4 d:/st/stm32cubeide_1.6.1/stm32cubeide/plugins/com.st.stm32cube.ide.mcu.externaltools.gnu-tools-for-stm32.10.3-2021.10.win32_1.0.0.202111181127/tools/bin/../lib/gcc/arm-none-eabi/10.3.1/thumb/v7-m/nofp/crti.o
                0x00000000080052a4                _fini
 .fini          0x00000000080052a8        0x8 d:/st/stm32cubeide_1.6.1/stm32cubeide/plugins/com.st.stm32cube.ide.mcu.externaltools.gnu-tools-for-stm32.10.3-2021.10.win32_1.0.0.202111181127/tools/bin/../lib/gcc/arm-none-eabi/10.3.1/thumb/v7-m/nofp/crtn.o
                0x00000000080052b0                . = ALIGN (0x4)
                0x00000000080052b0                _etext = .

.vfp11_veneer   0x00000000080052b0        0x0
 .vfp11_veneer  0x00000000080052b0        0x0 linker stubs

.v4_bx          0x00000000080052b0        0x0
 .v4_bx         0x00000000080052b0        0x0 linker stubs

.iplt           0x00000000080052b0        0x0
 .iplt          0x00000000080052b0        0x0 d:/st/stm32cubeide_1.6.1/stm32cubeide/plugins/com.st.stm32cube.ide.mcu.externaltools.gnu-tools-for-stm32.10.3-2021.10.win32_1.0.0.202111181127/tools/bin/../lib/gcc/arm-none-eabi/10.3.1/thumb/v7-m/nofp/crtbegin.o

.rodata         0x00000000080052b0       0xb0
                0x00000000080052b0                . = ALIGN (0x4)
 *(.rodata)
 *(.rodata*)
 .rodata.AHBPrescTable
                0x00000000080052b0       0x10 ./Core/Src/system_stm32f1xx.o
                0x00000000080052b0                AHBPrescTable
 .rodata.APBPrescTable
                0x00000000080052c0        0x8 ./Core/Src/system_stm32f1xx.o
                0x00000000080052c0                APBPrescTable
 .rodata.HAL_RCC_GetSysClockFreq.str1.1
                0x00000000080052c8       0x11 ./Drivers/STM32F1xx_HAL_Driver/Src/stm32f1xx_hal_rcc.o
 .rodata.expanderReadReg.str1.1
                0x00000000080052d9        0x4 ./raydio103/drivers/mcp23s17.o
 *fill*         0x00000000080052dd        0x3 
 .rodata.firCoeffs
                0x00000000080052e0       0x80 ./raydio103/src/dsp.o
                0x00000000080052e0                firCoeffs
                0x0000000008005360                . = ALIGN (0x4)

.rel.dyn        0x0000000008005360        0x0
 .rel.iplt      0x0000000008005360        0x0 d:/st/stm32cubeide_1.6.1/stm32cubeide/plugins/com.st.stm32cube.ide.mcu.externaltools.gnu-tools-for-stm32.10.3-2021.10.win32_1.0.0.202111181127/tools/bin/../lib/gcc/arm-none-eabi/10.3.1/thumb/v7-m/nofp/crtbegin.o

.ARM.extab      0x0000000008005360        0x0
                0x0000000008005360                . = ALIGN (0x4)
 *(.ARM.extab* .gnu.linkonce.armextab.*)
                0x0000000008005360                . = ALIGN (0x4)

.ARM            0x0000000008005360        0x0
                0x0000000008005360                . = ALIGN (0x4)
                0x0000000008005360                __exidx_start = .
 *(.ARM.exidx*)
                0x0000000008005360                __exidx_end = .
                0x0000000008005360                . = ALIGN (0x4)

.preinit_array  0x0000000008005360        0x0
                0x0000000008005360                . = ALIGN (0x4)
                0x0000000008005360                PROVIDE (__preinit_array_start = .)
 *(.preinit_array*)
                0x0000000008005360                PROVIDE (__preinit_array_end = .)
                0x0000000008005360                . = ALIGN (0x4)

.init_array     0x0000000008005360        0x4
                0x0000000008005360                . = ALIGN (0x4)
                0x0000000008005360                PROVIDE (__init_array_start = .)
 *(SORT_BY_NAME(.init_array.*))
 *(.init_array*)
 .init_array    0x0000000008005360        0x4 d:/st/stm32cubeide_1.6.1/stm32cubeide/plugins/com.st.stm32cube.ide.mcu.externaltools.gnu-tools-for-stm32.10.3-2021.10.win32_1.0.0.202111181127/tools/bin/../lib/gcc/arm-none-eabi/10.3.1/thumb/v7-m/nofp/crtbegin.o
                0x0000000008005364                PROVIDE (__init_array_end = .)
                0x0000000008005364                . = ALIGN (0x4)

.fini_array     0x0000000008005364        0x4
                0x0000000008005364                . = ALIGN (0x4)
                [!provide]                        PROVIDE (__fini_array_start = .)
 *(SORT_BY_NAME(.fini_array.*))
 *(.fini_array*)
 .fini_array    0x0000000008005364        0x4 d:/st/stm32cubeide_1.6.1/stm32cubeide/plugins/com.st.stm32cube.ide.mcu.externaltools.gnu-tools-for-stm32.10.3-2021.10.win32_1.0.0.202111181127/tools/bin/../lib/gcc/arm-none-eabi/10.3.1/thumb/v7-m/nofp/crtbegin.o
                [!provide]                        PROVIDE (__fini_array_end = .)
                0x0000000008005368                . = ALIGN (0x4)
                0x0000000008005368                _sidata = LOADADDR (.data)

.data           0x0000000020000000       0x14 load address 0x0000000008005368
                0x0000000020000000                . = ALIGN (0x4)
                0x0000000020000000                _sdata = .
 *(.data)
 *(.data*)
 .data.SystemCoreClock
                0x0000000020000000        0x4 ./Core/Src/system_stm32f1xx.o
                0x0000000020000000                SystemCoreClock
 .data.uwTickFreq
                0x0000000020000004        0x1 ./Drivers/STM32F1xx_HAL_Driver/Src/stm32f1xx_hal.o
                0x0000000020000004                uwTickFreq
 *fill*         0x0000000020000005        0x3 
 .data.uwTickPrio
                0x0000000020000008        0x4 ./Drivers/STM32F1xx_HAL_Driver/Src/stm32f1xx_hal.o
                0x0000000020000008                uwTickPrio
 .data.FR       0x000000002000000c        0x4 ./raydio103/src/agc.o
                0x000000002000000c                FR
 .data.Falpha   0x0000000020000010        0x4 ./raydio103/src/agc.o
                0x0000000020000010                Falpha
 *(.RamFunc)
 *(.RamFunc*)
                0x0000000020000014                . = ALIGN (0x4)
                0x0000000020000014                _edata = .

.igot.plt       0x0000000020000014        0x0 load address 0x000000000800537c
 .igot.plt      0x0000000020000014        0x0 d:/st/stm32cubeide_1.6.1/stm32cubeide/plugins/com.st.stm32cube.ide.mcu.externaltools.gnu-tools-for-stm32.10.3-2021.10.win32_1.0.0.202111181127/tools/bin/../lib/gcc/arm-none-eabi/10.3.1/thumb/v7-m/nofp/crtbegin.o
                0x0000000020000014                . = ALIGN (0x4)

.bss            0x0000000020000014     0x1960 load address 0x000000000800537c
                0x0000000020000014                _sbss = .
                0x0000000020000014                __bss_start__ = _sbss
 *(.bss)
 .bss           0x0000000020000014       0x1c d:/st/stm32cubeide_1.6.1/stm32cubeide/plugins/com.st.stm32cube.ide.mcu.externaltools.gnu-tools-for-stm32.10.3-2021.10.win32_1.0.0.202111181127/tools/bin/../lib/gcc/arm-none-eabi/10.3.1/thumb/v7-m/nofp/crtbegin.o
 *(.bss*)
 .bss.elseDone  0x0000000020000030        0x1 ./Core/Src/main.o
                0x0000000020000030                elseDone
 *fill*         0x0000000020000031        0x3 
 .bss.hadc1     0x0000000020000034       0x30 ./Core/Src/main.o
                0x0000000020000034                hadc1
 .bss.hadc2     0x0000000020000064       0x30 ./Core/Src/main.o
                0x0000000020000064                hadc2
 .bss.hdma_adc1
                0x0000000020000094       0x44 ./Core/Src/main.o
                0x0000000020000094                hdma_adc1
 .bss.hdma_tim1_ch1
                0x00000000200000d8       0x44 ./Core/Src/main.o
                0x00000000200000d8                hdma_tim1_ch1
 .bss.hdma_tim1_ch3
                0x000000002000011c       0x44 ./Core/Src/main.o
                0x000000002000011c                hdma_tim1_ch3
 .bss.hdma_tim1_ch4_trig_com
                0x0000000020000160       0x44 ./Core/Src/main.o
                0x0000000020000160                hdma_tim1_ch4_trig_com
 .bss.hi2c2     0x00000000200001a4       0x54 ./Core/Src/main.o
                0x00000000200001a4                hi2c2
 .bss.hspi1     0x00000000200001f8       0x58 ./Core/Src/main.o
                0x00000000200001f8                hspi1
 .bss.htim1     0x0000000020000250       0x48 ./Core/Src/main.o
                0x0000000020000250                htim1
 .bss.htim2     0x0000000020000298       0x48 ./Core/Src/main.o
                0x0000000020000298                htim2
 .bss.huart1    0x00000000200002e0       0x44 ./Core/Src/main.o
                0x00000000200002e0                huart1
 .bss.uwTick    0x0000000020000324        0x4 ./Drivers/STM32F1xx_HAL_Driver/Src/stm32f1xx_hal.o
                0x0000000020000324                uwTick
 .bss.expanderOk
                0x0000000020000328        0x1 ./raydio103/drivers/mcp23s17.o
                0x0000000020000328                expanderOk
 *fill*         0x0000000020000329        0x3 
 .bss.FAn       0x000000002000032c        0x4 ./raydio103/src/agc.o
                0x000000002000032c                FAn
 .bss.dspInI    0x0000000020000330      0x200 ./raydio103/src/dsp.o
                0x0000000020000330                dspInI
 .bss.dspInQ    0x0000000020000530      0x200 ./raydio103/src/dsp.o
                0x0000000020000530                dspInQ
 .bss.dspOut    0x0000000020000730      0x200 ./raydio103/src/dsp.o
                0x0000000020000730                dspOut
 .bss.dspProcDone
                0x0000000020000930        0x1 ./raydio103/src/dsp.o
                0x0000000020000930                dspProcDone
 .bss.dspRingHalf
                0x0000000020000931        0x1 ./raydio103/src/dsp.o
                0x0000000020000931                dspRingHalf
 *fill*         0x0000000020000932        0x2 
 .bss.firInstanceDecI
                0x0000000020000934        0xc ./raydio103/src/dsp.o
                0x0000000020000934                firInstanceDecI
 .bss.firInstanceI
                0x0000000020000940        0xc ./raydio103/src/dsp.o
                0x0000000020000940                firInstanceI
 .bss.firInstanceQ
                0x000000002000094c        0xc ./raydio103/src/dsp.o
                0x000000002000094c                firInstanceQ
 .bss.firStateI
                0x0000000020000958      0x284 ./raydio103/src/dsp.o
 .bss.firStateQ
                0x0000000020000bdc      0x284 ./raydio103/src/dsp.o
 .bss.inBuf     0x0000000020000e60      0x400 ./raydio103/src/dsp.o
                0x0000000020000e60                inBuf
 .bss.outBuf    0x0000000020001260      0x200 ./raydio103/src/dsp.o
                0x0000000020001260                outBuf
 .bss.outStarted
                0x0000000020001460        0x4 ./raydio103/src/dsp.o
                0x0000000020001460                outStarted
 .bss.fftBuf    0x0000000020001464      0x400 ./raydio103/src/fft.o
                0x0000000020001464                fftBuf
 .bss.fftS      0x0000000020001864       0x10 ./raydio103/src/fft.o
                0x0000000020001864                fftS
 .bss.magnitudes
                0x0000000020001874      0x100 ./raydio103/src/fft.o
                0x0000000020001874                magnitudes
 *(COMMON)
                0x0000000020001974                . = ALIGN (0x4)
                0x0000000020001974                _ebss = .
                0x0000000020001974                __bss_end__ = _ebss

._user_heap_stack
                0x0000000020001974      0x604 load address 0x000000000800537c
                0x0000000020001978                . = ALIGN (0x8)
 *fill*         0x0000000020001974        0x4 
                [!provide]                        PROVIDE (end = .)
                0x0000000020001978                PROVIDE (_end = .)
                0x0000000020001b78                . = (. + _Min_Heap_Size)
 *fill*         0x0000000020001978      0x200 
                0x0000000020001f78                . = (. + _Min_Stack_Size)
 *fill*         0x0000000020001b78      0x400 
                0x0000000020001f78                . = ALIGN (0x8)

/DISCARD/
 libc.a(*)
 libm.a(*)
 libgcc.a(*)

.ARM.attributes
                0x0000000000000000       0x29
 *(.ARM.attributes)
 .ARM.attributes
                0x0000000000000000       0x1d d:/st/stm32cubeide_1.6.1/stm32cubeide/plugins/com.st.stm32cube.ide.mcu.externaltools.gnu-tools-for-stm32.10.3-2021.10.win32_1.0.0.202111181127/tools/bin/../lib/gcc/arm-none-eabi/10.3.1/thumb/v7-m/nofp/crti.o
 .ARM.attributes
                0x000000000000001d       0x2d d:/st/stm32cubeide_1.6.1/stm32cubeide/plugins/com.st.stm32cube.ide.mcu.externaltools.gnu-tools-for-stm32.10.3-2021.10.win32_1.0.0.202111181127/tools/bin/../lib/gcc/arm-none-eabi/10.3.1/thumb/v7-m/nofp/crtbegin.o
 .ARM.attributes
                0x000000000000004a       0x2d ./Core/Src/main.o
 .ARM.attributes
                0x0000000000000077       0x2d ./Core/Src/stm32f1xx_hal_msp.o
 .ARM.attributes
                0x00000000000000a4       0x2d ./Core/Src/stm32f1xx_it.o
 .ARM.attributes
                0x00000000000000d1       0x2d ./Core/Src/system_stm32f1xx.o
 .ARM.attributes
                0x00000000000000fe       0x21 ./Core/Startup/startup_stm32f103c8tx.o
 .ARM.attributes
                0x000000000000011f       0x2d ./Drivers/STM32F1xx_HAL_Driver/Src/stm32f1xx_hal.o
 .ARM.attributes
                0x000000000000014c       0x2d ./Drivers/STM32F1xx_HAL_Driver/Src/stm32f1xx_hal_adc.o
 .ARM.attributes
                0x0000000000000179       0x2d ./Drivers/STM32F1xx_HAL_Driver/Src/stm32f1xx_hal_cortex.o
 .ARM.attributes
                0x00000000000001a6       0x2d ./Drivers/STM32F1xx_HAL_Driver/Src/stm32f1xx_hal_dma.o
 .ARM.attributes
                0x00000000000001d3       0x2d ./Drivers/STM32F1xx_HAL_Driver/Src/stm32f1xx_hal_gpio.o
 .ARM.attributes
                0x0000000000000200       0x2d ./Drivers/STM32F1xx_HAL_Driver/Src/stm32f1xx_hal_i2c.o
 .ARM.attributes
                0x000000000000022d       0x2d ./Drivers/STM32F1xx_HAL_Driver/Src/stm32f1xx_hal_rcc.o
 .ARM.attributes
                0x000000000000025a       0x2d ./Drivers/STM32F1xx_HAL_Driver/Src/stm32f1xx_hal_rcc_ex.o
 .ARM.attributes
                0x0000000000000287       0x2d ./Drivers/STM32F1xx_HAL_Driver/Src/stm32f1xx_hal_spi.o
 .ARM.attributes
                0x00000000000002b4       0x2d ./Drivers/STM32F1xx_HAL_Driver/Src/stm32f1xx_hal_tim.o
 .ARM.attributes
                0x00000000000002e1       0x2d ./Drivers/STM32F1xx_HAL_Driver/Src/stm32f1xx_hal_tim_ex.o
 .ARM.attributes
                0x000000000000030e       0x2d ./Drivers/STM32F1xx_HAL_Driver/Src/stm32f1xx_hal_uart.o
 .ARM.attributes
                0x000000000000033b       0x2d ./raydio103/drivers/mcp23s17.o
 .ARM.attributes
                0x0000000000000368       0x2d ./raydio103/src/agc.o
 .ARM.attributes
                0x0000000000000395       0x2d ./raydio103/src/audio.o
 .ARM.attributes
                0x00000000000003c2       0x2d ./raydio103/src/dsp.o
 .ARM.attributes
                0x00000000000003ef       0x2d ./raydio103/src/fft.o
 .ARM.attributes
                0x000000000000041c       0x2d ./raydio103/src/fir.o
 .ARM.attributes
                0x0000000000000449       0x33 D:\raydio103\raydio103\Drivers\CMSIS\Lib\GCC\libarm_cortexM3l_math.a(arm_copy_q31.o)
 .ARM.attributes
                0x000000000000047c       0x33 D:\raydio103\raydio103\Drivers\CMSIS\Lib\GCC\libarm_cortexM3l_math.a(arm_cfft_q31.o)
 .ARM.attributes
                0x00000000000004af       0x21 D:\raydio103\raydio103\Drivers\CMSIS\Lib\GCC\libarm_cortexM3l_math.a(arm_bitreversal2.o)
 .ARM.attributes
                0x00000000000004d0       0x33 D:\raydio103\raydio103\Drivers\CMSIS\Lib\GCC\libarm_cortexM3l_math.a(arm_cfft_radix4_q31.o)
 .ARM.attributes
                0x0000000000000503       0x33 D:\raydio103\raydio103\Drivers\CMSIS\Lib\GCC\libarm_cortexM3l_math.a(arm_fir_init_q31.o)
 .ARM.attributes
                0x0000000000000536       0x33 D:\raydio103\raydio103\Drivers\CMSIS\Lib\GCC\libarm_cortexM3l_math.a(arm_fir_decimate_q31.o)
 .ARM.attributes
                0x0000000000000569       0x33 D:\raydio103\raydio103\Drivers\CMSIS\Lib\GCC\libarm_cortexM3l_math.a(arm_fir_decimate_init_q31.o)
 .ARM.attributes
                0x000000000000059c       0x33 D:\raydio103\raydio103\Drivers\CMSIS\Lib\GCC\libarm_cortexM3l_math.a(arm_cmplx_mag_q31.o)
 .ARM.attributes
                0x00000000000005cf       0x33 D:\raydio103\raydio103\Drivers\CMSIS\Lib\GCC\libarm_cortexM3l_math.a(arm_sqrt_q31.o)
 .ARM.attributes
                0x0000000000000602       0x33 D:\raydio103\raydio103\Drivers\CMSIS\Lib\GCC\libarm_cortexM3l_math.a(arm_sub_q31.o)
 .ARM.attributes
                0x0000000000000635       0x33 D:\raydio103\raydio103\Drivers\CMSIS\Lib\GCC\libarm_cortexM3l_math.a(arm_scale_q31.o)
 .ARM.attributes
                0x0000000000000668       0x33 D:\raydio103\raydio103\Drivers\CMSIS\Lib\GCC\libarm_cortexM3l_math.a(arm_mult_q31.o)
 .ARM.attributes
                0x000000000000069b       0x2d d:/st/stm32cubeide_1.6.1/stm32cubeide/plugins/com.st.stm32cube.ide.mcu.externaltools.gnu-tools-for-stm32.10.3-2021.10.win32_1.0.0.202111181127/tools/bin/../lib/gcc/arm-none-eabi/10.3.1/../../../../arm-none-eabi/lib/thumb/v7-m/nofp\libc_nano.a(lib_a-init.o)
 .ARM.attributes
                0x00000000000006c8       0x2d d:/st/stm32cubeide_1.6.1/stm32cubeide/plugins/com.st.stm32cube.ide.mcu.externaltools.gnu-tools-for-stm32.10.3-2021.10.win32_1.0.0.202111181127/tools/bin/../lib/gcc/arm-none-eabi/10.3.1/../../../../arm-none-eabi/lib/thumb/v7-m/nofp\libc_nano.a(lib_a-memset.o)
 .ARM.attributes
                0x00000000000006f5       0x1d d:/st/stm32cubeide_1.6.1/stm32cubeide/plugins/com.st.stm32cube.ide.mcu.externaltools.gnu-tools-for-stm32.10.3-2021.10.win32_1.0.0.202111181127/tools/bin/../lib/gcc/arm-none-eabi/10.3.1/thumb/v7-m/nofp\libgcc.a(_arm_muldf3.o)
 .ARM.attributes
                0x0000000000000712       0x1d d:/st/stm32cubeide_1.6.1/stm32cubeide/plugins/com.st.stm32cube.ide.mcu.externaltools.gnu-tools-for-stm32.10.3-2021.10.win32_1.0.0.202111181127/tools/bin/../lib/gcc/arm-none-eabi/10.3.1/thumb/v7-m/nofp\libgcc.a(_arm_addsubdf3.o)
 .ARM.attributes
                0x000000000000072f       0x1d d:/st/stm32cubeide_1.6.1/stm32cubeide/plugins/com.st.stm32cube.ide.mcu.externaltools.gnu-tools-for-stm32.10.3-2021.10.win32_1.0.0.202111181127/tools/bin/../lib/gcc/arm-none-eabi/10.3.1/thumb/v7-m/nofp\libgcc.a(_arm_truncdfsf2.o)
 .ARM.attributes
                0x000000000000074c       0x1d d:/st/stm32cubeide_1.6.1/stm32cubeide/plugins/com.st.stm32cube.ide.mcu.externaltools.gnu-tools-for-stm32.10.3-2021.10.win32_1.0.0.202111181127/tools/bin/../lib/gcc/arm-none-eabi/10.3.1/thumb/v7-m/nofp\libgcc.a(_arm_addsubsf3.o)
 .ARM.attributes
                0x0000000000000769       0x1d d:/st/stm32cubeide_1.6.1/stm32cubeide/plugins/com.st.stm32cube.ide.mcu.externaltools.gnu-tools-for-stm32.10.3-2021.10.win32_1.0.0.202111181127/tools/bin/../lib/gcc/arm-none-eabi/10.3.1/thumb/v7-m/nofp\libgcc.a(_arm_muldivsf3.o)
 .ARM.attributes
                0x0000000000000786       0x1d d:/st/stm32cubeide_1.6.1/stm32cubeide/plugins/com.st.stm32cube.ide.mcu.externaltools.gnu-tools-for-stm32.10.3-2021.10.win32_1.0.0.202111181127/tools/bin/../lib/gcc/arm-none-eabi/10.3.1/thumb/v7-m/nofp\libgcc.a(_arm_fixsfsi.o)
 .ARM.attributes
                0x00000000000007a3       0x1d d:/st/stm32cubeide_1.6.1/stm32cubeide/plugins/com.st.stm32cube.ide.mcu.externaltools.gnu-tools-for-stm32.10.3-2021.10.win32_1.0.0.202111181127/tools/bin/../lib/gcc/arm-none-eabi/10.3.1/thumb/v7-m/nofp/crtn.o
OUTPUT(raydio103.elf elf32-littlearm)
LOAD linker stubs
LOAD d:/st/stm32cubeide_1.6.1/stm32cubeide/plugins/com.st.stm32cube.ide.mcu.externaltools.gnu-tools-for-stm32.10.3-2021.10.win32_1.0.0.202111181127/tools/bin/../lib/gcc/arm-none-eabi/10.3.1/../../../../arm-none-eabi/lib/thumb/v7-m/nofp\libc.a
LOAD d:/st/stm32cubeide_1.6.1/stm32cubeide/plugins/com.st.stm32cube.ide.mcu.externaltools.gnu-tools-for-stm32.10.3-2021.10.win32_1.0.0.202111181127/tools/bin/../lib/gcc/arm-none-eabi/10.3.1/../../../../arm-none-eabi/lib/thumb/v7-m/nofp\libm.a
LOAD d:/st/stm32cubeide_1.6.1/stm32cubeide/plugins/com.st.stm32cube.ide.mcu.externaltools.gnu-tools-for-stm32.10.3-2021.10.win32_1.0.0.202111181127/tools/bin/../lib/gcc/arm-none-eabi/10.3.1/thumb/v7-m/nofp\libgcc.a

.debug_info     0x0000000000000000    0x1b305
 .debug_info    0x0000000000000000     0x2875 ./Core/Src/main.o
 .debug_info    0x0000000000002875     0x1b45 ./Core/Src/stm32f1xx_hal_msp.o
 .debug_info    0x00000000000043ba      0x6e0 ./Core/Src/stm32f1xx_it.o
 .debug_info    0x0000000000004a9a      0x24c ./Core/Src/system_stm32f1xx.o
 .debug_info    0x0000000000004ce6      0x808 ./Drivers/STM32F1xx_HAL_Driver/Src/stm32f1xx_hal.o
 .debug_info    0x00000000000054ee      0xf60 ./Drivers/STM32F1xx_HAL_Driver/Src/stm32f1xx_hal_adc.o
 .debug_info    0x000000000000644e      0xd6a ./Drivers/STM32F1xx_HAL_Driver/Src/stm32f1xx_hal_cortex.o
 .debug_info    0x00000000000071b8      0x856 ./Drivers/STM32F1xx_HAL_Driver/Src/stm32f1xx_hal_dma.o
 .debug_info    0x0000000000007a0e      0x66f ./Drivers/STM32F1xx_HAL_Driver/Src/stm32f1xx_hal_gpio.o
 .debug_info    0x000000000000807d     0x3b04 ./Drivers/STM32F1xx_HAL_Driver/Src/stm32f1xx_hal_i2c.o
 .debug_info    0x000000000000bb81      0xa89 ./Drivers/STM32F1xx_HAL_Driver/Src/stm32f1xx_hal_rcc.o
 .debug_info    0x000000000000c60a      0x43f ./Drivers/STM32F1xx_HAL_Driver/Src/stm32f1xx_hal_rcc_ex.o
 .debug_info    0x000000000000ca49     0x1dc9 ./Drivers/STM32F1xx_HAL_Driver/Src/stm32f1xx_hal_spi.o
 .debug_info    0x000000000000e812     0x40a9 ./Drivers/STM32F1xx_HAL_Driver/Src/stm32f1xx_hal_tim.o
 .debug_info    0x00000000000128bb     0x18f6 ./Drivers/STM32F1xx_HAL_Driver/Src/stm32f1xx_hal_tim_ex.o
 .debug_info    0x00000000000141b1     0x1d12 ./Drivers/STM32F1xx_HAL_Driver/Src/stm32f1xx_hal_uart.o
 .debug_info    0x0000000000015ec3      0xcb8 ./raydio103/drivers/mcp23s17.o
 .debug_info    0x0000000000016b7b      0x9f9 ./raydio103/src/agc.o
 .debug_info    0x0000000000017574      0x2a5 ./raydio103/src/audio.o
 .debug_info    0x0000000000017819     0x128b ./raydio103/src/dsp.o
 .debug_info    0x0000000000018aa4      0x341 ./raydio103/src/fft.o
 .debug_info    0x0000000000018de5      0x202 ./raydio103/src/fir.o
 .debug_info    0x0000000000018fe7      0x160 D:\raydio103\raydio103\Drivers\CMSIS\Lib\GCC\libarm_cortexM3l_math.a(arm_copy_q31.o)
 .debug_info    0x0000000000019147      0x591 D:\raydio103\raydio103\Drivers\CMSIS\Lib\GCC\libarm_cortexM3l_math.a(arm_cfft_q31.o)
 .debug_info    0x00000000000196d8       0x85 D:\raydio103\raydio103\Drivers\CMSIS\Lib\GCC\libarm_cortexM3l_math.a(arm_bitreversal2.o)
 .debug_info    0x000000000001975d      0x829 D:\raydio103\raydio103\Drivers\CMSIS\Lib\GCC\libarm_cortexM3l_math.a(arm_cfft_radix4_q31.o)
 .debug_info    0x0000000000019f86      0x1c7 D:\raydio103\raydio103\Drivers\CMSIS\Lib\GCC\libarm_cortexM3l_math.a(arm_fir_init_q31.o)
 .debug_info    0x000000000001a14d      0x28c D:\raydio103\raydio103\Drivers\CMSIS\Lib\GCC\libarm_cortexM3l_math.a(arm_fir_decimate_q31.o)
 .debug_info    0x000000000001a3d9      0x24d D:\raydio103\raydio103\Drivers\CMSIS\Lib\GCC\libarm_cortexM3l_math.a(arm_fir_decimate_init_q31.o)
 .debug_info    0x000000000001a626      0x300 D:\raydio103\raydio103\Drivers\CMSIS\Lib\GCC\libarm_cortexM3l_math.a(arm_cmplx_mag_q31.o)
 .debug_info    0x000000000001a926      0x1ec D:\raydio103\raydio103\Drivers\CMSIS\Lib\GCC\libarm_cortexM3l_math.a(arm_sqrt_q31.o)
 .debug_info    0x000000000001ab12      0x2fd D:\raydio103\raydio103\Drivers\CMSIS\Lib\GCC\libarm_cortexM3l_math.a(arm_sub_q31.o)
 .debug_info    0x000000000001ae0f      0x229 D:\raydio103\raydio103\Drivers\CMSIS\Lib\GCC\libarm_cortexM3l_math.a(arm_scale_q31.o)
 .debug_info    0x000000000001b038      0x2cd D:\raydio103\raydio103\Drivers\CMSIS\Lib\GCC\libarm_cortexM3l_math.a(arm_mult_q31.o)

.debug_abbrev   0x0000000000000000     0x437b
 .debug_abbrev  0x0000000000000000      0x37e ./Core/Src/main.o
 .debug_abbrev  0x000000000000037e      0x2b7 ./Core/Src/stm32f1xx_hal_msp.o
 .debug_abbrev  0x0000000000000635      0x1bf ./Core/Src/stm32f1xx_it.o
 .debug_abbrev  0x00000000000007f4      0x141 ./Core/Src/system_stm32f1xx.o
 .debug_abbrev  0x0000000000000935      0x277 ./Drivers/STM32F1xx_HAL_Driver/Src/stm32f1xx_hal.o
 .debug_abbrev  0x0000000000000bac      0x2f9 ./Drivers/STM32F1xx_HAL_Driver/Src/stm32f1xx_hal_adc.o
 .debug_abbrev  0x0000000000000ea5      0x352 ./Drivers/STM32F1xx_HAL_Driver/Src/stm32f1xx_hal_cortex.o
 .debug_abbrev  0x00000000000011f7      0x253 ./Drivers/STM32F1xx_HAL_Driver/Src/stm32f1xx_hal_dma.o
 .debug_abbrev  0x000000000000144a      0x1e7 ./Drivers/STM32F1xx_HAL_Driver/Src/stm32f1xx_hal_gpio.o
 .debug_abbrev  0x0000000000001631      0x43b ./Drivers/STM32F1xx_HAL_Driver/Src/stm32f1xx_hal_i2c.o
 .debug_abbrev  0x0000000000001a6c      0x2f5 ./Drivers/STM32F1xx_HAL_Driver/Src/stm32f1xx_hal_rcc.o
 .debug_abbrev  0x0000000000001d61      0x1d3 ./Drivers/STM32F1xx_HAL_Driver/Src/stm32f1xx_hal_rcc_ex.o
 .debug_abbrev  0x0000000000001f34      0x355 ./Drivers/STM32F1xx_HAL_Driver/Src/stm32f1xx_hal_spi.o
 .debug_abbrev  0x0000000000002289      0x375 ./Drivers/STM32F1xx_HAL_Driver/Src/stm32f1xx_hal_tim.o
 .debug_abbrev  0x00000000000025fe      0x2d1 ./Drivers/STM32F1xx_HAL_Driver/Src/stm32f1xx_hal_tim_ex.o
 .debug_abbrev  0x00000000000028cf      0x394 ./Drivers/STM32F1xx_HAL_Driver/Src/stm32f1xx_hal_uart.o
 .debug_abbrev  0x0000000000002c63      0x34f ./raydio103/drivers/mcp23s17.o
 .debug_abbrev  0x0000000000002fb2      0x2f2 ./raydio103/src/agc.o
 .debug_abbrev  0x00000000000032a4      0x109 ./raydio103/src/audio.o
 .debug_abbrev  0x00000000000033ad      0x358 ./raydio103/src/dsp.o
 .debug_abbrev  0x0000000000003705      0x14c ./raydio103/src/fft.o
 .debug_abbrev  0x0000000000003851      0x120 ./raydio103/src/fir.o
 .debug_abbrev  0x0000000000003971       0x94 D:\raydio103\raydio103\Drivers\CMSIS\Lib\GCC\libarm_cortexM3l_math.a(arm_copy_q31.o)
 .debug_abbrev  0x0000000000003a05      0x131 D:\raydio103\raydio103\Drivers\CMSIS\Lib\GCC\libarm_cortexM3l_math.a(arm_cfft_q31.o)
 .debug_abbrev  0x0000000000003b36       0x14 D:\raydio103\raydio103\Drivers\CMSIS\Lib\GCC\libarm_cortexM3l_math.a(arm_bitreversal2.o)
 .debug_abbrev  0x0000000000003b4a      0x157 D:\raydio103\raydio103\Drivers\CMSIS\Lib\GCC\libarm_cortexM3l_math.a(arm_cfft_radix4_q31.o)
 .debug_abbrev  0x0000000000003ca1       0xe8 D:\raydio103\raydio103\Drivers\CMSIS\Lib\GCC\libarm_cortexM3l_math.a(arm_fir_init_q31.o)
 .debug_abbrev  0x0000000000003d89       0xd7 D:\raydio103\raydio103\Drivers\CMSIS\Lib\GCC\libarm_cortexM3l_math.a(arm_fir_decimate_q31.o)
 .debug_abbrev  0x0000000000003e60      0x10f D:\raydio103\raydio103\Drivers\CMSIS\Lib\GCC\libarm_cortexM3l_math.a(arm_fir_decimate_init_q31.o)
 .debug_abbrev  0x0000000000003f6f       0xdb D:\raydio103\raydio103\Drivers\CMSIS\Lib\GCC\libarm_cortexM3l_math.a(arm_cmplx_mag_q31.o)
 .debug_abbrev  0x000000000000404a       0xd3 D:\raydio103\raydio103\Drivers\CMSIS\Lib\GCC\libarm_cortexM3l_math.a(arm_sqrt_q31.o)
 .debug_abbrev  0x000000000000411d      0x117 D:\raydio103\raydio103\Drivers\CMSIS\Lib\GCC\libarm_cortexM3l_math.a(arm_sub_q31.o)
 .debug_abbrev  0x0000000000004234       0xa1 D:\raydio103\raydio103\Drivers\CMSIS\Lib\GCC\libarm_cortexM3l_math.a(arm_scale_q31.o)
 .debug_abbrev  0x00000000000042d5       0xa6 D:\raydio103\raydio103\Drivers\CMSIS\Lib\GCC\libarm_cortexM3l_math.a(arm_mult_q31.o)

.debug_aranges  0x0000000000000000     0x10b8
 .debug_aranges
                0x0000000000000000       0x38 ./Core/Src/main.o
 .debug_aranges
                0x0000000000000038       0x78 ./Core/Src/stm32f1xx_hal_msp.o
 .debug_aranges
                0x00000000000000b0       0x78 ./Core/Src/stm32f1xx_it.o
 .debug_aranges
                0x0000000000000128       0x28 ./Core/Src/system_stm32f1xx.o
 .debug_aranges
                0x0000000000000150       0xd8 ./Drivers/STM32F1xx_HAL_Driver/Src/stm32f1xx_hal.o
 .debug_aranges
                0x0000000000000228       0xc8 ./Drivers/STM32F1xx_HAL_Driver/Src/stm32f1xx_hal_adc.o
 .debug_aranges
                0x00000000000002f0       0x90 ./Drivers/STM32F1xx_HAL_Driver/Src/stm32f1xx_hal_cortex.o
 .debug_aranges
                0x0000000000000380       0x78 ./Drivers/STM32F1xx_HAL_Driver/Src/stm32f1xx_hal_dma.o
 .debug_aranges
                0x00000000000003f8       0x58 ./Drivers/STM32F1xx_HAL_Driver/Src/stm32f1xx_hal_gpio.o
 .debug_aranges
                0x0000000000000450      0x1b8 ./Drivers/STM32F1xx_HAL_Driver/Src/stm32f1xx_hal_i2c.o
 .debug_aranges
                0x0000000000000608       0x88 ./Drivers/STM32F1xx_HAL_Driver/Src/stm32f1xx_hal_rcc.o
 .debug_aranges
                0x0000000000000690       0x30 ./Drivers/STM32F1xx_HAL_Driver/Src/stm32f1xx_hal_rcc_ex.o
 .debug_aranges
                0x00000000000006c0      0x188 ./Drivers/STM32F1xx_HAL_Driver/Src/stm32f1xx_hal_spi.o
 .debug_aranges
                0x0000000000000848      0x298 ./Drivers/STM32F1xx_HAL_Driver/Src/stm32f1xx_hal_tim.o
 .debug_aranges
                0x0000000000000ae0      0x118 ./Drivers/STM32F1xx_HAL_Driver/Src/stm32f1xx_hal_tim_ex.o
 .debug_aranges
                0x0000000000000bf8      0x1a0 ./Drivers/STM32F1xx_HAL_Driver/Src/stm32f1xx_hal_uart.o
 .debug_aranges
                0x0000000000000d98       0x78 ./raydio103/drivers/mcp23s17.o
 .debug_aranges
                0x0000000000000e10       0x40 ./raydio103/src/agc.o
 .debug_aranges
                0x0000000000000e50       0x20 ./raydio103/src/audio.o
 .debug_aranges
                0x0000000000000e70       0x58 ./raydio103/src/dsp.o
 .debug_aranges
                0x0000000000000ec8       0x28 ./raydio103/src/fft.o
 .debug_aranges
                0x0000000000000ef0       0x28 ./raydio103/src/fir.o
 .debug_aranges
                0x0000000000000f18       0x20 D:\raydio103\raydio103\Drivers\CMSIS\Lib\GCC\libarm_cortexM3l_math.a(arm_copy_q31.o)
 .debug_aranges
                0x0000000000000f38       0x30 D:\raydio103\raydio103\Drivers\CMSIS\Lib\GCC\libarm_cortexM3l_math.a(arm_cfft_q31.o)
 .debug_aranges
                0x0000000000000f68       0x20 D:\raydio103\raydio103\Drivers\CMSIS\Lib\GCC\libarm_cortexM3l_math.a(arm_bitreversal2.o)
 .debug_aranges
                0x0000000000000f88       0x30 D:\raydio103\raydio103\Drivers\CMSIS\Lib\GCC\libarm_cortexM3l_math.a(arm_cfft_radix4_q31.o)
 .debug_aranges
                0x0000000000000fb8       0x20 D:\raydio103\raydio103\Drivers\CMSIS\Lib\GCC\libarm_cortexM3l_math.a(arm_fir_init_q31.o)
 .debug_aranges
                0x0000000000000fd8       0x20 D:\raydio103\raydio103\Drivers\CMSIS\Lib\GCC\libarm_cortexM3l_math.a(arm_fir_decimate_q31.o)
 .debug_aranges
                0x0000000000000ff8       0x20 D:\raydio103\raydio103\Drivers\CMSIS\Lib\GCC\libarm_cortexM3l_math.a(arm_fir_decimate_init_q31.o)
 .debug_aranges
                0x0000000000001018       0x20 D:\raydio103\raydio103\Drivers\CMSIS\Lib\GCC\libarm_cortexM3l_math.a(arm_cmplx_mag_q31.o)
 .debug_aranges
                0x0000000000001038       0x20 D:\raydio103\raydio103\Drivers\CMSIS\Lib\GCC\libarm_cortexM3l_math.a(arm_sqrt_q31.o)
 .debug_aranges
                0x0000000000001058       0x20 D:\raydio103\raydio103\Drivers\CMSIS\Lib\GCC\libarm_cortexM3l_math.a(arm_sub_q31.o)
 .debug_aranges
                0x0000000000001078       0x20 D:\raydio103\raydio103\Drivers\CMSIS\Lib\GCC\libarm_cortexM3l_math.a(arm_scale_q31.o)
 .debug_aranges
                0x0000000000001098       0x20 D:\raydio103\raydio103\Drivers\CMSIS\Lib\GCC\libarm_cortexM3l_math.a(arm_mult_q31.o)

.debug_ranges   0x0000000000000000     0x1dd0
 .debug_ranges  0x0000000000000000      0x4f8 ./Core/Src/main.o
 .debug_ranges  0x00000000000004f8      0x218 ./Core/Src/stm32f1xx_hal_msp.o
 .debug_ranges  0x0000000000000710       0x68 ./Core/Src/stm32f1xx_it.o
 .debug_ranges  0x0000000000000778       0x18 ./Core/Src/system_stm32f1xx.o
 .debug_ranges  0x0000000000000790       0xc8 ./Drivers/STM32F1xx_HAL_Driver/Src/stm32f1xx_hal.o
 .debug_ranges  0x0000000000000858       0xb8 ./Drivers/STM32F1xx_HAL_Driver/Src/stm32f1xx_hal_adc.o
 .debug_ranges  0x0000000000000910      0x148 ./Drivers/STM32F1xx_HAL_Driver/Src/stm32f1xx_hal_cortex.o
 .debug_ranges  0x0000000000000a58       0x98 ./Drivers/STM32F1xx_HAL_Driver/Src/stm32f1xx_hal_dma.o
 .debug_ranges  0x0000000000000af0       0x68 ./Drivers/STM32F1xx_HAL_Driver/Src/stm32f1xx_hal_gpio.o
 .debug_ranges  0x0000000000000b58      0x510 ./Drivers/STM32F1xx_HAL_Driver/Src/stm32f1xx_hal_i2c.o
 .debug_ranges  0x0000000000001068       0xc0 ./Drivers/STM32F1xx_HAL_Driver/Src/stm32f1xx_hal_rcc.o
 .debug_ranges  0x0000000000001128       0x58 ./Drivers/STM32F1xx_HAL_Driver/Src/stm32f1xx_hal_rcc_ex.o
 .debug_ranges  0x0000000000001180      0x190 ./Drivers/STM32F1xx_HAL_Driver/Src/stm32f1xx_hal_spi.o
 .debug_ranges  0x0000000000001310      0x350 ./Drivers/STM32F1xx_HAL_Driver/Src/stm32f1xx_hal_tim.o
 .debug_ranges  0x0000000000001660      0x108 ./Drivers/STM32F1xx_HAL_Driver/Src/stm32f1xx_hal_tim_ex.o
 .debug_ranges  0x0000000000001768      0x1c8 ./Drivers/STM32F1xx_HAL_Driver/Src/stm32f1xx_hal_uart.o
 .debug_ranges  0x0000000000001930       0xb8 ./raydio103/drivers/mcp23s17.o
 .debug_ranges  0x00000000000019e8      0x140 ./raydio103/src/agc.o
 .debug_ranges  0x0000000000001b28       0x10 ./raydio103/src/audio.o
 .debug_ranges  0x0000000000001b38      0x120 ./raydio103/src/dsp.o
 .debug_ranges  0x0000000000001c58       0x18 ./raydio103/src/fft.o
 .debug_ranges  0x0000000000001c70       0x18 ./raydio103/src/fir.o
 .debug_ranges  0x0000000000001c88       0x10 D:\raydio103\raydio103\Drivers\CMSIS\Lib\GCC\libarm_cortexM3l_math.a(arm_copy_q31.o)
 .debug_ranges  0x0000000000001c98       0x20 D:\raydio103\raydio103\Drivers\CMSIS\Lib\GCC\libarm_cortexM3l_math.a(arm_cfft_q31.o)
 .debug_ranges  0x0000000000001cb8       0x20 D:\raydio103\raydio103\Drivers\CMSIS\Lib\GCC\libarm_cortexM3l_math.a(arm_cfft_radix4_q31.o)
 .debug_ranges  0x0000000000001cd8       0x10 D:\raydio103\raydio103\Drivers\CMSIS\Lib\GCC\libarm_cortexM3l_math.a(arm_fir_init_q31.o)
 .debug_ranges  0x0000000000001ce8       0x10 D:\raydio103\raydio103\Drivers\CMSIS\Lib\GCC\libarm_cortexM3l_math.a(arm_fir_decimate_q31.o)
 .debug_ranges  0x0000000000001cf8       0x10 D:\raydio103\raydio103\Drivers\CMSIS\Lib\GCC\libarm_cortexM3l_math.a(arm_fir_decimate_init_q31.o)
 .debug_ranges  0x0000000000001d08       0x10 D:\raydio103\raydio103\Drivers\CMSIS\Lib\GCC\libarm_cortexM3l_math.a(arm_cmplx_mag_q31.o)
 .debug_ranges  0x0000000000001d18       0x10 D:\raydio103\raydio103\Drivers\CMSIS\Lib\GCC\libarm_cortexM3l_math.a(arm_sqrt_q31.o)
 .debug_ranges  0x0000000000001d28       0x88 D:\raydio103\raydio103\Drivers\CMSIS\Lib\GCC\libarm_cortexM3l_math.a(arm_sub_q31.o)
 .debug_ranges  0x0000000000001db0       0x10 D:\raydio103\raydio103\Drivers\CMSIS\Lib\GCC\libarm_cortexM3l_math.a(arm_scale_q31.o)
 .debug_ranges  0x0000000000001dc0       0x10 D:\raydio103\raydio103\Drivers\CMSIS\Lib\GCC\libarm_cortexM3l_math.a(arm_mult_q31.o)

.debug_macro    0x0000000000000000    0x1ada4
 .debug_macro   0x0000000000000000      0x339 ./Core/Src/main.o
 .debug_macro   0x0000000000000339      0xa78 ./Core/Src/main.o
 .debug_macro   0x0000000000000db1      0x233 ./Core/Src/main.o
 .debug_macro   0x0000000000000fe4       0x2e ./Core/Src/main.o
 .debug_macro   0x0000000000001012       0x22 ./Core/Src/main.o
 .debug_macro   0x0000000000001034       0x22 ./Core/Src/main.o
 .debug_macro   0x0000000000001056       0x8e ./Core/Src/main.o
 .debug_macro   0x00000000000010e4       0x51 ./Core/Src/main.o
 .debug_macro   0x0000000000001135      0x103 ./Core/Src/main.o
 .debug_macro   0x0000000000001238       0x6a ./Core/Src/main.o
 .debug_macro   0x00000000000012a2      0x1df ./Core/Src/main.o
 .debug_macro   0x0000000000001481       0x1c ./Core/Src/main.o
 .debug_macro   0x000000000000149d       0x22 ./Core/Src/main.o
 .debug_macro   0x00000000000014bf       0xbd ./Core/Src/main.o
 .debug_macro   0x000000000000157c      0xd23 ./Core/Src/main.o
 .debug_macro   0x000000000000229f     0xe09e ./Core/Src/main.o
 .debug_macro   0x000000000001033d       0x6d ./Core/Src/main.o
 .debug_macro   0x00000000000103aa     0x3468 ./Core/Src/main.o
 .debug_macro   0x0000000000013812      0x174 ./Core/Src/main.o
 .debug_macro   0x0000000000013986       0x5c ./Core/Src/main.o
 .debug_macro   0x00000000000139e2      0x5be ./Core/Src/main.o
 .debug_macro   0x0000000000013fa0      0x289 ./Core/Src/main.o
 .debug_macro   0x0000000000014229      0x1cb ./Core/Src/main.o
 .debug_macro   0x00000000000143f4      0x114 ./Core/Src/main.o
 .debug_macro   0x0000000000014508      0x1b2 ./Core/Src/main.o
 .debug_macro   0x00000000000146ba       0x27 ./Core/Src/main.o
 .debug_macro   0x00000000000146e1      0x136 ./Core/Src/main.o
 .debug_macro   0x0000000000014817      0x1bc ./Core/Src/main.o
 .debug_macro   0x00000000000149d3       0x34 ./Core/Src/main.o
 .debug_macro   0x0000000000014a07       0x3c ./Core/Src/main.o
 .debug_macro   0x0000000000014a43       0x57 ./Core/Src/main.o
 .debug_macro   0x0000000000014a9a      0x46a ./Core/Src/main.o
 .debug_macro   0x0000000000014f04      0x1b5 ./Core/Src/main.o
 .debug_macro   0x00000000000150b9       0x88 ./Core/Src/main.o
 .debug_macro   0x0000000000015141      0x241 ./Core/Src/main.o
 .debug_macro   0x0000000000015382      0x287 ./Core/Src/main.o
 .debug_macro   0x0000000000015609      0x141 ./Core/Src/main.o
 .debug_macro   0x000000000001574a      0x217 ./Core/Src/main.o
 .debug_macro   0x0000000000015961      0x8d1 ./Core/Src/main.o
 .debug_macro   0x0000000000016232      0x279 ./Core/Src/main.o
 .debug_macro   0x00000000000164ab       0x83 ./Core/Src/main.o
 .debug_macro   0x000000000001652e       0xa0 ./Core/Src/main.o
 .debug_macro   0x00000000000165ce       0x22 ./Core/Src/main.o
 .debug_macro   0x00000000000165f0       0x19 ./Core/Src/main.o
 .debug_macro   0x0000000000016609       0x22 ./Core/Src/main.o
 .debug_macro   0x000000000001662b       0x12 ./Core/Src/main.o
 .debug_macro   0x000000000001663d       0x52 ./Core/Src/main.o
 .debug_macro   0x000000000001668f       0x18 ./Core/Src/main.o
 .debug_macro   0x00000000000166a7       0x3c ./Core/Src/main.o
 .debug_macro   0x00000000000166e3       0x34 ./Core/Src/main.o
 .debug_macro   0x0000000000016717       0x16 ./Core/Src/main.o
 .debug_macro   0x000000000001672d       0x43 ./Core/Src/main.o
 .debug_macro   0x0000000000016770       0x34 ./Core/Src/main.o
 .debug_macro   0x00000000000167a4       0x10 ./Core/Src/main.o
 .debug_macro   0x00000000000167b4       0x58 ./Core/Src/main.o
 .debug_macro   0x000000000001680c       0x71 ./Core/Src/main.o
 .debug_macro   0x000000000001687d       0x1c ./Core/Src/main.o
 .debug_macro   0x0000000000016899      0x12a ./Core/Src/main.o
 .debug_macro   0x00000000000169c3      0x341 ./Core/Src/main.o
 .debug_macro   0x0000000000016d04       0x10 ./Core/Src/main.o
 .debug_macro   0x0000000000016d14       0x35 ./Core/Src/main.o
 .debug_macro   0x0000000000016d49       0x20 ./Core/Src/main.o
 .debug_macro   0x0000000000016d69      0x19b ./Core/Src/main.o
 .debug_macro   0x0000000000016f04       0xd6 ./Core/Src/main.o
 .debug_macro   0x0000000000016fda       0x64 ./Core/Src/main.o
 .debug_macro   0x000000000001703e       0x10 ./Core/Src/main.o
 .debug_macro   0x000000000001704e       0xe2 ./Core/Src/main.o
 .debug_macro   0x0000000000017130       0x16 ./Core/Src/main.o
 .debug_macro   0x0000000000017146      0x1da ./Core/Src/stm32f1xx_hal_msp.o
 .debug_macro   0x0000000000017320      0x1e4 ./Core/Src/stm32f1xx_it.o
 .debug_macro   0x0000000000017504      0x1cb ./Core/Src/system_stm32f1xx.o
 .debug_macro   0x00000000000176cf      0x1ef ./Drivers/STM32F1xx_HAL_Driver/Src/stm32f1xx_hal.o
 .debug_macro   0x00000000000178be      0x1e8 ./Drivers/STM32F1xx_HAL_Driver/Src/stm32f1xx_hal_adc.o
 .debug_macro   0x0000000000017aa6      0x1cb ./Drivers/STM32F1xx_HAL_Driver/Src/stm32f1xx_hal_cortex.o
 .debug_macro   0x0000000000017c71      0x1cb ./Drivers/STM32F1xx_HAL_Driver/Src/stm32f1xx_hal_dma.o
 .debug_macro   0x0000000000017e3c      0x236 ./Drivers/STM32F1xx_HAL_Driver/Src/stm32f1xx_hal_gpio.o
 .debug_macro   0x0000000000018072      0x212 ./Drivers/STM32F1xx_HAL_Driver/Src/stm32f1xx_hal_i2c.o
 .debug_macro   0x0000000000018284      0x1dd ./Drivers/STM32F1xx_HAL_Driver/Src/stm32f1xx_hal_rcc.o
 .debug_macro   0x0000000000018461      0x1cb ./Drivers/STM32F1xx_HAL_Driver/Src/stm32f1xx_hal_rcc_ex.o
 .debug_macro   0x000000000001862c      0x1d3 ./Drivers/STM32F1xx_HAL_Driver/Src/stm32f1xx_hal_spi.o
 .debug_macro   0x00000000000187ff      0x1cc ./Drivers/STM32F1xx_HAL_Driver/Src/stm32f1xx_hal_tim.o
 .debug_macro   0x00000000000189cb      0x1cb ./Drivers/STM32F1xx_HAL_Driver/Src/stm32f1xx_hal_tim_ex.o
 .debug_macro   0x0000000000018b96      0x1cc ./Drivers/STM32F1xx_HAL_Driver/Src/stm32f1xx_hal_uart.o
 .debug_macro   0x0000000000018d62      0x1ec ./raydio103/drivers/mcp23s17.o
 .debug_macro   0x0000000000018f4e       0xdc ./raydio103/drivers/mcp23s17.o
 .debug_macro   0x000000000001902a       0xa6 ./raydio103/drivers/mcp23s17.o
 .debug_macro   0x00000000000190d0      0x307 ./raydio103/src/agc.o
 .debug_macro   0x00000000000193d7      0xd41 ./raydio103/src/agc.o
 .debug_macro   0x000000000001a118       0x56 ./raydio103/src/agc.o
 .debug_macro   0x000000000001a16e      0x308 ./raydio103/src/audio.o
 .debug_macro   0x000000000001a476      0x324 ./raydio103/src/dsp.o
 .debug_macro   0x000000000001a79a      0x300 ./raydio103/src/fft.o
 .debug_macro   0x000000000001aa9a      0x30a ./raydio103/src/fir.o

.debug_line     0x0000000000000000    0x1f04d
 .debug_line    0x0000000000000000     0x12e3 ./Core/Src/main.o
 .debug_line    0x00000000000012e3      0xc40 ./Core/Src/stm32f1xx_hal_msp.o
 .debug_line    0x0000000000001f23      0x80b ./Core/Src/stm32f1xx_it.o
 .debug_line    0x000000000000272e      0x75c ./Core/Src/system_stm32f1xx.o
 .debug_line    0x0000000000002e8a      0x9f5 ./Drivers/STM32F1xx_HAL_Driver/Src/stm32f1xx_hal.o
 .debug_line    0x000000000000387f     0x1397 ./Drivers/STM32F1xx_HAL_Driver/Src/stm32f1xx_hal_adc.o
 .debug_line    0x0000000000004c16      0xb96 ./Drivers/STM32F1xx_HAL_Driver/Src/stm32f1xx_hal_cortex.o
 .debug_line    0x00000000000057ac      0xf01 ./Drivers/STM32F1xx_HAL_Driver/Src/stm32f1xx_hal_dma.o
 .debug_line    0x00000000000066ad      0xa99 ./Drivers/STM32F1xx_HAL_Driver/Src/stm32f1xx_hal_gpio.o
 .debug_line    0x0000000000007146     0x5dab ./Drivers/STM32F1xx_HAL_Driver/Src/stm32f1xx_hal_i2c.o
 .debug_line    0x000000000000cef1     0x10d3 ./Drivers/STM32F1xx_HAL_Driver/Src/stm32f1xx_hal_rcc.o
 .debug_line    0x000000000000dfc4      0x98a ./Drivers/STM32F1xx_HAL_Driver/Src/stm32f1xx_hal_rcc_ex.o
 .debug_line    0x000000000000e94e     0x27f9 ./Drivers/STM32F1xx_HAL_Driver/Src/stm32f1xx_hal_spi.o
 .debug_line    0x0000000000011147     0x44f7 ./Drivers/STM32F1xx_HAL_Driver/Src/stm32f1xx_hal_tim.o
 .debug_line    0x000000000001563e     0x1994 ./Drivers/STM32F1xx_HAL_Driver/Src/stm32f1xx_hal_tim_ex.o
 .debug_line    0x0000000000016fd2     0x2528 ./Drivers/STM32F1xx_HAL_Driver/Src/stm32f1xx_hal_uart.o
 .debug_line    0x00000000000194fa      0x9a0 ./raydio103/drivers/mcp23s17.o
 .debug_line    0x0000000000019e9a      0xd61 ./raydio103/src/agc.o
 .debug_line    0x000000000001abfb      0x8ea ./raydio103/src/audio.o
 .debug_line    0x000000000001b4e5      0xbc3 ./raydio103/src/dsp.o
 .debug_line    0x000000000001c0a8      0x8db ./raydio103/src/fft.o
 .debug_line    0x000000000001c983      0x8df ./raydio103/src/fir.o
 .debug_line    0x000000000001d262      0x15d D:\raydio103\raydio103\Drivers\CMSIS\Lib\GCC\libarm_cortexM3l_math.a(arm_copy_q31.o)
 .debug_line    0x000000000001d3bf      0x378 D:\raydio103\raydio103\Drivers\CMSIS\Lib\GCC\libarm_cortexM3l_math.a(arm_cfft_q31.o)
 .debug_line    0x000000000001d737       0x98 D:\raydio103\raydio103\Drivers\CMSIS\Lib\GCC\libarm_cortexM3l_math.a(arm_bitreversal2.o)
 .debug_line    0x000000000001d7cf      0xbe8 D:\raydio103\raydio103\Drivers\CMSIS\Lib\GCC\libarm_cortexM3l_math.a(arm_cfft_radix4_q31.o)
 .debug_line    0x000000000001e3b7      0x14b D:\raydio103\raydio103\Drivers\CMSIS\Lib\GCC\libarm_cortexM3l_math.a(arm_fir_init_q31.o)
 .debug_line    0x000000000001e502      0x1d4 D:\raydio103\raydio103\Drivers\CMSIS\Lib\GCC\libarm_cortexM3l_math.a(arm_fir_decimate_q31.o)
 .debug_line    0x000000000001e6d6      0x160 D:\raydio103\raydio103\Drivers\CMSIS\Lib\GCC\libarm_cortexM3l_math.a(arm_fir_decimate_init_q31.o)
 .debug_line    0x000000000001e836      0x192 D:\raydio103\raydio103\Drivers\CMSIS\Lib\GCC\libarm_cortexM3l_math.a(arm_cmplx_mag_q31.o)
 .debug_line    0x000000000001e9c8      0x177 D:\raydio103\raydio103\Drivers\CMSIS\Lib\GCC\libarm_cortexM3l_math.a(arm_sqrt_q31.o)
 .debug_line    0x000000000001eb3f      0x1c8 D:\raydio103\raydio103\Drivers\CMSIS\Lib\GCC\libarm_cortexM3l_math.a(arm_sub_q31.o)
 .debug_line    0x000000000001ed07      0x1c7 D:\raydio103\raydio103\Drivers\CMSIS\Lib\GCC\libarm_cortexM3l_math.a(arm_scale_q31.o)
 .debug_line    0x000000000001eece      0x17f D:\raydio103\raydio103\Drivers\CMSIS\Lib\GCC\libarm_cortexM3l_math.a(arm_mult_q31.o)

.debug_str      0x0000000000000000    0x94796
 .debug_str     0x0000000000000000    0x8ff7c ./Core/Src/main.o
                                      0x90511 (size before relaxing)
 .debug_str     0x000000000008ff7c      0x174 ./Core/Src/stm32f1xx_hal_msp.o
                                      0x8bd61 (size before relaxing)
 .debug_str     0x00000000000900f0      0x166 ./Core/Src/stm32f1xx_it.o
                                      0x8b14b (size before relaxing)
 .debug_str     0x0000000000090256       0x7e ./Core/Src/system_stm32f1xx.o
                                      0x8a9f6 (size before relaxing)
 .debug_str     0x00000000000902d4      0x37a ./Drivers/STM32F1xx_HAL_Driver/Src/stm32f1xx_hal.o
                                      0x8b129 (size before relaxing)
 .debug_str     0x000000000009064e      0x391 ./Drivers/STM32F1xx_HAL_Driver/Src/stm32f1xx_hal_adc.o
                                      0x8b0d3 (size before relaxing)
 .debug_str     0x00000000000909df      0x294 ./Drivers/STM32F1xx_HAL_Driver/Src/stm32f1xx_hal_cortex.o
                                      0x8b075 (size before relaxing)
 .debug_str     0x0000000000090c73      0x1e7 ./Drivers/STM32F1xx_HAL_Driver/Src/stm32f1xx_hal_dma.o
                                      0x8ad9f (size before relaxing)
 .debug_str     0x0000000000090e5a      0x2e1 ./Drivers/STM32F1xx_HAL_Driver/Src/stm32f1xx_hal_gpio.o
                                      0x8ad7c (size before relaxing)
 .debug_str     0x000000000009113b      0xb44 ./Drivers/STM32F1xx_HAL_Driver/Src/stm32f1xx_hal_i2c.o
                                      0x8ba6a (size before relaxing)
 .debug_str     0x0000000000091c7f      0x209 ./Drivers/STM32F1xx_HAL_Driver/Src/stm32f1xx_hal_rcc.o
                                      0x8ae25 (size before relaxing)
 .debug_str     0x0000000000091e88       0x84 ./Drivers/STM32F1xx_HAL_Driver/Src/stm32f1xx_hal_rcc_ex.o
                                      0x8ab75 (size before relaxing)
 .debug_str     0x0000000000091f0c      0x521 ./Drivers/STM32F1xx_HAL_Driver/Src/stm32f1xx_hal_spi.o
                                      0x8b322 (size before relaxing)
 .debug_str     0x000000000009242d      0xcf6 ./Drivers/STM32F1xx_HAL_Driver/Src/stm32f1xx_hal_tim.o
                                      0x8be10 (size before relaxing)
 .debug_str     0x0000000000093123      0x3e1 ./Drivers/STM32F1xx_HAL_Driver/Src/stm32f1xx_hal_tim_ex.o
                                      0x8b62c (size before relaxing)
 .debug_str     0x0000000000093504      0x5bc ./Drivers/STM32F1xx_HAL_Driver/Src/stm32f1xx_hal_uart.o
                                      0x8b430 (size before relaxing)
 .debug_str     0x0000000000093ac0      0x123 ./raydio103/drivers/mcp23s17.o
                                      0x8b4f5 (size before relaxing)
 .debug_str     0x0000000000093be3      0x247 ./raydio103/src/agc.o
                                      0x8eace (size before relaxing)
 .debug_str     0x0000000000093e2a       0x56 ./raydio103/src/audio.o
                                      0x8eb6a (size before relaxing)
 .debug_str     0x0000000000093e80      0x27a ./raydio103/src/dsp.o
                                      0x8f5a6 (size before relaxing)
 .debug_str     0x00000000000940fa       0xa3 ./raydio103/src/fft.o
                                      0x8e970 (size before relaxing)
 .debug_str     0x000000000009419d       0x66 ./raydio103/src/fir.o
                                      0x8eba7 (size before relaxing)
 .debug_str     0x0000000000094203      0x119 D:\raydio103\raydio103\Drivers\CMSIS\Lib\GCC\libarm_cortexM3l_math.a(arm_copy_q31.o)
                                        0x1fe (size before relaxing)
 .debug_str     0x000000000009431c       0xe4 D:\raydio103\raydio103\Drivers\CMSIS\Lib\GCC\libarm_cortexM3l_math.a(arm_cfft_q31.o)
                                        0x317 (size before relaxing)
 .debug_str     0x0000000000094400       0xf4 D:\raydio103\raydio103\Drivers\CMSIS\Lib\GCC\libarm_cortexM3l_math.a(arm_cfft_radix4_q31.o)
                                        0x35f (size before relaxing)
 .debug_str     0x00000000000944f4       0x29 D:\raydio103\raydio103\Drivers\CMSIS\Lib\GCC\libarm_cortexM3l_math.a(arm_fir_init_q31.o)
                                        0x23e (size before relaxing)
 .debug_str     0x000000000009451d       0x52 D:\raydio103\raydio103\Drivers\CMSIS\Lib\GCC\libarm_cortexM3l_math.a(arm_fir_decimate_q31.o)
                                        0x2a8 (size before relaxing)
 .debug_str     0x000000000009456f       0x32 D:\raydio103\raydio103\Drivers\CMSIS\Lib\GCC\libarm_cortexM3l_math.a(arm_fir_decimate_init_q31.o)
                                        0x30b (size before relaxing)
 .debug_str     0x00000000000945a1       0x98 D:\raydio103\raydio103\Drivers\CMSIS\Lib\GCC\libarm_cortexM3l_math.a(arm_cmplx_mag_q31.o)
                                        0x31f (size before relaxing)
 .debug_str     0x0000000000094639       0x79 D:\raydio103\raydio103\Drivers\CMSIS\Lib\GCC\libarm_cortexM3l_math.a(arm_sqrt_q31.o)
                                        0x2e1 (size before relaxing)
 .debug_str     0x00000000000946b2       0x6f D:\raydio103\raydio103\Drivers\CMSIS\Lib\GCC\libarm_cortexM3l_math.a(arm_sub_q31.o)
                                        0x25c (size before relaxing)
 .debug_str     0x0000000000094721       0x43 D:\raydio103\raydio103\Drivers\CMSIS\Lib\GCC\libarm_cortexM3l_math.a(arm_scale_q31.o)
                                        0x25b (size before relaxing)
 .debug_str     0x0000000000094764       0x32 D:\raydio103\raydio103\Drivers\CMSIS\Lib\GCC\libarm_cortexM3l_math.a(arm_mult_q31.o)
                                        0x268 (size before relaxing)

.comment        0x0000000000000000       0xc0
 .comment       0x0000000000000000       0x50 ./Core/Src/main.o
                                         0x51 (size before relaxing)
 .comment       0x0000000000000050       0x51 ./Core/Src/stm32f1xx_hal_msp.o
 .comment       0x0000000000000050       0x51 ./Core/Src/stm32f1xx_it.o
 .comment       0x0000000000000050       0x51 ./Core/Src/system_stm32f1xx.o
 .comment       0x0000000000000050       0x51 ./Drivers/STM32F1xx_HAL_Driver/Src/stm32f1xx_hal.o
 .comment       0x0000000000000050       0x51 ./Drivers/STM32F1xx_HAL_Driver/Src/stm32f1xx_hal_adc.o
 .comment       0x0000000000000050       0x51 ./Drivers/STM32F1xx_HAL_Driver/Src/stm32f1xx_hal_cortex.o
 .comment       0x0000000000000050       0x51 ./Drivers/STM32F1xx_HAL_Driver/Src/stm32f1xx_hal_dma.o
 .comment       0x0000000000000050       0x51 ./Drivers/STM32F1xx_HAL_Driver/Src/stm32f1xx_hal_gpio.o
 .comment       0x0000000000000050       0x51 ./Drivers/STM32F1xx_HAL_Driver/Src/stm32f1xx_hal_i2c.o
 .comment       0x0000000000000050       0x51 ./Drivers/STM32F1xx_HAL_Driver/Src/stm32f1xx_hal_rcc.o
 .comment       0x0000000000000050       0x51 ./Drivers/STM32F1xx_HAL_Driver/Src/stm32f1xx_hal_rcc_ex.o
 .comment       0x0000000000000050       0x51 ./Drivers/STM32F1xx_HAL_Driver/Src/stm32f1xx_hal_spi.o
 .comment       0x0000000000000050       0x51 ./Drivers/STM32F1xx_HAL_Driver/Src/stm32f1xx_hal_tim.o
 .comment       0x0000000000000050       0x51 ./Drivers/STM32F1xx_HAL_Driver/Src/stm32f1xx_hal_tim_ex.o
 .comment       0x0000000000000050       0x51 ./Drivers/STM32F1xx_HAL_Driver/Src/stm32f1xx_hal_uart.o
 .comment       0x0000000000000050       0x51 ./raydio103/drivers/mcp23s17.o
 .comment       0x0000000000000050       0x51 ./raydio103/src/agc.o
 .comment       0x0000000000000050       0x51 ./raydio103/src/audio.o
 .comment       0x0000000000000050       0x51 ./raydio103/src/dsp.o
 .comment       0x0000000000000050       0x51 ./raydio103/src/fft.o
 .comment       0x0000000000000050       0x51 ./raydio103/src/fir.o
 .comment       0x0000000000000050       0x70 D:\raydio103\raydio103\Drivers\CMSIS\Lib\GCC\libarm_cortexM3l_math.a(arm_copy_q31.o)
                                         0x71 (size before relaxing)
 .comment       0x00000000000000c0       0x71 D:\raydio103\raydio103\Drivers\CMSIS\Lib\GCC\libarm_cortexM3l_math.a(arm_cfft_q31.o)
 .comment       0x00000000000000c0       0x71 D:\raydio103\raydio103\Drivers\CMSIS\Lib\GCC\libarm_cortexM3l_math.a(arm_cfft_radix4_q31.o)
 .comment       0x00000000000000c0       0x71 D:\raydio103\raydio103\Drivers\CMSIS\Lib\GCC\libarm_cortexM3l_math.a(arm_fir_init_q31.o)
 .comment       0x00000000000000c0       0x71 D:\raydio103\raydio103\Drivers\CMSIS\Lib\GCC\libarm_cortexM3l_math.a(arm_fir_decimate_q31.o)
 .comment       0x00000000000000c0       0x71 D:\raydio103\raydio103\Drivers\CMSIS\Lib\GCC\libarm_cortexM3l_math.a(arm_fir_decimate_init_q31.o)
 .comment       0x00000000000000c0       0x71 D:\raydio103\raydio103\Drivers\CMSIS\Lib\GCC\libarm_cortexM3l_math.a(arm_cmplx_mag_q31.o)
 .comment       0x00000000000000c0       0x71 D:\raydio103\raydio103\Drivers\CMSIS\Lib\GCC\libarm_cortexM3l_math.a(arm_sqrt_q31.o)
 .comment       0x00000000000000c0       0x71 D:\raydio103\raydio103\Drivers\CMSIS\Lib\GCC\libarm_cortexM3l_math.a(arm_sub_q31.o)
 .comment       0x00000000000000c0       0x71 D:\raydio103\raydio103\Drivers\CMSIS\Lib\GCC\libarm_cortexM3l_math.a(arm_scale_q31.o)
 .comment       0x00000000000000c0       0x71 D:\raydio103\raydio103\Drivers\CMSIS\Lib\GCC\libarm_cortexM3l_math.a(arm_mult_q31.o)

.debug_frame    0x0000000000000000     0x354c
 .debug_frame   0x0000000000000000       0x6c ./Core/Src/main.o
 .debug_frame   0x000000000000006c      0x184 ./Core/Src/stm32f1xx_hal_msp.o
 .debug_frame   0x00000000000001f0       0xf0 ./Core/Src/stm32f1xx_it.o
 .debug_frame   0x00000000000002e0       0x30 ./Core/Src/system_stm32f1xx.o
 .debug_frame   0x0000000000000310      0x1d4 ./Drivers/STM32F1xx_HAL_Driver/Src/stm32f1xx_hal.o
 .debug_frame   0x00000000000004e4      0x298 ./Drivers/STM32F1xx_HAL_Driver/Src/stm32f1xx_hal_adc.o
 .debug_frame   0x000000000000077c      0x120 ./Drivers/STM32F1xx_HAL_Driver/Src/stm32f1xx_hal_cortex.o
 .debug_frame   0x000000000000089c      0x13c ./Drivers/STM32F1xx_HAL_Driver/Src/stm32f1xx_hal_dma.o