../Core/Src/main.c:659:13:MX_GPIO_Init	64	static
../Core/Src/main.c:629:13:MX_DMA_Init	16	static
../Core/Src/main.c:98:6:everythingElse	72	static
../Core/Src/main.c:709:6:Error_Handler	0	static,ignoring_inline_asm
../Core/Src/main.c:269:13:MX_ADC1_Init	24	static
../Core/Src/main.c:444:13:MX_TIM1_Init	96	static
../Core/Src/main.c:406:13:MX_SPI1_Init	8	static
../Core/Src/main.c:598:13:MX_USART1_UART_Init	8	static
../Core/Src/main.c:533:13:MX_TIM2_Init	80	static
../Core/Src/main.c:325:13:MX_ADC2_Init	24	static
../Core/Src/main.c:372:13:MX_I2C2_Init	8	static
../Core/Src/main.c:222:6:SystemClock_Config	88	static
../Core/Src/main.c:152:5:main	8	static
