../Core/Src/main.c:688:13:MX_GPIO_Init	64	static
../Core/Src/main.c:658:13:MX_DMA_Init	16	static
../Core/Src/main.c:98:6:everythingElse	72	static
../Core/Src/main.c:745:6:Error_Handler	0	static,ignoring_inline_asm
../Core/Src/main.c:298:13:MX_ADC1_Init	24	static
../Core/Src/main.c:473:13:MX_TIM1_Init	96	static
../Core/Src/main.c:435:13:MX_SPI1_Init	8	static
../Core/Src/main.c:627:13:MX_USART1_UART_Init	8	static
../Core/Src/main.c:562:13:MX_TIM2_Init	80	static
../Core/Src/main.c:354:13:MX_ADC2_Init	24	static
../Core/Src/main.c:401:13:MX_I2C2_Init	8	static
../Core/Src/main.c:251:6:SystemClock_Config	88	static
../Core/Src/main.c:153:5:main	8	static
