../Core/Src/ST7920_SERIAL.c:24:6:delay_us	16	static
../Core/Src/ST7920_SERIAL.c:34:6:SendByteSPI	16	static
../Core/Src/ST7920_SERIAL.c:39:6:ST7920_SendCmd	16	static
../Core/Src/ST7920_SERIAL.c:53:6:ST7920_SendData	16	static
../Core/Src/ST7920_SERIAL.c:65:6:ST7920_SendString	24	static
../Core/Src/ST7920_SERIAL.c:95:6:ST7920_GraphicMode	16	static
../Core/Src/ST7920_SERIAL.c:116:6:ST7920_DrawBitmap	24	static
../Core/Src/ST7920_SERIAL.c:167:6:GLCD_Buf_Clear	16	static
../Core/Src/ST7920_SERIAL.c:174:6:ST7920_Update	8	static
../Core/Src/ST7920_SERIAL.c:179:6:ST7920_Clear	16	static
../Core/Src/ST7920_SERIAL.c:212:6:ST7920_Init	8	static
../Core/Src/ST7920_SERIAL.c:245:6:SetPixel	16	static
../Core/Src/ST7920_SERIAL.c:260:6:ClearPixel	16	static
../Core/Src/ST7920_SERIAL.c:275:6:TogglePixel	16	static
../Core/Src/ST7920_SERIAL.c:289:6:DrawLine	48	static
../Core/Src/ST7920_SERIAL.c:320:6:DrawRectangle	24	static
../Core/Src/ST7920_SERIAL.c:351:6:DrawFilledRectangle	32	static
../Core/Src/ST7920_SERIAL.c:383:6:DrawCircle	40	static
../Core/Src/ST7920_SERIAL.c:420:6:DrawFilledCircle	40	static
../Core/Src/ST7920_SERIAL.c:453:6:ClearFilledCircle	40	static
../Core/Src/ST7920_SERIAL.c:486:6:DrawTriangle	24	static
../Core/Src/ST7920_SERIAL.c:495:6:DrawFilledTriangle	56	static
../Core/Src/ST7920_SERIAL.c:556:6:ClearLine	48	static
../Core/Src/ST7920_SERIAL.c:583:6:ToggleLine	48	static
../Core/Src/ST7920_SERIAL.c:610:6:GLCD_Font_Print	24	static
../Core/Src/ST7920_SERIAL.c:628:6:GLCD_ICON_Print	24	static
../Core/Src/ST7920_SERIAL.c:640:6:ToggleRectangle	32	static
../Core/Src/ST7920_SERIAL.c:669:6:GLCD_Test	4	static
