../Core/Src/stm32f1xx_hal_msp.c:74:6:HAL_MspInit	8	static
../Core/Src/stm32f1xx_hal_msp.c:100:6:HAL_ADC_MspInit	32	static
../Core/Src/stm32f1xx_hal_msp.c:155:6:HAL_ADC_MspDeInit	8	static
../Core/Src/stm32f1xx_hal_msp.c:191:6:HAL_I2C_MspInit	32	static
../Core/Src/stm32f1xx_hal_msp.c:225:6:HAL_I2C_MspDeInit	8	static
../Core/Src/stm32f1xx_hal_msp.c:256:6:HAL_SPI_MspInit	48	static
../Core/Src/stm32f1xx_hal_msp.c:315:6:HAL_SPI_MspDeInit	8	static
../Core/Src/stm32f1xx_hal_msp.c:347:6:HAL_TIM_Base_MspInit	16	static
../Core/Src/stm32f1xx_hal_msp.c:428:6:HAL_TIM_MspPostInit	32	static
../Core/Src/stm32f1xx_hal_msp.c:460:6:HAL_TIM_Base_MspDeInit	8	static
../Core/Src/stm32f1xx_hal_msp.c:500:6:HAL_UART_MspInit	40	static
../Core/Src/stm32f1xx_hal_msp.c:544:6:HAL_UART_MspDeInit	8	static
