../Core/Src/stm32f1xx_hal_msp.c:74:6:HAL_MspInit	8	static
../Core/Src/stm32f1xx_hal_msp.c:100:6:HAL_ADC_MspInit	32	static
../Core/Src/stm32f1xx_hal_msp.c:155:6:HAL_ADC_MspDeInit	8	static
../Core/Src/stm32f1xx_hal_msp.c:191:6:HAL_CRC_MspInit	8	static
../Core/Src/stm32f1xx_hal_msp.c:213:6:HAL_CRC_MspDeInit	0	static
../Core/Src/stm32f1xx_hal_msp.c:235:6:HAL_I2C_MspInit	32	static
../Core/Src/stm32f1xx_hal_msp.c:269:6:HAL_I2C_MspDeInit	8	static
../Core/Src/stm32f1xx_hal_msp.c:300:6:HAL_RTC_MspInit	16	static
../Core/Src/stm32f1xx_hal_msp.c:325:6:HAL_RTC_MspDeInit	0	static
../Core/Src/stm32f1xx_hal_msp.c:347:6:HAL_SPI_MspInit	48	static
../Core/Src/stm32f1xx_hal_msp.c:406:6:HAL_SPI_MspDeInit	8	static
../Core/Src/stm32f1xx_hal_msp.c:438:6:HAL_TIM_Base_MspInit	16	static
../Core/Src/stm32f1xx_hal_msp.c:519:6:HAL_TIM_MspPostInit	32	static
../Core/Src/stm32f1xx_hal_msp.c:551:6:HAL_TIM_Base_MspDeInit	8	static
../Core/Src/stm32f1xx_hal_msp.c:591:6:HAL_UART_MspInit	40	static
../Core/Src/stm32f1xx_hal_msp.c:635:6:HAL_UART_MspDeInit	8	static
