../Core/Src/stm32f1xx_hal_msp.c:74:6:HAL_MspInit	8	static
../Core/Src/stm32f1xx_hal_msp.c:100:6:HAL_ADC_MspInit	40	static
../Core/Src/stm32f1xx_hal_msp.c:176:6:HAL_ADC_MspDeInit	8	static
../Core/Src/stm32f1xx_hal_msp.c:230:6:HAL_I2C_MspInit	32	static
../Core/Src/stm32f1xx_hal_msp.c:264:6:HAL_I2C_MspDeInit	8	static
../Core/Src/stm32f1xx_hal_msp.c:295:6:HAL_SPI_MspInit	48	static
../Core/Src/stm32f1xx_hal_msp.c:354:6:HAL_SPI_MspDeInit	8	static
../Core/Src/stm32f1xx_hal_msp.c:386:6:HAL_TIM_Base_MspInit	16	static
../Core/Src/stm32f1xx_hal_msp.c:467:6:HAL_TIM_MspPostInit	32	static
../Core/Src/stm32f1xx_hal_msp.c:499:6:HAL_TIM_Base_MspDeInit	8	static
../Core/Src/stm32f1xx_hal_msp.c:539:6:HAL_UART_MspInit	40	static
../Core/Src/stm32f1xx_hal_msp.c:583:6:HAL_UART_MspDeInit	8	static
