../Core/Src/stm32f1xx_hal_msp.c:68:6:HAL_MspInit	8	static
../Core/Src/stm32f1xx_hal_msp.c:94:6:HAL_ADC_MspInit	32	static
../Core/Src/stm32f1xx_hal_msp.c:144:6:HAL_ADC_MspDeInit	8	static
../Core/Src/stm32f1xx_hal_msp.c:175:6:HAL_SPI_MspInit	32	static
../Core/Src/stm32f1xx_hal_msp.c:209:6:HAL_SPI_MspDeInit	8	static
../Core/Src/stm32f1xx_hal_msp.c:238:6:HAL_TIM_Base_MspInit	16	static
../Core/Src/stm32f1xx_hal_msp.c:283:6:HAL_TIM_MspPostInit	32	static
../Core/Src/stm32f1xx_hal_msp.c:313:6:HAL_TIM_Base_MspDeInit	8	static
