../raydio103/drivers/u8g/mui.c:490:9:mui_task_draw	8	static
../raydio103/drivers/u8g/mui.c:497:9:mui_task_form_start	8	static
../raydio103/drivers/u8g/mui.c:503:9:mui_task_form_end	8	static
../raydio103/drivers/u8g/mui.c:510:16:mui_uif_is_cursor_selectable	0	static
../raydio103/drivers/u8g/mui.c:519:9:mui_task_find_prev_cursor_uif	8	static
../raydio103/drivers/u8g/mui.c:534:9:mui_task_find_first_cursor_uif	8	static
../raydio103/drivers/u8g/mui.c:548:9:mui_task_find_last_cursor_uif	8	static
../raydio103/drivers/u8g/mui.c:559:9:mui_task_find_next_cursor_uif	8	static
../raydio103/drivers/u8g/mui.c:578:9:mui_task_get_current_cursor_focus_position	8	static
../raydio103/drivers/u8g/mui.c:602:9:mui_task_find_execute_on_select_field	0	static
../raydio103/drivers/u8g/mui.c:87:9:mui_get_fds_char	0	static
../raydio103/drivers/u8g/mui.c:98:15:mui_fds_get_cmd_size_without_text	8	static
../raydio103/drivers/u8g/mui.c:128:15:mui_fds_parse_text	24	static
../raydio103/drivers/u8g/mui.c:276:15:mui_fds_get_cmd_size	16	static
../raydio103/drivers/u8g/mui.c:194:9:mui_fds_next_token	16	static
../raydio103/drivers/u8g/mui.c:182:9:mui_fds_first_token	16	static
../raydio103/drivers/u8g/mui.c:232:9:mui_fds_get_nth_token	16	static
../raydio103/drivers/u8g/mui.c:251:9:mui_fds_get_token_cnt	16	static
../raydio103/drivers/u8g/mui.c:293:6:mui_Init	24	static
../raydio103/drivers/u8g/mui.c:303:5:mui_find_uif	8	static
../raydio103/drivers/u8g/mui.c:329:16:mui_prepare_current_field	16	static
../raydio103/drivers/u8g/mui.c:421:13:mui_inner_loop_over_form	16	static
../raydio103/drivers/u8g/mui.c:448:13:mui_loop_over_form	8	static
../raydio103/drivers/u8g/mui.c:616:16:mui_send_cursor_msg	16	static
../raydio103/drivers/u8g/mui.c:715:16:mui_send_cursor_enter_msg	8	static
../raydio103/drivers/u8g/mui.c:463:8:mui_find_form	16	static
../raydio103/drivers/u8g/mui.c:590:9:mui_task_read_nth_selectable_field	8	static
../raydio103/drivers/u8g/mui.c:639:9:mui_GetCurrentCursorFocusPosition	8	static
../raydio103/drivers/u8g/mui.c:649:6:mui_Draw	8	static
../raydio103/drivers/u8g/mui.c:654:6:mui_next_field	8	static
../raydio103/drivers/u8g/mui.c:678:9:mui_GetSelectableFieldTextOption	16	static
../raydio103/drivers/u8g/mui.c:695:9:mui_GetSelectableFieldOptionCnt	16	static
../raydio103/drivers/u8g/mui.c:768:6:mui_LeaveForm	16	static
../raydio103/drivers/u8g/mui.c:796:6:mui_SaveForm	8	static
../raydio103/drivers/u8g/mui.c:818:6:mui_SaveCursorPosition	16	static
../raydio103/drivers/u8g/mui.c:851:5:mui_GetCurrentFormId	8	static
../raydio103/drivers/u8g/mui.c:864:6:mui_NextField	8	static
../raydio103/drivers/u8g/mui.c:725:6:mui_EnterForm	16	static
../raydio103/drivers/u8g/mui.c:786:9:mui_GotoForm	16	static
../raydio103/drivers/u8g/mui.c:809:6:mui_RestoreForm	8	static
../raydio103/drivers/u8g/mui.c:837:9:mui_GotoFormAutoCursorPosition	8	static
../raydio103/drivers/u8g/mui.c:881:6:mui_PrevField	8	static
../raydio103/drivers/u8g/mui.c:901:6:mui_SendSelect	8	static
../raydio103/drivers/u8g/mui.c:910:6:mui_SendSelectWithExecuteOnSelectFieldSearch	16	static
../raydio103/drivers/u8g/mui.c:929:6:mui_SendValueIncrement	8	static
../raydio103/drivers/u8g/mui.c:934:6:mui_SendValueDecrement	8	static
