../raydio103/drivers/u8g/u8x8_d_ssd1320.c:79:17:u8x8_ssd1320_8to32	8	static
../raydio103/drivers/u8g/u8x8_d_ssd1320.c:185:17:u8x8_ssd1320_8to32_2	8	static
../raydio103/drivers/u8g/u8x8_d_ssd1320.c:108:9:u8x8_d_ssd1320_common	32	static
../raydio103/drivers/u8g/u8x8_d_ssd1320.c:214:9:u8x8_d_ssd1320_common_2	32	static
../raydio103/drivers/u8g/u8x8_d_ssd1320.c:370:9:u8x8_d_ssd1320_160x32	8	static
../raydio103/drivers/u8g/u8x8_d_ssd1320.c:574:9:u8x8_d_ssd1320_160x132	8	static
../raydio103/drivers/u8g/u8x8_d_ssd1320.c:690:9:u8x8_d_ssd1320_160x80	16	static
