../raydio103/src/dsp.c:94:6:dspInit	16	static
../raydio103/src/dsp.c:104:6:dspStart	8	static
../raydio103/src/dsp.c:157:6:dspPrepareInput	8	static
../raydio103/src/dsp.c:171:6:dspPrepareOutput	4	static
../raydio103/src/dsp.c:187:7:softClip	32	dynamic
../raydio103/src/dsp.c:220:6:dspProc	16	static
../raydio103/src/dsp.c:290:6:HAL_ADC_ConvHalfCpltCallback	0	static
../raydio103/src/dsp.c:295:6:HAL_ADC_ConvCpltCallback	0	static
../raydio103/src/dsp.c:301:6:HAL_TIM_PWM_PulseFinishedHalfCpltCallback	8	static
../raydio103/src/dsp.c:315:6:HAL_TIM_PWM_PulseFinishedCallback	8	static
