../raydio103/src/dsp.c:83:6:dspInit	24	static
../raydio103/src/dsp.c:103:6:dspStart	8	static
../raydio103/src/dsp.c:142:48:dspPrepareInput	8	static
../raydio103/src/dsp.c:153:48:dspPrepareOutput	4	static
../raydio103/src/dsp.c:182:10:getTimeDiff	0	static
../raydio103/src/dsp.c:187:6:setTime	0	static
../raydio103/src/dsp.c:202:6:dspProc	8	static
../raydio103/src/dsp.c:276:6:HAL_ADC_ConvHalfCpltCallback	8	static
../raydio103/src/dsp.c:284:6:HAL_ADC_ConvCpltCallback	8	static
../raydio103/src/dsp.c:291:6:HAL_TIM_PWM_PulseFinishedHalfCpltCallback	0	static
../raydio103/src/dsp.c:296:6:HAL_TIM_PWM_PulseFinishedCallback	0	static
